Archive member included to satisfy reference by file (symbol)

c:/program files (x86)/atmel/studio/7.0/toolchain/arm/arm-gnu-toolchain/bin/../lib/gcc/arm-none-eabi/6.3.1/../../../../arm-none-eabi/lib/thumb/v7e-m\libc_nano.a(lib_a-exit.o)
                              c:/program files (x86)/atmel/studio/7.0/toolchain/arm/arm-gnu-toolchain/bin/../lib/gcc/arm-none-eabi/6.3.1/../../../../arm-none-eabi/lib/thumb/v7e-m/crt0.o (exit)
c:/program files (x86)/atmel/studio/7.0/toolchain/arm/arm-gnu-toolchain/bin/../lib/gcc/arm-none-eabi/6.3.1/../../../../arm-none-eabi/lib/thumb/v7e-m\libc_nano.a(lib_a-impure.o)
                              c:/program files (x86)/atmel/studio/7.0/toolchain/arm/arm-gnu-toolchain/bin/../lib/gcc/arm-none-eabi/6.3.1/../../../../arm-none-eabi/lib/thumb/v7e-m\libc_nano.a(lib_a-exit.o) (_global_impure_ptr)
c:/program files (x86)/atmel/studio/7.0/toolchain/arm/arm-gnu-toolchain/bin/../lib/gcc/arm-none-eabi/6.3.1/../../../../arm-none-eabi/lib/thumb/v7e-m\libc_nano.a(lib_a-init.o)
                              c:/program files (x86)/atmel/studio/7.0/toolchain/arm/arm-gnu-toolchain/bin/../lib/gcc/arm-none-eabi/6.3.1/../../../../arm-none-eabi/lib/thumb/v7e-m/crt0.o (__libc_init_array)
c:/program files (x86)/atmel/studio/7.0/toolchain/arm/arm-gnu-toolchain/bin/../lib/gcc/arm-none-eabi/6.3.1/../../../../arm-none-eabi/lib/thumb/v7e-m\libc_nano.a(lib_a-memcpy-stub.o)
                              hpl/usbhs/hpl_usbhs.o (memcpy)
c:/program files (x86)/atmel/studio/7.0/toolchain/arm/arm-gnu-toolchain/bin/../lib/gcc/arm-none-eabi/6.3.1/../../../../arm-none-eabi/lib/thumb/v7e-m\libc_nano.a(lib_a-memset.o)
                              c:/program files (x86)/atmel/studio/7.0/toolchain/arm/arm-gnu-toolchain/bin/../lib/gcc/arm-none-eabi/6.3.1/../../../../arm-none-eabi/lib/thumb/v7e-m/crt0.o (memset)
c:/program files (x86)/atmel/studio/7.0/toolchain/arm/arm-gnu-toolchain/bin/../lib/gcc/arm-none-eabi/6.3.1/../../../../arm-none-eabi/lib/thumb/v7e-m\libc_nano.a(lib_a-printf.o)
                              hal/utils/src/utils_syscalls.o (printf)
c:/program files (x86)/atmel/studio/7.0/toolchain/arm/arm-gnu-toolchain/bin/../lib/gcc/arm-none-eabi/6.3.1/../../../../arm-none-eabi/lib/thumb/v7e-m\libc_nano.a(lib_a-findfp.o)
                              c:/program files (x86)/atmel/studio/7.0/toolchain/arm/arm-gnu-toolchain/bin/../lib/gcc/arm-none-eabi/6.3.1/../../../../arm-none-eabi/lib/thumb/v7e-m\libc_nano.a(lib_a-printf.o) (__sinit)
c:/program files (x86)/atmel/studio/7.0/toolchain/arm/arm-gnu-toolchain/bin/../lib/gcc/arm-none-eabi/6.3.1/../../../../arm-none-eabi/lib/thumb/v7e-m\libc_nano.a(lib_a-fwalk.o)
                              c:/program files (x86)/atmel/studio/7.0/toolchain/arm/arm-gnu-toolchain/bin/../lib/gcc/arm-none-eabi/6.3.1/../../../../arm-none-eabi/lib/thumb/v7e-m\libc_nano.a(lib_a-findfp.o) (_fwalk)
c:/program files (x86)/atmel/studio/7.0/toolchain/arm/arm-gnu-toolchain/bin/../lib/gcc/arm-none-eabi/6.3.1/../../../../arm-none-eabi/lib/thumb/v7e-m\libc_nano.a(lib_a-nano-mallocr.o)
                              c:/program files (x86)/atmel/studio/7.0/toolchain/arm/arm-gnu-toolchain/bin/../lib/gcc/arm-none-eabi/6.3.1/../../../../arm-none-eabi/lib/thumb/v7e-m\libc_nano.a(lib_a-findfp.o) (_malloc_r)
c:/program files (x86)/atmel/studio/7.0/toolchain/arm/arm-gnu-toolchain/bin/../lib/gcc/arm-none-eabi/6.3.1/../../../../arm-none-eabi/lib/thumb/v7e-m\libc_nano.a(lib_a-nano-vfprintf.o)
                              c:/program files (x86)/atmel/studio/7.0/toolchain/arm/arm-gnu-toolchain/bin/../lib/gcc/arm-none-eabi/6.3.1/../../../../arm-none-eabi/lib/thumb/v7e-m\libc_nano.a(lib_a-printf.o) (_vfprintf_r)
c:/program files (x86)/atmel/studio/7.0/toolchain/arm/arm-gnu-toolchain/bin/../lib/gcc/arm-none-eabi/6.3.1/../../../../arm-none-eabi/lib/thumb/v7e-m\libc_nano.a(lib_a-nano-vfprintf_i.o)
                              c:/program files (x86)/atmel/studio/7.0/toolchain/arm/arm-gnu-toolchain/bin/../lib/gcc/arm-none-eabi/6.3.1/../../../../arm-none-eabi/lib/thumb/v7e-m\libc_nano.a(lib_a-nano-vfprintf.o) (_printf_i)
c:/program files (x86)/atmel/studio/7.0/toolchain/arm/arm-gnu-toolchain/bin/../lib/gcc/arm-none-eabi/6.3.1/../../../../arm-none-eabi/lib/thumb/v7e-m\libc_nano.a(lib_a-sbrkr.o)
                              c:/program files (x86)/atmel/studio/7.0/toolchain/arm/arm-gnu-toolchain/bin/../lib/gcc/arm-none-eabi/6.3.1/../../../../arm-none-eabi/lib/thumb/v7e-m\libc_nano.a(lib_a-nano-mallocr.o) (_sbrk_r)
c:/program files (x86)/atmel/studio/7.0/toolchain/arm/arm-gnu-toolchain/bin/../lib/gcc/arm-none-eabi/6.3.1/../../../../arm-none-eabi/lib/thumb/v7e-m\libc_nano.a(lib_a-stdio.o)
                              c:/program files (x86)/atmel/studio/7.0/toolchain/arm/arm-gnu-toolchain/bin/../lib/gcc/arm-none-eabi/6.3.1/../../../../arm-none-eabi/lib/thumb/v7e-m\libc_nano.a(lib_a-findfp.o) (__sread)
[...]
Memory Configuration

Name             Origin             Length             Attributes
rom              0x00400000         0x00200000         xr
ram              0x20400000         0x00060000         xrw
*default*        0x00000000         0xffffffff

Linker script and memory map

LOAD c:/program files (x86)/atmel/studio/7.0/toolchain/arm/arm-gnu-toolchain/bin/../lib/gcc/arm-none-eabi/6.3.1/thumb/v7e-m/crti.o
LOAD c:/program files (x86)/atmel/studio/7.0/toolchain/arm/arm-gnu-toolchain/bin/../lib/gcc/arm-none-eabi/6.3.1/thumb/v7e-m/crtbegin.o
LOAD c:/program files (x86)/atmel/studio/7.0/toolchain/arm/arm-gnu-toolchain/bin/../lib/gcc/arm-none-eabi/6.3.1/../../../../arm-none-eabi/lib/thumb/v7e-m/crt0.o
LOAD atmel_start.o
LOAD Device_Startup/startup_samv71q21b.o
LOAD Device_Startup/system_samv71q21b.o
LOAD driver_init.o
LOAD examples/driver_examples.o
LOAD hal/src/hal_atomic.o
LOAD hal/src/hal_delay.o
LOAD hal/src/hal_ext_irq.o
LOAD hal/src/hal_gpio.o
LOAD hal/src/hal_init.o
LOAD hal/src/hal_io.o
LOAD hal/src/hal_sleep.o
LOAD hal/src/hal_usb_device.o
LOAD hal/utils/src/utils_assert.o
LOAD hal/utils/src/utils_event.o
LOAD hal/utils/src/utils_list.o
LOAD hal/utils/src/utils_syscalls.o
LOAD hpl/core/hpl_core_m7_base.o
LOAD hpl/core/hpl_init.o
LOAD hpl/pio/hpl_pio_ext.o
LOAD hpl/pmc/hpl_pmc.o
LOAD hpl/pmc/hpl_sleep.o
LOAD hpl/systick/hpl_systick_ARMv7_base.o
LOAD hpl/tc/tc_lite.o
LOAD hpl/usbhs/hpl_usbhs.o
LOAD hpl/xdmac/hpl_xdmac.o
LOAD main.o
START GROUP
LOAD c:/program files (x86)/atmel/studio/7.0/toolchain/arm/arm-gnu-toolchain/bin/../lib/gcc/arm-none-eabi/6.3.1/../../../../arm-none-eabi/lib/thumb/v7e-m\libm.a
END GROUP
START GROUP
LOAD c:/program files (x86)/atmel/studio/7.0/toolchain/arm/arm-gnu-toolchain/bin/../lib/gcc/arm-none-eabi/6.3.1/thumb/v7e-m\libgcc.a
LOAD c:/program files (x86)/atmel/studio/7.0/toolchain/arm/arm-gnu-toolchain/bin/../lib/gcc/arm-none-eabi/6.3.1/../../../../arm-none-eabi/lib/thumb/v7e-m\libc_nano.a
END GROUP
START GROUP
LOAD c:/program files (x86)/atmel/studio/7.0/toolchain/arm/arm-gnu-toolchain/bin/../lib/gcc/arm-none-eabi/6.3.1/thumb/v7e-m\libgcc.a
LOAD c:/program files (x86)/atmel/studio/7.0/toolchain/arm/arm-gnu-toolchain/bin/../lib/gcc/arm-none-eabi/6.3.1/../../../../arm-none-eabi/lib/thumb/v7e-m\libc_nano.a
END GROUP
LOAD c:/program files (x86)/atmel/studio/7.0/toolchain/arm/arm-gnu-toolchain/bin/../lib/gcc/arm-none-eabi/6.3.1/thumb/v7e-m/crtend.o
LOAD c:/program files (x86)/atmel/studio/7.0/toolchain/arm/arm-gnu-toolchain/bin/../lib/gcc/arm-none-eabi/6.3.1/thumb/v7e-m/crtn.o
                0x00000400                STACK_SIZE = DEFINED (STACK_SIZE)?STACK_SIZE:DEFINED (__stack_size__)?__stack_size__:0x400
                0x00000200                HEAP_SIZE = DEFINED (HEAP_SIZE)?HEAP_SIZE:DEFINED (__heap_size__)?__heap_size__:0x200

.text           0x00400000     0x15a8
                0x00400000                . = ALIGN (0x4)
                0x00400000                _sfixed = .
 *(.vectors .vectors.*)
 .vectors       0x00400000      0x168 Device_Startup/startup_samv71q21b.o
                0x00400000                exception_table
 *(.text .text.* .gnu.linkonce.t.*)
 .text          0x00400168       0x6c c:/program files (x86)/atmel/studio/7.0/toolchain/arm/arm-gnu-toolchain/bin/../lib/gcc/arm-none-eabi/6.3.1/thumb/v7e-m/crtbegin.o
 .text.atmel_start_init
                0x004001d4        0xc atmel_start.o
                0x004001d4                atmel_start_init
 .text.Dummy_Handler
                0x004001e0        0x2 Device_Startup/startup_samv71q21b.o
                0x004001e0                DACC_Handler
                0x004001e0                SVCall_Handler
                0x004001e0                UART3_Handler
                0x004001e0                UART2_Handler
                0x004001e0                TRNG_Handler
                0x004001e0                HardFault_Handler
                0x004001e0                TC2_Handler
                0x004001e0                SysTick_Handler
                0x004001e0                AFEC1_Handler
                0x004001e0                PendSV_Handler
                0x004001e0                TC7_Handler
                0x004001e0                QSPI_Handler
                0x004001e0                NonMaskableInt_Handler
                0x004001e0                ISI_Handler
                0x004001e0                MCAN0_INT0_Handler
                0x004001e0                TC9_Handler
                0x004001e0                RSWDT_Handler
                0x004001e0                USART0_Handler
                0x004001e0                RTT_Handler
                0x004001e0                IXC_Handler
                0x004001e0                CCF_Handler
                0x004001e0                PIOB_Handler
                0x004001e0                RTC_Handler
                0x004001e0                UsageFault_Handler
                0x004001e0                TC6_Handler
                0x004001e0                WDT_Handler
                0x004001e0                MCAN1_INT1_Handler
                0x004001e0                TC4_Handler
                0x004001e0                TC1_Handler
                0x004001e0                HSMCI_Handler
                0x004001e0                UART1_Handler
                0x004001e0                TC3_Handler
                0x004001e0                Dummy_Handler
                0x004001e0                TWIHS1_Handler
                0x004001e0                XDMAC_Handler
                0x004001e0                UART4_Handler
                0x004001e0                PWM1_Handler
                0x004001e0                USART1_Handler
                0x004001e0                PWM0_Handler
                0x004001e0                AFEC0_Handler
                0x004001e0                CCW_Handler
                0x004001e0                SSC_Handler
                0x004001e0                TC11_Handler
                0x004001e0                ACC_Handler
                0x004001e0                PMC_Handler
                0x004001e0                GMAC_Handler
                0x004001e0                MCAN0_INT1_Handler
                0x004001e0                GMAC_Q5_Handler
                0x004001e0                SUPC_Handler
                0x004001e0                TC8_Handler
                0x004001e0                MCAN1_INT0_Handler
                0x004001e0                EFC_Handler
                0x004001e0                GMAC_Q1_Handler
                0x004001e0                USART2_Handler
                0x004001e0                SDRAMC_Handler
                0x004001e0                GMAC_Q2_Handler
                0x004001e0                PIOE_Handler
                0x004001e0                SPI1_Handler
                0x004001e0                TC10_Handler
                0x004001e0                GMAC_Q3_Handler
                0x004001e0                PIOD_Handler
                0x004001e0                TWIHS2_Handler
                0x004001e0                MLB_Handler
                0x004001e0                I2SC0_Handler
                0x004001e0                UART0_Handler
                0x004001e0                I2SC1_Handler
                0x004001e0                PIOC_Handler
                0x004001e0                GMAC_Q4_Handler
                0x004001e0                FPU_Handler
                0x004001e0                BusFault_Handler
                0x004001e0                RSTC_Handler
                0x004001e0                TC0_Handler
                0x004001e0                MemoryManagement_Handler
                0x004001e0                DebugMonitor_Handler
                0x004001e0                TC5_Handler
                0x004001e0                ICM_Handler
                0x004001e0                AES_Handler
                0x004001e0                TWIHS0_Handler
                0x004001e0                SPI0_Handler
 *fill*         0x004001e2        0x2 
 .text.Reset_Handler
                0x004001e4       0x68 Device_Startup/startup_samv71q21b.o
                0x004001e4                Reset_Handler
 .text.TIMER_0_PORT_init
                0x0040024c       0x20 driver_init.o
                0x0040024c                TIMER_0_PORT_init
 .text.TIMER_0_CLOCK_init
                0x0040026c       0x48 driver_init.o
                0x0040026c                TIMER_0_CLOCK_init
 .text.delay_driver_init
                0x004002b4       0x14 driver_init.o
                0x004002b4                delay_driver_init
 .text.USB_0_CLOCK_init
                0x004002c8       0x1c driver_init.o
                0x004002c8                USB_0_CLOCK_init
 .text.USB_0_init
                0x004002e4       0x14 driver_init.o
                0x004002e4                USB_0_init
 .text.system_init
                0x004002f8       0x54 driver_init.o
                0x004002f8                system_init
 .text.atomic_enter_critical
                0x0040034c        0xe hal/src/hal_atomic.o
                0x0040034c                atomic_enter_critical
 .text.atomic_leave_critical
                0x0040035a        0xc hal/src/hal_atomic.o
                0x0040035a                atomic_leave_critical
 *fill*         0x00400366        0x2 
 .text.delay_init
                0x00400368       0x14 hal/src/hal_delay.o
                0x00400368                delay_init
 .text.process_ext_irq
                0x0040037c       0x44 hal/src/hal_ext_irq.o
 .text.ext_irq_init
                0x004003c0       0x34 hal/src/hal_ext_irq.o
                0x004003c0                ext_irq_init
 .text._usb_d_find_ep
                0x004003f4       0x58 hal/src/hal_usb_device.o
 .text.usb_d_dummy_cb_false
                0x0040044c        0x4 hal/src/hal_usb_device.o
 .text.usb_d_cb_trans_more
                0x00400450       0x34 hal/src/hal_usb_device.o
 .text._usb_d_cb_trans_done
                0x00400484      0x140 hal/src/hal_usb_device.o
 .text.usb_d_cb_trans_setup
                0x004005c4       0x8c hal/src/hal_usb_device.o
 .text.usb_d_init
                0x00400650       0x6c hal/src/hal_usb_device.o
                0x00400650                usb_d_init
 .text.assert   0x004006bc        0x6 hal/utils/src/utils_assert.o
                0x004006bc                assert
 *fill*         0x004006c2        0x2 
 .text._init_chip
                0x004006c4       0x54 hpl/core/hpl_init.o
                0x004006c4                _init_chip
 .text._ffs     0x00400718       0x30 hpl/pio/hpl_pio_ext.o
 .text._ext_irq_handler
                0x00400748       0x94 hpl/pio/hpl_pio_ext.o
 .text._pio_get_hardware_index
                0x004007dc       0x28 hpl/pio/hpl_pio_ext.o
 .text._pio_get_index
                0x00400804       0x4c hpl/pio/hpl_pio_ext.o
 .text._pio_init
                0x00400850       0xc8 hpl/pio/hpl_pio_ext.o
 .text.PIOA_Handler
                0x00400918        0xc hpl/pio/hpl_pio_ext.o
                0x00400918                PIOA_Handler
 .text._ext_irq_init
                0x00400924       0x20 hpl/pio/hpl_pio_ext.o
                0x00400924                _ext_irq_init
 .text._pmc_init_sources
                0x00400944       0x50 hpl/pmc/hpl_pmc.o
 .text._pmc_init_master_clock
                0x00400994       0x4c hpl/pmc/hpl_pmc.o
 .text._pmc_init
                0x004009e0       0x14 hpl/pmc/hpl_pmc.o
                0x004009e0                _pmc_init
 .text._system_time_init
                0x004009f4       0x14 hpl/systick/hpl_systick_ARMv7_base.o
                0x004009f4                _system_time_init
 .text._delay_init
                0x00400a08        0xc hpl/systick/hpl_systick_ARMv7_base.o
                0x00400a08                _delay_init
 .text.TIMER_0_init
                0x00400a14       0x28 hpl/tc/tc_lite.o
                0x00400a14                TIMER_0_init
 .text.start_timer
                0x00400a3c        0xc hpl/tc/tc_lite.o
                0x00400a3c                start_timer
 .text.stop_timer
                0x00400a48        0xc hpl/tc/tc_lite.o
                0x00400a48                stop_timer
 .text._dummy_func_no_return
                0x00400a54        0x2 hpl/usbhs/hpl_usbhs.o
 .text._dummy_func_return_false
                0x00400a56        0x4 hpl/usbhs/hpl_usbhs.o
 *fill*         0x00400a5a        0x2 
 .text._usb_d_dev_handle_setup
                0x00400a5c       0x78 hpl/usbhs/hpl_usbhs.o
 .text._usb_d_dev_trans_done
                0x00400ad4       0x2c hpl/usbhs/hpl_usbhs.o
 .text._usb_d_dev_reset_epts
                0x00400b00       0x64 hpl/usbhs/hpl_usbhs.o
 .text._usb_d_dev_handle_stall
                0x00400b64       0x24 hpl/usbhs/hpl_usbhs.o
 .text._usb_d_dev_dma_next
                0x00400b88       0xe8 hpl/usbhs/hpl_usbhs.o
 .text._usb_d_dev_trans_stop
                0x00400c70       0x40 hpl/usbhs/hpl_usbhs.o
 .text._usb_d_dev_handle_overflow
                0x00400cb0       0x28 hpl/usbhs/hpl_usbhs.o
 .text._usb_d_dev_in_next
                0x00400cd8      0x114 hpl/usbhs/hpl_usbhs.o
 .text._usb_d_dev_out_next
                0x00400dec       0xdc hpl/usbhs/hpl_usbhs.o
 .text.USBHS_Handler
                0x00400ec8      0x200 hpl/usbhs/hpl_usbhs.o
                0x00400ec8                USBHS_Handler
 .text._usb_d_dev_init
                0x004010c8       0x50 hpl/usbhs/hpl_usbhs.o
                0x004010c8                _usb_d_dev_init
 .text._usb_d_dev_ep_stall
                0x00401118      0x138 hpl/usbhs/hpl_usbhs.o
                0x00401118                _usb_d_dev_ep_stall
 .text._usb_d_dev_ep_read_req
                0x00401250       0x80 hpl/usbhs/hpl_usbhs.o
                0x00401250                _usb_d_dev_ep_read_req
 .text._usb_d_dev_ep_trans
                0x004012d0      0x170 hpl/usbhs/hpl_usbhs.o
                0x004012d0                _usb_d_dev_ep_trans
 .text._usb_d_dev_register_ep_callback
                0x00401440       0x30 hpl/usbhs/hpl_usbhs.o
                0x00401440                _usb_d_dev_register_ep_callback
 .text.read_trig_channel
                0x00401470       0x24 main.o
                0x00401470                read_trig_channel
 .text.main     0x00401494       0x44 main.o
                0x00401494                main
 .text.__libc_init_array
                0x004014d8       0x48 c:/program files (x86)/atmel/studio/7.0/toolchain/arm/arm-gnu-toolchain/bin/../lib/gcc/arm-none-eabi/6.3.1/../../../../arm-none-eabi/lib/thumb/v7e-m\libc_nano.a(lib_a-init.o)
                0x004014d8                __libc_init_array
 .text.memcpy   0x00401520       0x16 c:/program files (x86)/atmel/studio/7.0/toolchain/arm/arm-gnu-toolchain/bin/../lib/gcc/arm-none-eabi/6.3.1/../../../../arm-none-eabi/lib/thumb/v7e-m\libc_nano.a(lib_a-memcpy-stub.o)
                0x00401520                memcpy
 .text.memset   0x00401536       0x10 c:/program files (x86)/atmel/studio/7.0/toolchain/arm/arm-gnu-toolchain/bin/../lib/gcc/arm-none-eabi/6.3.1/../../../../arm-none-eabi/lib/thumb/v7e-m\libc_nano.a(lib_a-memset.o)
                0x00401536                memset
 *(.glue_7t)
 .glue_7t       0x00401546        0x0 linker stubs
 *(.glue_7)
 .glue_7        0x00401546        0x0 linker stubs
 *(.rodata .rodata* .gnu.linkonce.r.*)
 *fill*         0x00401546        0x2 
 .rodata        0x00401548       0x21 hpl/pio/hpl_pio_ext.o
 *fill*         0x00401569        0x3 
 .rodata.str1.4
                0x0040156c       0x1c hpl/pio/hpl_pio_ext.o
                                 0x19 (size before relaxing)
 *(.ARM.extab* .gnu.linkonce.armextab.*)
                0x00401588                . = ALIGN (0x4)
 *(.init)
 .init          0x00401588        0x4 c:/program files (x86)/atmel/studio/7.0/toolchain/arm/arm-gnu-toolchain/bin/../lib/gcc/arm-none-eabi/6.3.1/thumb/v7e-m/crti.o
                0x00401588                _init
 .init          0x0040158c        0x8 c:/program files (x86)/atmel/studio/7.0/toolchain/arm/arm-gnu-toolchain/bin/../lib/gcc/arm-none-eabi/6.3.1/thumb/v7e-m/crtn.o
                0x00401594                . = ALIGN (0x4)
                0x00401594                __preinit_array_start = .
 *(.preinit_array)
                0x00401594                __preinit_array_end = .
                0x00401594                . = ALIGN (0x4)
                0x00401594                __init_array_start = .
 *(SORT(.init_array.*))
 *(.init_array)
 .init_array    0x00401594        0x4 c:/program files (x86)/atmel/studio/7.0/toolchain/arm/arm-gnu-toolchain/bin/../lib/gcc/arm-none-eabi/6.3.1/thumb/v7e-m/crtbegin.o
                0x00401598                __init_array_end = .
                0x00401598                . = ALIGN (0x4)
 *crtbegin.o(.ctors)
 *(EXCLUDE_FILE(*crtend.o) .ctors)
 *(SORT(.ctors.*))
 *crtend.o(.ctors)
                0x00401598                . = ALIGN (0x4)
 *(.fini)
 .fini          0x00401598        0x4 c:/program files (x86)/atmel/studio/7.0/toolchain/arm/arm-gnu-toolchain/bin/../lib/gcc/arm-none-eabi/6.3.1/thumb/v7e-m/crti.o
                0x00401598                _fini
 .fini          0x0040159c        0x8 c:/program files (x86)/atmel/studio/7.0/toolchain/arm/arm-gnu-toolchain/bin/../lib/gcc/arm-none-eabi/6.3.1/thumb/v7e-m/crtn.o
                0x004015a4                . = ALIGN (0x4)
                0x004015a4                __fini_array_start = .
 *(.fini_array)
 .fini_array    0x004015a4        0x4 c:/program files (x86)/atmel/studio/7.0/toolchain/arm/arm-gnu-toolchain/bin/../lib/gcc/arm-none-eabi/6.3.1/thumb/v7e-m/crtbegin.o
 *(SORT(.fini_array.*))
                0x004015a8                __fini_array_end = .
 *crtbegin.o(.dtors)
 *(EXCLUDE_FILE(*crtend.o) .dtors)
 *(SORT(.dtors.*))
 *crtend.o(.dtors)
                0x004015a8                . = ALIGN (0x4)
                0x004015a8                _efixed = .
                [!provide]                PROVIDE (__exidx_start, .)

.vfp11_veneer   0x004015a8        0x0
 .vfp11_veneer  0x004015a8        0x0 linker stubs

.v4_bx          0x004015a8        0x0
 .v4_bx         0x004015a8        0x0 linker stubs

.iplt           0x004015a8        0x0
 .iplt          0x004015a8        0x0 c:/program files (x86)/atmel/studio/7.0/toolchain/arm/arm-gnu-toolchain/bin/../lib/gcc/arm-none-eabi/6.3.1/thumb/v7e-m/crtbegin.o

.eh_frame       0x004015a8        0x0
 .eh_frame      0x004015a8        0x0 c:/program files (x86)/atmel/studio/7.0/toolchain/arm/arm-gnu-toolchain/bin/../lib/gcc/arm-none-eabi/6.3.1/thumb/v7e-m/crtbegin.o

.rel.dyn        0x004015a8        0x0
 .rel.iplt      0x004015a8        0x0 c:/program files (x86)/atmel/studio/7.0/toolchain/arm/arm-gnu-toolchain/bin/../lib/gcc/arm-none-eabi/6.3.1/thumb/v7e-m/crtbegin.o

.jcr            0x004015a8        0x0
 .jcr           0x004015a8        0x0 c:/program files (x86)/atmel/studio/7.0/toolchain/arm/arm-gnu-toolchain/bin/../lib/gcc/arm-none-eabi/6.3.1/thumb/v7e-m/crtbegin.o

.igot.plt       0x004015a8        0x0
 .igot.plt      0x004015a8        0x0 c:/program files (x86)/atmel/studio/7.0/toolchain/arm/arm-gnu-toolchain/bin/../lib/gcc/arm-none-eabi/6.3.1/thumb/v7e-m/crtbegin.o

.ARM.exidx
 *(.ARM.exidx* .gnu.linkonce.armexidx.*)
                [!provide]                PROVIDE (__exidx_end, .)
                0x004015a8                . = ALIGN (0x4)
                0x004015a8                _etext = .

.relocate       0x20400000        0x0 load address 0x004015a8
                0x20400000                . = ALIGN (0x4)
                0x20400000                _srelocate = .
 *(.ramfunc .ramfunc.*)
 *(.data .data.*)
                0x20400000                . = ALIGN (0x4)
                0x20400000                _erelocate = .

.bss            0x20400000      0x110
                0x20400000                . = ALIGN (0x4)
                0x20400000                _sbss = .
                0x20400000                _szero = .
 *(.bss .bss.*)
 .bss           0x20400000       0x1c c:/program files (x86)/atmel/studio/7.0/toolchain/arm/arm-gnu-toolchain/bin/../lib/gcc/arm-none-eabi/6.3.1/thumb/v7e-m/crtbegin.o
 .bss           0x2040001c        0x4 hal/src/hal_delay.o
 .bss           0x20400020        0x8 hal/src/hal_ext_irq.o
 .bss           0x20400028       0x80 hal/src/hal_usb_device.o
 .bss           0x204000a8        0x4 hpl/pio/hpl_pio_ext.o
 .bss           0x204000ac       0x64 hpl/usbhs/hpl_usbhs.o
 *(COMMON)
                0x20400110                . = ALIGN (0x4)
                0x20400110                _ebss = .
                0x20400110                _ezero = .

.heap           0x20400110      0x200
                0x20400110                . = ALIGN (0x8)
                0x20400110                _sheap = .
                0x20400310                . = (. + HEAP_SIZE)
 *fill*         0x20400110      0x200 
                0x20400310                . = ALIGN (0x8)
                0x20400310                _eheap = .

.stack          0x20400310      0x400
                0x20400310                . = ALIGN (0x8)
                0x20400310                _sstack = .
                0x20400710                . = (. + STACK_SIZE)
 *fill*         0x20400310      0x400 
                0x20400710                . = ALIGN (0x8)
                0x20400710                _estack = .
                0x20400710                . = ALIGN (0x4)
                0x20400710                _end = .
                0x2045ffff                _ram_end_ = ((ORIGIN (ram) + LENGTH (ram)) - 0x1)
OUTPUT(TCTestAttempt.elf elf32-littlearm)

.ARM.attributes
                0x00000000       0x2e
 .ARM.attributes
                0x00000000       0x1e c:/program files (x86)/atmel/studio/7.0/toolchain/arm/arm-gnu-toolchain/bin/../lib/gcc/arm-none-eabi/6.3.1/thumb/v7e-m/crti.o
 .ARM.attributes
                0x0000001e       0x2e c:/program files (x86)/atmel/studio/7.0/toolchain/arm/arm-gnu-toolchain/bin/../lib/gcc/arm-none-eabi/6.3.1/thumb/v7e-m/crtbegin.o
 .ARM.attributes
                0x0000004c       0x37 atmel_start.o
 .ARM.attributes
                0x00000083       0x37 Device_Startup/startup_samv71q21b.o
 .ARM.attributes
                0x000000ba       0x37 driver_init.o
 .ARM.attributes
                0x000000f1       0x37 hal/src/hal_atomic.o
 .ARM.attributes
                0x00000128       0x37 hal/src/hal_delay.o
 .ARM.attributes
                0x0000015f       0x37 hal/src/hal_ext_irq.o
 .ARM.attributes
                0x00000196       0x37 hal/src/hal_usb_device.o
 .ARM.attributes
                0x000001cd       0x37 hal/utils/src/utils_assert.o
 .ARM.attributes
                0x00000204       0x37 hpl/core/hpl_init.o
 .ARM.attributes
                0x0000023b       0x37 hpl/pio/hpl_pio_ext.o
 .ARM.attributes
                0x00000272       0x37 hpl/pmc/hpl_pmc.o
 .ARM.attributes
                0x000002a9       0x37 hpl/systick/hpl_systick_ARMv7_base.o
 .ARM.attributes
                0x000002e0       0x37 hpl/tc/tc_lite.o
 .ARM.attributes
                0x00000317       0x37 hpl/usbhs/hpl_usbhs.o
 .ARM.attributes
                0x0000034e       0x37 main.o
 .ARM.attributes
                0x00000385       0x2e c:/program files (x86)/atmel/studio/7.0/toolchain/arm/arm-gnu-toolchain/bin/../lib/gcc/arm-none-eabi/6.3.1/../../../../arm-none-eabi/lib/thumb/v7e-m\libc_nano.a(lib_a-init.o)
 .ARM.attributes
                0x000003b3       0x2e c:/program files (x86)/atmel/studio/7.0/toolchain/arm/arm-gnu-toolchain/bin/../lib/gcc/arm-none-eabi/6.3.1/../../../../arm-none-eabi/lib/thumb/v7e-m\libc_nano.a(lib_a-memcpy-stub.o)
 .ARM.attributes
                0x000003e1       0x2e c:/program files (x86)/atmel/studio/7.0/toolchain/arm/arm-gnu-toolchain/bin/../lib/gcc/arm-none-eabi/6.3.1/../../../../arm-none-eabi/lib/thumb/v7e-m\libc_nano.a(lib_a-memset.o)
 .ARM.attributes
                0x0000040f       0x1e c:/program files (x86)/atmel/studio/7.0/toolchain/arm/arm-gnu-toolchain/bin/../lib/gcc/arm-none-eabi/6.3.1/thumb/v7e-m/crtn.o

.comment        0x00000000       0x59
 .comment       0x00000000       0x59 atmel_start.o
                                 0x5a (size before relaxing)
 .comment       0x00000059       0x5a Device_Startup/startup_samv71q21b.o
 .comment       0x00000059       0x5a driver_init.o
 .comment       0x00000059       0x5a hal/src/hal_atomic.o
 .comment       0x00000059       0x5a hal/src/hal_delay.o
 .comment       0x00000059       0x5a hal/src/hal_ext_irq.o
 .comment       0x00000059       0x5a hal/src/hal_usb_device.o
 .comment       0x00000059       0x5a hal/utils/src/utils_assert.o
 .comment       0x00000059       0x5a hpl/core/hpl_init.o
 .comment       0x00000059       0x5a hpl/pio/hpl_pio_ext.o
 .comment       0x00000059       0x5a hpl/pmc/hpl_pmc.o
 .comment       0x00000059       0x5a hpl/systick/hpl_systick_ARMv7_base.o
 .comment       0x00000059       0x5a hpl/tc/tc_lite.o
 .comment       0x00000059       0x5a hpl/usbhs/hpl_usbhs.o
 .comment       0x00000059       0x5a main.o

.debug_info     0x00000000     0xd7ba
 .debug_info    0x00000000       0xff atmel_start.o
 .debug_info    0x000000ff      0xb34 Device_Startup/startup_samv71q21b.o
 .debug_info    0x00000c33     0x1437 driver_init.o
 .debug_info    0x0000206a      0x1fa hal/src/hal_atomic.o
 .debug_info    0x00002264      0x205 hal/src/hal_delay.o
 .debug_info    0x00002469      0x38a hal/src/hal_ext_irq.o
 .debug_info    0x000027f3     0x1e30 hal/src/hal_usb_device.o
 .debug_info    0x00004623      0x130 hal/utils/src/utils_assert.o
 .debug_info    0x00004753      0x6be hpl/core/hpl_init.o
 .debug_info    0x00004e11     0x1262 hpl/pio/hpl_pio_ext.o
 .debug_info    0x00006073      0x894 hpl/pmc/hpl_pmc.o
 .debug_info    0x00006907      0x289 hpl/systick/hpl_systick_ARMv7_base.o
 .debug_info    0x00006b90      0x5fe hpl/tc/tc_lite.o
 .debug_info    0x0000718e     0x531d hpl/usbhs/hpl_usbhs.o
 .debug_info    0x0000c4ab     0x130f main.o

.debug_abbrev   0x00000000     0x2050
 .debug_abbrev  0x00000000       0x9c atmel_start.o
 .debug_abbrev  0x0000009c      0x153 Device_Startup/startup_samv71q21b.o
 .debug_abbrev  0x000001ef      0x2b3 driver_init.o
 .debug_abbrev  0x000004a2      0x155 hal/src/hal_atomic.o
 .debug_abbrev  0x000005f7       0xf9 hal/src/hal_delay.o
 .debug_abbrev  0x000006f0      0x191 hal/src/hal_ext_irq.o
 .debug_abbrev  0x00000881      0x495 hal/src/hal_usb_device.o
 .debug_abbrev  0x00000d16       0x9e hal/utils/src/utils_assert.o
 .debug_abbrev  0x00000db4      0x1e7 hpl/core/hpl_init.o
 .debug_abbrev  0x00000f9b      0x371 hpl/pio/hpl_pio_ext.o
 .debug_abbrev  0x0000130c      0x1b7 hpl/pmc/hpl_pmc.o
 .debug_abbrev  0x000014c3      0x174 hpl/systick/hpl_systick_ARMv7_base.o
 .debug_abbrev  0x00001637      0x1e2 hpl/tc/tc_lite.o
 .debug_abbrev  0x00001819      0x538 hpl/usbhs/hpl_usbhs.o
 .debug_abbrev  0x00001d51      0x2ff main.o

.debug_loc      0x00000000     0x5e88
 .debug_loc     0x00000000       0x20 atmel_start.o
 .debug_loc     0x00000020       0x78 Device_Startup/startup_samv71q21b.o
 .debug_loc     0x00000098      0x2c2 driver_init.o
 .debug_loc     0x0000035a       0x13 hal/src/hal_atomic.o
 .debug_loc     0x0000036d       0xc3 hal/src/hal_delay.o
 .debug_loc     0x00000430      0x34b hal/src/hal_ext_irq.o
 .debug_loc     0x0000077b     0x1107 hal/src/hal_usb_device.o
 .debug_loc     0x00001882       0x77 hpl/core/hpl_init.o
 .debug_loc     0x000018f9      0x5dd hpl/pio/hpl_pio_ext.o
 .debug_loc     0x00001ed6      0x204 hpl/pmc/hpl_pmc.o
 .debug_loc     0x000020da      0x127 hpl/systick/hpl_systick_ARMv7_base.o
 .debug_loc     0x00002201      0x245 hpl/tc/tc_lite.o
 .debug_loc     0x00002446     0x399c hpl/usbhs/hpl_usbhs.o
 .debug_loc     0x00005de2       0xa6 main.o

.debug_aranges  0x00000000      0x500
 .debug_aranges
                0x00000000       0x20 atmel_start.o
 .debug_aranges
                0x00000020       0x28 Device_Startup/startup_samv71q21b.o
 .debug_aranges
                0x00000048       0x50 driver_init.o
 .debug_aranges
                0x00000098       0x30 hal/src/hal_atomic.o
 .debug_aranges
                0x000000c8       0x38 hal/src/hal_delay.o
 .debug_aranges
                0x00000100       0x50 hal/src/hal_ext_irq.o
 .debug_aranges
                0x00000150      0x100 hal/src/hal_usb_device.o
 .debug_aranges
                0x00000250       0x20 hal/utils/src/utils_assert.o
 .debug_aranges
                0x00000270       0x20 hpl/core/hpl_init.o
 .debug_aranges
                0x00000290       0x60 hpl/pio/hpl_pio_ext.o
 .debug_aranges
                0x000002f0       0x30 hpl/pmc/hpl_pmc.o
 .debug_aranges
                0x00000320       0x48 hpl/systick/hpl_systick_ARMv7_base.o
 .debug_aranges
                0x00000368       0x38 hpl/tc/tc_lite.o
 .debug_aranges
                0x000003a0      0x138 hpl/usbhs/hpl_usbhs.o
 .debug_aranges
                0x000004d8       0x28 main.o

.debug_ranges   0x00000000      0x4f0
 .debug_ranges  0x00000000       0x10 atmel_start.o
 .debug_ranges  0x00000010       0x18 Device_Startup/startup_samv71q21b.o
 .debug_ranges  0x00000028       0x40 driver_init.o
 .debug_ranges  0x00000068       0x20 hal/src/hal_atomic.o
 .debug_ranges  0x00000088       0x28 hal/src/hal_delay.o
 .debug_ranges  0x000000b0       0x40 hal/src/hal_ext_irq.o
 .debug_ranges  0x000000f0      0x108 hal/src/hal_usb_device.o
 .debug_ranges  0x000001f8       0x10 hal/utils/src/utils_assert.o
 .debug_ranges  0x00000208       0x10 hpl/core/hpl_init.o
 .debug_ranges  0x00000218       0x50 hpl/pio/hpl_pio_ext.o
 .debug_ranges  0x00000268       0x20 hpl/pmc/hpl_pmc.o
 .debug_ranges  0x00000288       0x38 hpl/systick/hpl_systick_ARMv7_base.o
 .debug_ranges  0x000002c0       0x28 hpl/tc/tc_lite.o
 .debug_ranges  0x000002e8      0x1f0 hpl/usbhs/hpl_usbhs.o
 .debug_ranges  0x000004d8       0x18 main.o

.debug_macro    0x00000000    0x3c54e
 .debug_macro   0x00000000      0x770 atmel_start.o
 .debug_macro   0x00000770      0x8b0 atmel_start.o
 .debug_macro   0x00001020      0x16d atmel_start.o
 .debug_macro   0x0000118d       0x22 atmel_start.o
 .debug_macro   0x000011af       0x87 atmel_start.o
 .debug_macro   0x00001236       0x51 atmel_start.o
 .debug_macro   0x00001287       0xef atmel_start.o
 .debug_macro   0x00001376       0x6a atmel_start.o
 .debug_macro   0x000013e0      0x1df atmel_start.o
 .debug_macro   0x000015bf       0x22 atmel_start.o
 .debug_macro   0x000015e1       0xd7 atmel_start.o
 .debug_macro   0x000016b8       0x1c atmel_start.o
 .debug_macro   0x000016d4       0x22 atmel_start.o
 .debug_macro   0x000016f6       0xdf atmel_start.o
 .debug_macro   0x000017d5     0x12cd atmel_start.o
 .debug_macro   0x00002aa2      0x11f atmel_start.o
 .debug_macro   0x00002bc1       0x19 atmel_start.o
 .debug_macro   0x00002bda      0x3e2 atmel_start.o
 .debug_macro   0x00002fbc      0x5a9 atmel_start.o
 .debug_macro   0x00003565     0x1797 atmel_start.o
 .debug_macro   0x00004cfc      0x3bb atmel_start.o
 .debug_macro   0x000050b7      0x830 atmel_start.o
 .debug_macro   0x000058e7      0x316 atmel_start.o
 .debug_macro   0x00005bfd     0x269d atmel_start.o
 .debug_macro   0x0000829a       0x40 atmel_start.o
 .debug_macro   0x000082da     0x105e atmel_start.o
 .debug_macro   0x00009338      0x60b atmel_start.o
 .debug_macro   0x00009943      0x555 atmel_start.o
 .debug_macro   0x00009e98      0xb8f atmel_start.o
 .debug_macro   0x0000aa27      0x62e atmel_start.o
 .debug_macro   0x0000b055     0x3ac9 atmel_start.o
 .debug_macro   0x0000eb1e      0x6bf atmel_start.o
 .debug_macro   0x0000f1dd     0x83ff atmel_start.o
 .debug_macro   0x000175dc     0x326e atmel_start.o
 .debug_macro   0x0001a84a     0x24d0 atmel_start.o
 .debug_macro   0x0001cd1a      0x87f atmel_start.o
 .debug_macro   0x0001d599      0x17d atmel_start.o
 .debug_macro   0x0001d716      0x118 atmel_start.o
 .debug_macro   0x0001d82e      0x909 atmel_start.o
 .debug_macro   0x0001e137      0x125 atmel_start.o
 .debug_macro   0x0001e25c      0x503 atmel_start.o
 .debug_macro   0x0001e75f      0x3e0 atmel_start.o
 .debug_macro   0x0001eb3f      0x709 atmel_start.o
 .debug_macro   0x0001f248      0xb64 atmel_start.o
 .debug_macro   0x0001fdac      0xf03 atmel_start.o
 .debug_macro   0x00020caf      0xff2 atmel_start.o
 .debug_macro   0x00021ca1      0x1a8 atmel_start.o
 .debug_macro   0x00021e49      0x124 atmel_start.o
 .debug_macro   0x00021f6d      0xbc2 atmel_start.o
 .debug_macro   0x00022b2f      0x5c5 atmel_start.o
 .debug_macro   0x000230f4     0x1afb atmel_start.o
 .debug_macro   0x00024bef      0x664 atmel_start.o
 .debug_macro   0x00025253     0x41a7 atmel_start.o
 .debug_macro   0x000293fa      0x64f atmel_start.o
 .debug_macro   0x00029a49       0xc4 atmel_start.o
 .debug_macro   0x00029b0d      0x12d atmel_start.o
 .debug_macro   0x00029c3a     0x2a5f atmel_start.o
 .debug_macro   0x0002c699       0x7c atmel_start.o
 .debug_macro   0x0002c715      0x14e atmel_start.o
 .debug_macro   0x0002c863       0xf4 atmel_start.o
 .debug_macro   0x0002c957       0xf4 atmel_start.o
 .debug_macro   0x0002ca4b       0x16 atmel_start.o
 .debug_macro   0x0002ca61       0x7c atmel_start.o
 .debug_macro   0x0002cadd       0x40 atmel_start.o
 .debug_macro   0x0002cb1d      0x623 atmel_start.o
 .debug_macro   0x0002d140       0x40 atmel_start.o
 .debug_macro   0x0002d180      0x7ce atmel_start.o
 .debug_macro   0x0002d94e       0x6a atmel_start.o
 .debug_macro   0x0002d9b8       0x6a atmel_start.o
 .debug_macro   0x0002da22       0x88 atmel_start.o
 .debug_macro   0x0002daaa       0xac atmel_start.o
 .debug_macro   0x0002db56      0x142 atmel_start.o
 .debug_macro   0x0002dc98      0x138 atmel_start.o
 .debug_macro   0x0002ddd0      0x138 atmel_start.o
 .debug_macro   0x0002df08       0xee atmel_start.o
 .debug_macro   0x0002dff6      0x187 atmel_start.o
 .debug_macro   0x0002e17d      0x180 atmel_start.o
 .debug_macro   0x0002e2fd      0x180 atmel_start.o
 .debug_macro   0x0002e47d      0x180 atmel_start.o
 .debug_macro   0x0002e5fd      0x180 atmel_start.o
 .debug_macro   0x0002e77d      0x121 atmel_start.o
 .debug_macro   0x0002e89e      0x352 atmel_start.o
 .debug_macro   0x0002ebf0      0x352 atmel_start.o
 .debug_macro   0x0002ef42       0x82 atmel_start.o
 .debug_macro   0x0002efc4       0x22 atmel_start.o
 .debug_macro   0x0002efe6       0x22 atmel_start.o
 .debug_macro   0x0002f008       0x58 atmel_start.o
 .debug_macro   0x0002f060       0x28 atmel_start.o
 .debug_macro   0x0002f088       0x64 atmel_start.o
 .debug_macro   0x0002f0ec       0x94 atmel_start.o
 .debug_macro   0x0002f180       0x7c atmel_start.o
 .debug_macro   0x0002f1fc       0x7c atmel_start.o
 .debug_macro   0x0002f278       0x8e atmel_start.o
 .debug_macro   0x0002f306       0x34 atmel_start.o
 .debug_macro   0x0002f33a      0x1a8 atmel_start.o
 .debug_macro   0x0002f4e2      0x1a8 atmel_start.o
 .debug_macro   0x0002f68a      0x1a8 atmel_start.o
 .debug_macro   0x0002f832      0x1a8 atmel_start.o
 .debug_macro   0x0002f9da       0x3a atmel_start.o
 .debug_macro   0x0002fa14       0x82 atmel_start.o
 .debug_macro   0x0002fa96       0x82 atmel_start.o
 .debug_macro   0x0002fb18       0x82 atmel_start.o
 .debug_macro   0x0002fb9a       0x70 atmel_start.o
 .debug_macro   0x0002fc0a       0x70 atmel_start.o
 .debug_macro   0x0002fc7a       0x70 atmel_start.o
 .debug_macro   0x0002fcea       0x70 atmel_start.o
 .debug_macro   0x0002fd5a       0x70 atmel_start.o
 .debug_macro   0x0002fdca       0xf4 atmel_start.o
 .debug_macro   0x0002febe       0xf4 atmel_start.o
 .debug_macro   0x0002ffb2       0xf4 atmel_start.o
 .debug_macro   0x000300a6      0x71f atmel_start.o
 .debug_macro   0x000307c5       0x16 atmel_start.o
 .debug_macro   0x000307db       0x22 atmel_start.o
 .debug_macro   0x000307fd      0x9bf atmel_start.o
 .debug_macro   0x000311bc      0x59f atmel_start.o
 .debug_macro   0x0003175b     0x2879 atmel_start.o
 .debug_macro   0x00033fd4      0x169 atmel_start.o
 .debug_macro   0x0003413d       0x10 atmel_start.o
 .debug_macro   0x0003414d       0x10 atmel_start.o
 .debug_macro   0x0003415d       0x16 atmel_start.o
 .debug_macro   0x00034173       0x16 atmel_start.o
 .debug_macro   0x00034189       0x16 atmel_start.o
 .debug_macro   0x0003419f       0x16 atmel_start.o
 .debug_macro   0x000341b5       0x16 atmel_start.o
 .debug_macro   0x000341cb       0x16 atmel_start.o
 .debug_macro   0x000341e1       0x16 atmel_start.o
 .debug_macro   0x000341f7       0x16 atmel_start.o
 .debug_macro   0x0003420d       0x16 atmel_start.o
 .debug_macro   0x00034223       0x16 atmel_start.o
 .debug_macro   0x00034239       0x16 atmel_start.o
 .debug_macro   0x0003424f       0x16 atmel_start.o
 .debug_macro   0x00034265       0x16 atmel_start.o
 .debug_macro   0x0003427b       0x16 atmel_start.o
 .debug_macro   0x00034291       0x16 atmel_start.o
 .debug_macro   0x000342a7       0x16 atmel_start.o
 .debug_macro   0x000342bd       0x16 atmel_start.o
 .debug_macro   0x000342d3       0x16 atmel_start.o
 .debug_macro   0x000342e9       0x16 atmel_start.o
 .debug_macro   0x000342ff       0x16 atmel_start.o
 .debug_macro   0x00034315       0x16 atmel_start.o
 .debug_macro   0x0003432b       0x16 atmel_start.o
 .debug_macro   0x00034341       0x16 atmel_start.o
 .debug_macro   0x00034357       0x16 atmel_start.o
 .debug_macro   0x0003436d       0x16 atmel_start.o
 .debug_macro   0x00034383       0x16 atmel_start.o
 .debug_macro   0x00034399       0x16 atmel_start.o
 .debug_macro   0x000343af      0x27e atmel_start.o
 .debug_macro   0x0003462d       0x16 atmel_start.o
 .debug_macro   0x00034643       0x16 atmel_start.o
 .debug_macro   0x00034659       0x16 atmel_start.o
 .debug_macro   0x0003466f      0x373 atmel_start.o
 .debug_macro   0x000349e2       0xa9 atmel_start.o
 .debug_macro   0x00034a8b       0x16 atmel_start.o
 .debug_macro   0x00034aa1       0x16 atmel_start.o
 .debug_macro   0x00034ab7       0x16 atmel_start.o
 .debug_macro   0x00034acd       0xca atmel_start.o
 .debug_macro   0x00034b97       0x1c atmel_start.o
 .debug_macro   0x00034bb3       0x16 atmel_start.o
 .debug_macro   0x00034bc9       0x28 atmel_start.o
 .debug_macro   0x00034bf1       0xc9 atmel_start.o
 .debug_macro   0x00034cba       0xcb atmel_start.o
 .debug_macro   0x00034d85       0x64 atmel_start.o
 .debug_macro   0x00034de9      0x49c Device_Startup/startup_samv71q21b.o
 .debug_macro   0x00035285       0xd1 Device_Startup/startup_samv71q21b.o
 .debug_macro   0x00035356      0x778 driver_init.o
 .debug_macro   0x00035ace       0x10 driver_init.o
 .debug_macro   0x00035ade       0x5e driver_init.o
 .debug_macro   0x00035b3c      0x669 hal/src/hal_atomic.o
 .debug_macro   0x000361a5      0x6a0 hal/src/hal_delay.o
 .debug_macro   0x00036845      0x691 hal/src/hal_ext_irq.o
 .debug_macro   0x00036ed6      0x763 hal/src/hal_usb_device.o
 .debug_macro   0x00037639       0x58 hal/src/hal_usb_device.o
 .debug_macro   0x00037691       0x35 hal/src/hal_usb_device.o
 .debug_macro   0x000376c6       0x9c hal/src/hal_usb_device.o
 .debug_macro   0x00037762       0x58 hal/src/hal_usb_device.o
 .debug_macro   0x000377ba       0x1f hal/src/hal_usb_device.o
 .debug_macro   0x000377d9       0x43 hal/src/hal_usb_device.o
 .debug_macro   0x0003781c       0x20 hal/src/hal_usb_device.o
 .debug_macro   0x0003783c      0x187 hal/src/hal_usb_device.o
 .debug_macro   0x000379c3      0x34d hal/src/hal_usb_device.o
 .debug_macro   0x00037d10       0x10 hal/src/hal_usb_device.o
 .debug_macro   0x00037d20       0x35 hal/src/hal_usb_device.o
 .debug_macro   0x00037d55      0x673 hal/utils/src/utils_assert.o
 .debug_macro   0x000383c8       0x10 hal/utils/src/utils_assert.o
 .debug_macro   0x000383d8      0x6e1 hpl/core/hpl_init.o
 .debug_macro   0x00038ab9      0x324 hpl/core/hpl_init.o
 .debug_macro   0x00038ddd      0x9df hpl/core/hpl_init.o
 .debug_macro   0x000397bc      0x6c9 hpl/pio/hpl_pio_ext.o
 .debug_macro   0x00039e85      0x1ee hpl/pio/hpl_pio_ext.o
 .debug_macro   0x0003a073      0x692 hpl/pmc/hpl_pmc.o
 .debug_macro   0x0003a705      0x678 hpl/systick/hpl_systick_ARMv7_base.o
 .debug_macro   0x0003ad7d       0x10 hpl/systick/hpl_systick_ARMv7_base.o
 .debug_macro   0x0003ad8d      0x690 hpl/tc/tc_lite.o
 .debug_macro   0x0003b41d      0x862 hpl/usbhs/hpl_usbhs.o
 .debug_macro   0x0003bc7f      0x8cf main.o

.debug_line     0x00000000     0xcf9c
 .debug_line    0x00000000      0xdc0 atmel_start.o
 .debug_line    0x00000dc0      0x900 Device_Startup/startup_samv71q21b.o
 .debug_line    0x000016c0      0xe9e driver_init.o
 .debug_line    0x0000255e      0xc78 hal/src/hal_atomic.o
 .debug_line    0x000031d6      0xcac hal/src/hal_delay.o
 .debug_line    0x00003e82      0xd1f hal/src/hal_ext_irq.o
 .debug_line    0x00004ba1     0x1025 hal/src/hal_usb_device.o
 .debug_line    0x00005bc6      0xc4d hal/utils/src/utils_assert.o
 .debug_line    0x00006813      0xd33 hpl/core/hpl_init.o
 .debug_line    0x00007546      0xe20 hpl/pio/hpl_pio_ext.o
 .debug_line    0x00008366      0xd3e hpl/pmc/hpl_pmc.o
 .debug_line    0x000090a4      0xce7 hpl/systick/hpl_systick_ARMv7_base.o
 .debug_line    0x00009d8b      0xc9e hpl/tc/tc_lite.o
 .debug_line    0x0000aa29     0x1673 hpl/usbhs/hpl_usbhs.o
 .debug_line    0x0000c09c      0xf00 main.o

.debug_str      0x00000000   0x148505
 .debug_str     0x00000000   0x13ab82 atmel_start.o
                             0x13b4f5 (size before relaxing)
 .debug_str     0x0013ab82      0x792 Device_Startup/startup_samv71q21b.o
                             0x1353e3 (size before relaxing)
 .debug_str     0x0013b314      0xa0f driver_init.o
                             0x13bf3f (size before relaxing)
 .debug_str     0x0013bd23       0xb7 hal/src/hal_atomic.o
                             0x13a79b (size before relaxing)
 .debug_str     0x0013bdda       0xa6 hal/src/hal_delay.o
                             0x13a805 (size before relaxing)
 .debug_str     0x0013be80       0xf2 hal/src/hal_ext_irq.o
                             0x13a874 (size before relaxing)
 .debug_str     0x0013bf72     0x34ce hal/src/hal_usb_device.o
                             0x13e7a4 (size before relaxing)
 .debug_str     0x0013f440       0x31 hal/utils/src/utils_assert.o
                             0x13a7ab (size before relaxing)
 .debug_str     0x0013f471     0x309a hpl/core/hpl_init.o
                             0x13dc5d (size before relaxing)
 .debug_str     0x0014250b     0x3228 hpl/pio/hpl_pio_ext.o
                             0x13e22b (size before relaxing)
 .debug_str     0x00145733      0x1d6 hpl/pmc/hpl_pmc.o
                             0x13b88d (size before relaxing)
 .debug_str     0x00145909       0xde hpl/systick/hpl_systick_ARMv7_base.o
                             0x13a804 (size before relaxing)
 .debug_str     0x001459e7      0x1be hpl/tc/tc_lite.o
                             0x13a985 (size before relaxing)
 .debug_str     0x00145ba5     0x1763 hpl/usbhs/hpl_usbhs.o
                             0x140177 (size before relaxing)
 .debug_str     0x00147308     0x11fd main.o
                             0x13f71d (size before relaxing)

.debug_frame    0x00000000      0xc1c
 .debug_frame   0x00000000       0x28 atmel_start.o
 .debug_frame   0x00000028       0x38 Device_Startup/startup_samv71q21b.o
 .debug_frame   0x00000060       0x98 driver_init.o
 .debug_frame   0x000000f8       0x40 hal/src/hal_atomic.o
 .debug_frame   0x00000138       0x68 hal/src/hal_delay.o
 .debug_frame   0x000001a0       0xc4 hal/src/hal_ext_irq.o
 .debug_frame   0x00000264      0x31c hal/src/hal_usb_device.o
 .debug_frame   0x00000580       0x20 hal/utils/src/utils_assert.o
 .debug_frame   0x000005a0       0x2c hpl/core/hpl_init.o
 .debug_frame   0x000005cc       0xfc hpl/pio/hpl_pio_ext.o
 .debug_frame   0x000006c8       0x48 hpl/pmc/hpl_pmc.o
 .debug_frame   0x00000710       0x78 hpl/systick/hpl_systick_ARMv7_base.o
 .debug_frame   0x00000788       0x5c hpl/tc/tc_lite.o
 .debug_frame   0x000007e4      0x38c hpl/usbhs/hpl_usbhs.o
 .debug_frame   0x00000b70       0x38 main.o
 .debug_frame   0x00000ba8       0x2c c:/program files (x86)/atmel/studio/7.0/toolchain/arm/arm-gnu-toolchain/bin/../lib/gcc/arm-none-eabi/6.3.1/../../../../arm-none-eabi/lib/thumb/v7e-m\libc_nano.a(lib_a-init.o)
 .debug_frame   0x00000bd4       0x28 c:/program files (x86)/atmel/studio/7.0/toolchain/arm/arm-gnu-toolchain/bin/../lib/gcc/arm-none-eabi/6.3.1/../../../../arm-none-eabi/lib/thumb/v7e-m\libc_nano.a(lib_a-memcpy-stub.o)
 .debug_frame   0x00000bfc       0x20 c:/program files (x86)/atmel/studio/7.0/toolchain/arm/arm-gnu-toolchain/bin/../lib/gcc/arm-none-eabi/6.3.1/../../../../arm-none-eabi/lib/thumb/v7e-m\libc_nano.a(lib_a-memset.o)
