Archive member included to satisfy reference by file (symbol)

c:/program files (x86)/atmel/studio/7.0/toolchain/arm/arm-gnu-toolchain/bin/../lib/gcc/arm-none-eabi/6.3.1/thumb/v7e-m\libgcc.a(_arm_addsubdf3.o)
                              bme280.o (__aeabi_dsub)
c:/program files (x86)/atmel/studio/7.0/toolchain/arm/arm-gnu-toolchain/bin/../lib/gcc/arm-none-eabi/6.3.1/thumb/v7e-m\libgcc.a(_arm_muldivdf3.o)
                              bme280.o (__aeabi_dmul)
c:/program files (x86)/atmel/studio/7.0/toolchain/arm/arm-gnu-toolchain/bin/../lib/gcc/arm-none-eabi/6.3.1/thumb/v7e-m\libgcc.a(_arm_cmpdf2.o)
                              bme280.o (__aeabi_dcmplt)
c:/program files (x86)/atmel/studio/7.0/toolchain/arm/arm-gnu-toolchain/bin/../lib/gcc/arm-none-eabi/6.3.1/thumb/v7e-m\libgcc.a(_arm_fixdfsi.o)
                              bme280.o (__aeabi_d2iz)
c:/program files (x86)/atmel/studio/7.0/toolchain/arm/arm-gnu-toolchain/bin/../lib/gcc/arm-none-eabi/6.3.1/../../../../arm-none-eabi/lib/thumb/v7e-m\libc_nano.a(lib_a-exit.o)
                              c:/program files (x86)/atmel/studio/7.0/toolchain/arm/arm-gnu-toolchain/bin/../lib/gcc/arm-none-eabi/6.3.1/../../../../arm-none-eabi/lib/thumb/v7e-m/crt0.o (exit)
c:/program files (x86)/atmel/studio/7.0/toolchain/arm/arm-gnu-toolchain/bin/../lib/gcc/arm-none-eabi/6.3.1/../../../../arm-none-eabi/lib/thumb/v7e-m\libc_nano.a(lib_a-impure.o)
                              c:/program files (x86)/atmel/studio/7.0/toolchain/arm/arm-gnu-toolchain/bin/../lib/gcc/arm-none-eabi/6.3.1/../../../../arm-none-eabi/lib/thumb/v7e-m\libc_nano.a(lib_a-exit.o) (_global_impure_ptr)
c:/program files (x86)/atmel/studio/7.0/toolchain/arm/arm-gnu-toolchain/bin/../lib/gcc/arm-none-eabi/6.3.1/../../../../arm-none-eabi/lib/thumb/v7e-m\libc_nano.a(lib_a-init.o)
                              c:/program files (x86)/atmel/studio/7.0/toolchain/arm/arm-gnu-toolchain/bin/../lib/gcc/arm-none-eabi/6.3.1/../../../../arm-none-eabi/lib/thumb/v7e-m/crt0.o (__libc_init_array)
c:/program files (x86)/atmel/studio/7.0/toolchain/arm/arm-gnu-toolchain/bin/../lib/gcc/arm-none-eabi/6.3.1/../../../../arm-none-eabi/lib/thumb/v7e-m\libc_nano.a(lib_a-memcpy-stub.o)
                              buffer_queue.o (memcpy)
c:/program files (x86)/atmel/studio/7.0/toolchain/arm/arm-gnu-toolchain/bin/../lib/gcc/arm-none-eabi/6.3.1/../../../../arm-none-eabi/lib/thumb/v7e-m\libc_nano.a(lib_a-memset.o)
                              c:/program files (x86)/atmel/studio/7.0/toolchain/arm/arm-gnu-toolchain/bin/../lib/gcc/arm-none-eabi/6.3.1/../../../../arm-none-eabi/lib/thumb/v7e-m/crt0.o (memset)
c:/program files (x86)/atmel/studio/7.0/toolchain/arm/arm-gnu-toolchain/bin/../lib/gcc/arm-none-eabi/6.3.1/../../../../arm-none-eabi/lib/thumb/v7e-m\libc_nano.a(lib_a-printf.o)
                              hal/utils/src/utils_syscalls.o (printf)
c:/program files (x86)/atmel/studio/7.0/toolchain/arm/arm-gnu-toolchain/bin/../lib/gcc/arm-none-eabi/6.3.1/../../../../arm-none-eabi/lib/thumb/v7e-m\libc_nano.a(lib_a-findfp.o)
                              c:/program files (x86)/atmel/studio/7.0/toolchain/arm/arm-gnu-toolchain/bin/../lib/gcc/arm-none-eabi/6.3.1/../../../../arm-none-eabi/lib/thumb/v7e-m\libc_nano.a(lib_a-printf.o) (__sinit)
c:/program files (x86)/atmel/studio/7.0/toolchain/arm/arm-gnu-toolchain/bin/../lib/gcc/arm-none-eabi/6.3.1/../../../../arm-none-eabi/lib/thumb/v7e-m\libc_nano.a(lib_a-fwalk.o)
                              c:/program files (x86)/atmel/studio/7.0/toolchain/arm/arm-gnu-toolchain/bin/../lib/gcc/arm-none-eabi/6.3.1/../../../../arm-none-eabi/lib/thumb/v7e-m\libc_nano.a(lib_a-findfp.o) (_fwalk)
c:/program files (x86)/atmel/studio/7.0/toolchain/arm/arm-gnu-toolchain/bin/../lib/gcc/arm-none-eabi/6.3.1/../../../../arm-none-eabi/lib/thumb/v7e-m\libc_nano.a(lib_a-nano-mallocr.o)
                              c:/program files (x86)/atmel/studio/7.0/toolchain/arm/arm-gnu-toolchain/bin/../lib/gcc/arm-none-eabi/6.3.1/../../../../arm-none-eabi/lib/thumb/v7e-m\libc_nano.a(lib_a-findfp.o) (_malloc_r)
c:/program files (x86)/atmel/studio/7.0/toolchain/arm/arm-gnu-toolchain/bin/../lib/gcc/arm-none-eabi/6.3.1/../../../../arm-none-eabi/lib/thumb/v7e-m\libc_nano.a(lib_a-nano-vfprintf.o)
                              c:/program files (x86)/atmel/studio/7.0/toolchain/arm/arm-gnu-toolchain/bin/../lib/gcc/arm-none-eabi/6.3.1/../../../../arm-none-eabi/lib/thumb/v7e-m\libc_nano.a(lib_a-printf.o) (_vfprintf_r)
c:/program files (x86)/atmel/studio/7.0/toolchain/arm/arm-gnu-toolchain/bin/../lib/gcc/arm-none-eabi/6.3.1/../../../../arm-none-eabi/lib/thumb/v7e-m\libc_nano.a(lib_a-nano-vfprintf_i.o)
                              c:/program files (x86)/atmel/studio/7.0/toolchain/arm/arm-gnu-toolchain/bin/../lib/gcc/arm-none-eabi/6.3.1/../../../../arm-none-eabi/lib/thumb/v7e-m\libc_nano.a(lib_a-nano-vfprintf.o) (_printf_i)
[...]
Memory Configuration

Name             Origin             Length             Attributes
rom              0x00400000         0x00200000         xr
ram              0x20400000         0x00060000         xrw
*default*        0x00000000         0xffffffff

Linker script and memory map

LOAD c:/program files (x86)/atmel/studio/7.0/toolchain/arm/arm-gnu-toolchain/bin/../lib/gcc/arm-none-eabi/6.3.1/thumb/v7e-m/crti.o
LOAD c:/program files (x86)/atmel/studio/7.0/toolchain/arm/arm-gnu-toolchain/bin/../lib/gcc/arm-none-eabi/6.3.1/thumb/v7e-m/crtbegin.o
LOAD c:/program files (x86)/atmel/studio/7.0/toolchain/arm/arm-gnu-toolchain/bin/../lib/gcc/arm-none-eabi/6.3.1/../../../../arm-none-eabi/lib/thumb/v7e-m/crt0.o
LOAD atmel_start.o
LOAD bme280.o
LOAD buffer_queue.o
LOAD Device_Startup/startup_samv71q21b.o
LOAD Device_Startup/system_samv71q21b.o
LOAD driver_init.o
LOAD examples/driver_examples.o
LOAD hal/src/hal_atomic.o
LOAD hal/src/hal_delay.o
LOAD hal/src/hal_gpio.o
LOAD hal/src/hal_init.o
LOAD hal/src/hal_io.o
LOAD hal/src/hal_rand_sync.o
LOAD hal/src/hal_sleep.o
LOAD hal/src/hal_spi_m_sync.o
LOAD hal/src/hal_timer.o
LOAD hal/src/hal_usart_async.o
LOAD hal/utils/src/utils_assert.o
LOAD hal/utils/src/utils_event.o
LOAD hal/utils/src/utils_list.o
LOAD hal/utils/src/utils_ringbuffer.o
LOAD hal/utils/src/utils_syscalls.o
LOAD hpl/core/hpl_core_m7_base.o
LOAD hpl/core/hpl_init.o
LOAD hpl/pmc/hpl_pmc.o
LOAD hpl/pmc/hpl_sleep.o
LOAD hpl/spi/hpl_spi.o
LOAD hpl/tc/hpl_tc.o
LOAD hpl/trng/hpl_trng.o
LOAD hpl/usart/hpl_usart.o
LOAD hpl/xdmac/hpl_xdmac.o
LOAD main.o
START GROUP
LOAD c:/program files (x86)/atmel/studio/7.0/toolchain/arm/arm-gnu-toolchain/bin/../lib/gcc/arm-none-eabi/6.3.1/../../../../arm-none-eabi/lib/thumb/v7e-m\libm.a
END GROUP
START GROUP
LOAD c:/program files (x86)/atmel/studio/7.0/toolchain/arm/arm-gnu-toolchain/bin/../lib/gcc/arm-none-eabi/6.3.1/thumb/v7e-m\libgcc.a
LOAD c:/program files (x86)/atmel/studio/7.0/toolchain/arm/arm-gnu-toolchain/bin/../lib/gcc/arm-none-eabi/6.3.1/../../../../arm-none-eabi/lib/thumb/v7e-m\libc_nano.a
END GROUP
START GROUP
LOAD c:/program files (x86)/atmel/studio/7.0/toolchain/arm/arm-gnu-toolchain/bin/../lib/gcc/arm-none-eabi/6.3.1/thumb/v7e-m\libgcc.a
LOAD c:/program files (x86)/atmel/studio/7.0/toolchain/arm/arm-gnu-toolchain/bin/../lib/gcc/arm-none-eabi/6.3.1/../../../../arm-none-eabi/lib/thumb/v7e-m\libc_nano.a
END GROUP
LOAD c:/program files (x86)/atmel/studio/7.0/toolchain/arm/arm-gnu-toolchain/bin/../lib/gcc/arm-none-eabi/6.3.1/thumb/v7e-m/crtend.o
LOAD c:/program files (x86)/atmel/studio/7.0/toolchain/arm/arm-gnu-toolchain/bin/../lib/gcc/arm-none-eabi/6.3.1/thumb/v7e-m/crtn.o
                0x00000400                STACK_SIZE = DEFINED (STACK_SIZE)?STACK_SIZE:DEFINED (__stack_size__)?__stack_size__:0x400
                0x00000200                HEAP_SIZE = DEFINED (HEAP_SIZE)?HEAP_SIZE:DEFINED (__heap_size__)?__heap_size__:0x200

.text           0x00400000     0x2030
                0x00400000                . = ALIGN (0x4)
                0x00400000                _sfixed = .
 *(.vectors .vectors.*)
 .vectors       0x00400000      0x168 Device_Startup/startup_samv71q21b.o
                0x00400000                exception_table
 *(.text .text.* .gnu.linkonce.t.*)
 .text          0x00400168       0x6c c:/program files (x86)/atmel/studio/7.0/toolchain/arm/arm-gnu-toolchain/bin/../lib/gcc/arm-none-eabi/6.3.1/thumb/v7e-m/crtbegin.o
 .text.atmel_start_init
                0x004001d4        0xc atmel_start.o
                0x004001d4                atmel_start_init
 .text.interleave_reg_addr
                0x004001e0       0x1e bme280.o
 .text.parse_temp_press_calib_data
                0x004001fe       0x80 bme280.o
 .text.parse_humidity_calib_data
                0x0040027e       0x40 bme280.o
 .text.null_ptr_check
                0x004002be       0x2a bme280.o
 .text.bme280_get_regs
                0x004002e8       0x54 bme280.o
                0x004002e8                bme280_get_regs
 .text.get_calib_data
                0x0040033c       0x60 bme280.o
 .text.bme280_set_regs
                0x0040039c       0x98 bme280.o
                0x0040039c                bme280_set_regs
 .text.bme280_soft_reset
                0x00400434       0x7c bme280.o
                0x00400434                bme280_soft_reset
 .text.bme280_init
                0x004004b0       0x54 bme280.o
                0x004004b0                bme280_init
 .text.bin_buffer_enqueue
                0x00400504       0x5c buffer_queue.o
                0x00400504                bin_buffer_enqueue
 .text.bin_buffer_dequeue
                0x00400560       0x84 buffer_queue.o
                0x00400560                bin_buffer_dequeue
 .text.event_buffer_enqueue
                0x004005e4       0x5c buffer_queue.o
                0x004005e4                event_buffer_enqueue
 .text.event_buffer_dequeue
                0x00400640       0x6c buffer_queue.o
                0x00400640                event_buffer_dequeue
 .text.Dummy_Handler
                0x004006ac        0x2 Device_Startup/startup_samv71q21b.o
                0x004006ac                DACC_Handler
                0x004006ac                SVCall_Handler
                0x004006ac                UART3_Handler
                0x004006ac                UART2_Handler
                0x004006ac                TRNG_Handler
                0x004006ac                HardFault_Handler
                0x004006ac                TC2_Handler
                0x004006ac                SysTick_Handler
                0x004006ac                AFEC1_Handler
                0x004006ac                PendSV_Handler
                0x004006ac                TC7_Handler
                0x004006ac                QSPI_Handler
                0x004006ac                NonMaskableInt_Handler
                0x004006ac                ISI_Handler
                0x004006ac                MCAN0_INT0_Handler
                0x004006ac                TC9_Handler
                0x004006ac                RSWDT_Handler
                0x004006ac                USART0_Handler
                0x004006ac                RTT_Handler
                0x004006ac                USBHS_Handler
                0x004006ac                IXC_Handler
                0x004006ac                CCF_Handler
                0x004006ac                PIOB_Handler
                0x004006ac                RTC_Handler
                0x004006ac                UsageFault_Handler
                0x004006ac                TC6_Handler
                0x004006ac                WDT_Handler
                0x004006ac                MCAN1_INT1_Handler
                0x004006ac                TC4_Handler
                0x004006ac                TC1_Handler
                0x004006ac                HSMCI_Handler
                0x004006ac                UART1_Handler
                0x004006ac                Dummy_Handler
                0x004006ac                TWIHS1_Handler
                0x004006ac                XDMAC_Handler
                0x004006ac                UART4_Handler
                0x004006ac                PWM1_Handler
                0x004006ac                PWM0_Handler
                0x004006ac                PIOA_Handler
                0x004006ac                AFEC0_Handler
                0x004006ac                CCW_Handler
                0x004006ac                SSC_Handler
                0x004006ac                TC11_Handler
                0x004006ac                ACC_Handler
                0x004006ac                PMC_Handler
                0x004006ac                GMAC_Handler
                0x004006ac                MCAN0_INT1_Handler
                0x004006ac                GMAC_Q5_Handler
                0x004006ac                SUPC_Handler
                0x004006ac                TC8_Handler
                0x004006ac                MCAN1_INT0_Handler
                0x004006ac                EFC_Handler
                0x004006ac                GMAC_Q1_Handler
                0x004006ac                USART2_Handler
                0x004006ac                SDRAMC_Handler
                0x004006ac                GMAC_Q2_Handler
                0x004006ac                PIOE_Handler
                0x004006ac                SPI1_Handler
                0x004006ac                TC10_Handler
                0x004006ac                GMAC_Q3_Handler
                0x004006ac                PIOD_Handler
                0x004006ac                TWIHS2_Handler
                0x004006ac                MLB_Handler
                0x004006ac                I2SC0_Handler
                0x004006ac                UART0_Handler
                0x004006ac                I2SC1_Handler
                0x004006ac                PIOC_Handler
                0x004006ac                GMAC_Q4_Handler
                0x004006ac                FPU_Handler
                0x004006ac                BusFault_Handler
                0x004006ac                RSTC_Handler
                0x004006ac                MemoryManagement_Handler
                0x004006ac                DebugMonitor_Handler
                0x004006ac                TC5_Handler
                0x004006ac                ICM_Handler
                0x004006ac                AES_Handler
                0x004006ac                TWIHS0_Handler
                0x004006ac                SPI0_Handler
 *fill*         0x004006ae        0x2 
 .text.Reset_Handler
                0x004006b0       0x68 Device_Startup/startup_samv71q21b.o
                0x004006b0                Reset_Handler
 .text.TIMER_0_init
                0x00400718       0x38 driver_init.o
 .text.MICRO_Timer_init
                0x00400750       0x38 driver_init.o
 .text.SPI_0_PORT_init
                0x00400788       0x4c driver_init.o
                0x00400788                SPI_0_PORT_init
 .text.SPI_0_CLOCK_init
                0x004007d4       0x18 driver_init.o
                0x004007d4                SPI_0_CLOCK_init
 .text.SPI_0_init
                0x004007ec       0x40 driver_init.o
                0x004007ec                SPI_0_init
 .text.RAND_0_CLOCK_init
                0x0040082c       0x1c driver_init.o
                0x0040082c                RAND_0_CLOCK_init
 .text.RAND_0_init
                0x00400848       0x20 driver_init.o
                0x00400848                RAND_0_init
 .text.USART_0_CLOCK_init
                0x00400868       0x18 driver_init.o
                0x00400868                USART_0_CLOCK_init
 .text.USART_0_PORT_init
                0x00400880       0x4c driver_init.o
                0x00400880                USART_0_PORT_init
 .text.USART_0_init
                0x004008cc       0x40 driver_init.o
                0x004008cc                USART_0_init
 .text.system_init
                0x0040090c       0x44 driver_init.o
                0x0040090c                system_init
 .text.atomic_enter_critical
                0x00400950        0xe hal/src/hal_atomic.o
                0x00400950                atomic_enter_critical
 .text.atomic_leave_critical
                0x0040095e        0xc hal/src/hal_atomic.o
                0x0040095e                atomic_leave_critical
 *fill*         0x0040096a        0x2 
 .text.io_write
                0x0040096c       0x30 hal/src/hal_io.o
                0x0040096c                io_write
 .text.io_read  0x0040099c       0x30 hal/src/hal_io.o
                0x0040099c                io_read
 .text.rand_sync_init
                0x004009cc       0x2c hal/src/hal_rand_sync.o
                0x004009cc                rand_sync_init
 .text.spi_m_sync_set_func_ptr
                0x004009f8       0x20 hal/src/hal_spi_m_sync.o
                0x004009f8                spi_m_sync_set_func_ptr
 .text.spi_m_sync_init
                0x00400a18       0x50 hal/src/hal_spi_m_sync.o
                0x00400a18                spi_m_sync_init
 .text.spi_m_sync_enable
                0x00400a68       0x28 hal/src/hal_spi_m_sync.o
                0x00400a68                spi_m_sync_enable
 .text.spi_m_sync_transfer
                0x00400a90       0x40 hal/src/hal_spi_m_sync.o
                0x00400a90                spi_m_sync_transfer
 .text._spi_m_sync_io_write
                0x00400ad0       0x3c hal/src/hal_spi_m_sync.o
 .text._spi_m_sync_io_read
                0x00400b0c       0x3c hal/src/hal_spi_m_sync.o
 .text.spi_m_sync_get_io_descriptor
                0x00400b48       0x2c hal/src/hal_spi_m_sync.o
                0x00400b48                spi_m_sync_get_io_descriptor
 .text.timer_add_timer_task
                0x00400b74       0x50 hal/src/hal_timer.o
 .text.timer_process_counted
                0x00400bc4       0x68 hal/src/hal_timer.o
 .text.timer_init
                0x00400c2c       0x3c hal/src/hal_timer.o
                0x00400c2c                timer_init
 .text.timer_start
                0x00400c68       0x3c hal/src/hal_timer.o
                0x00400c68                timer_start
 .text.timer_stop
                0x00400ca4       0x3c hal/src/hal_timer.o
                0x00400ca4                timer_stop
 .text.timer_add_task
                0x00400ce0       0xa8 hal/src/hal_timer.o
                0x00400ce0                timer_add_task
 .text.usart_transmission_complete
                0x00400d88       0x14 hal/src/hal_usart_async.o
 .text.usart_error
                0x00400d9c       0x14 hal/src/hal_usart_async.o
 .text.usart_fill_rx_buffer
                0x00400db0       0x1c hal/src/hal_usart_async.o
 .text.usart_async_write
                0x00400dcc       0x60 hal/src/hal_usart_async.o
 .text.usart_process_byte_sent
                0x00400e2c       0x34 hal/src/hal_usart_async.o
 .text.usart_async_read
                0x00400e60       0x7c hal/src/hal_usart_async.o
 .text.usart_async_init
                0x00400edc       0x94 hal/src/hal_usart_async.o
                0x00400edc                usart_async_init
 .text.usart_async_enable
                0x00400f70       0x2c hal/src/hal_usart_async.o
                0x00400f70                usart_async_enable
 .text.usart_async_register_callback
                0x00400f9c       0x74 hal/src/hal_usart_async.o
                0x00400f9c                usart_async_register_callback
 .text.assert   0x00401010        0x6 hal/utils/src/utils_assert.o
                0x00401010                assert
 .text.is_list_element
                0x00401016       0x14 hal/utils/src/utils_list.o
                0x00401016                is_list_element
 *fill*         0x0040102a        0x2 
 .text.list_insert_as_head
                0x0040102c       0x2c hal/utils/src/utils_list.o
                0x0040102c                list_insert_as_head
 .text.list_insert_after
                0x00401058        0x8 hal/utils/src/utils_list.o
                0x00401058                list_insert_after
 .text.list_remove_head
                0x00401060       0x10 hal/utils/src/utils_list.o
                0x00401060                list_remove_head
 .text.ringbuffer_init
                0x00401070       0x44 hal/utils/src/utils_ringbuffer.o
                0x00401070                ringbuffer_init
 .text.ringbuffer_get
                0x004010b4       0x44 hal/utils/src/utils_ringbuffer.o
                0x004010b4                ringbuffer_get
 .text.ringbuffer_put
                0x004010f8       0x40 hal/utils/src/utils_ringbuffer.o
                0x004010f8                ringbuffer_put
 .text.ringbuffer_num
                0x00401138       0x24 hal/utils/src/utils_ringbuffer.o
                0x00401138                ringbuffer_num
 .text._irq_set
                0x0040115c       0x20 hpl/core/hpl_core_m7_base.o
                0x0040115c                _irq_set
 .text._init_chip
                0x0040117c       0x54 hpl/core/hpl_init.o
                0x0040117c                _init_chip
 .text._pmc_init_sources
                0x004011d0       0x50 hpl/pmc/hpl_pmc.o
 .text._pmc_init_master_clock
                0x00401220       0x4c hpl/pmc/hpl_pmc.o
 .text._pmc_init
                0x0040126c       0x14 hpl/pmc/hpl_pmc.o
                0x0040126c                _pmc_init
 .text._spi_sync_enable
                0x00401280        0x8 hpl/spi/hpl_spi.o
 .text._spi_get_hardware_index
                0x00401288       0x18 hpl/spi/hpl_spi.o
 .text._spi_m_sync_init
                0x004012a0       0xa8 hpl/spi/hpl_spi.o
                0x004012a0                _spi_m_sync_init
 .text._spi_m_sync_enable
                0x00401348       0x34 hpl/spi/hpl_spi.o
                0x00401348                _spi_m_sync_enable
 .text._spi_m_sync_trans
                0x0040137c      0x100 hpl/spi/hpl_spi.o
                0x0040137c                _spi_m_sync_trans
 .text._spi_get_spi_m_sync
                0x0040147c        0x4 hpl/spi/hpl_spi.o
                0x0040147c                _spi_get_spi_m_sync
 .text.get_cfg  0x00401480       0x3c hpl/tc/hpl_tc.o
 .text._tc_init_irq_param
                0x004014bc       0x28 hpl/tc/hpl_tc.o
 .text.tc_interrupt_handler
                0x004014e4       0x14 hpl/tc/hpl_tc.o
 .text._timer_init
                0x004014f8       0xbc hpl/tc/hpl_tc.o
                0x004014f8                _timer_init
 .text._timer_start
                0x004015b4        0x8 hpl/tc/hpl_tc.o
                0x004015b4                _timer_start
 .text._timer_stop
                0x004015bc        0x8 hpl/tc/hpl_tc.o
                0x004015bc                _timer_stop
 .text._timer_is_started
                0x004015c4        0xa hpl/tc/hpl_tc.o
                0x004015c4                _timer_is_started
 *fill*         0x004015ce        0x2 
 .text._timer_set_irq
                0x004015d0       0x18 hpl/tc/hpl_tc.o
                0x004015d0                _timer_set_irq
 .text._tc_get_timer
                0x004015e8        0x4 hpl/tc/hpl_tc.o
                0x004015e8                _tc_get_timer
 .text.TC0_Handler
                0x004015ec       0x14 hpl/tc/hpl_tc.o
                0x004015ec                TC0_Handler
 .text.TC3_Handler
                0x00401600       0x14 hpl/tc/hpl_tc.o
                0x00401600                TC3_Handler
 .text._rand_sync_init
                0x00401614       0x2c hpl/trng/hpl_trng.o
                0x00401614                _rand_sync_init
 .text._usart_init_irq_param
                0x00401640       0x18 hpl/usart/hpl_usart.o
 .text._usart_get_hardware_index
                0x00401658       0x2c hpl/usart/hpl_usart.o
 .text._get_usart_index
                0x00401684       0x54 hpl/usart/hpl_usart.o
 .text._usart_init
                0x004016d8       0x68 hpl/usart/hpl_usart.o
 .text._usart_get_irq_num
                0x00401740       0x2c hpl/usart/hpl_usart.o
 .text._usart_interrupt_handler
                0x0040176c       0xa4 hpl/usart/hpl_usart.o
 .text._usart_async_init
                0x00401810       0xac hpl/usart/hpl_usart.o
                0x00401810                _usart_async_init
 .text._usart_async_enable
                0x004018bc       0x34 hpl/usart/hpl_usart.o
                0x004018bc                _usart_async_enable
 .text._usart_async_write_byte
                0x004018f0       0x24 hpl/usart/hpl_usart.o
                0x004018f0                _usart_async_write_byte
 .text._usart_async_enable_byte_sent_irq
                0x00401914       0x24 hpl/usart/hpl_usart.o
                0x00401914                _usart_async_enable_byte_sent_irq
 .text._usart_async_enable_tx_done_irq
                0x00401938       0x28 hpl/usart/hpl_usart.o
                0x00401938                _usart_async_enable_tx_done_irq
 .text._usart_async_set_irq_state
                0x00401960       0x88 hpl/usart/hpl_usart.o
                0x00401960                _usart_async_set_irq_state
 .text._usart_get_usart_async
                0x004019e8        0x4 hpl/usart/hpl_usart.o
                0x004019e8                _usart_get_usart_async
 .text.USART1_Handler
                0x004019ec       0x14 hpl/usart/hpl_usart.o
                0x004019ec                USART1_Handler
 .text.timer_task_cb
                0x00401a00       0x44 main.o
 .text.micro_timer_task_cb
                0x00401a44       0x1c main.o
 .text.serial_tx_cb
                0x00401a60        0x2 main.o
 *fill*         0x00401a62        0x2 
 .text.serial_rx_cb
                0x00401a64       0x54 main.o
 .text.process_detector_data
                0x00401ab8       0x18 main.o
                0x00401ab8                process_detector_data
 .text.add_to_buffer
                0x00401ad0       0x68 main.o
                0x00401ad0                add_to_buffer
 .text.read_SPI_data
                0x00401b38       0x78 main.o
                0x00401b38                read_SPI_data
 .text.get_from_buffer
                0x00401bb0       0x4c main.o
                0x00401bb0                get_from_buffer
 .text.main     0x00401bfc      0x258 main.o
                0x00401bfc                main
 .text.__libc_init_array
                0x00401e54       0x48 c:/program files (x86)/atmel/studio/7.0/toolchain/arm/arm-gnu-toolchain/bin/../lib/gcc/arm-none-eabi/6.3.1/../../../../arm-none-eabi/lib/thumb/v7e-m\libc_nano.a(lib_a-init.o)
                0x00401e54                __libc_init_array
 .text.memcpy   0x00401e9c       0x16 c:/program files (x86)/atmel/studio/7.0/toolchain/arm/arm-gnu-toolchain/bin/../lib/gcc/arm-none-eabi/6.3.1/../../../../arm-none-eabi/lib/thumb/v7e-m\libc_nano.a(lib_a-memcpy-stub.o)
                0x00401e9c                memcpy
 .text.memset   0x00401eb2       0x10 c:/program files (x86)/atmel/studio/7.0/toolchain/arm/arm-gnu-toolchain/bin/../lib/gcc/arm-none-eabi/6.3.1/../../../../arm-none-eabi/lib/thumb/v7e-m\libc_nano.a(lib_a-memset.o)
                0x00401eb2                memset
 *(.glue_7t)
 .glue_7t       0x00401ec2        0x0 linker stubs
 *(.glue_7)
 .glue_7        0x00401ec2        0x0 linker stubs
 *(.rodata .rodata* .gnu.linkonce.r.*)
 *fill*         0x00401ec2        0x2 
 .rodata.str1.4
                0x00401ec4       0x14 hal/src/hal_io.o
 .rodata.str1.4
                0x00401ed8       0x1b hal/src/hal_rand_sync.o
 *fill*         0x00401ef3        0x1 
 .rodata.str1.4
                0x00401ef4       0x1c hal/src/hal_spi_m_sync.o
 .rodata.str1.4
                0x00401f10       0x17 hal/src/hal_timer.o
 *fill*         0x00401f27        0x1 
 .rodata.str1.4
                0x00401f28       0x1d hal/src/hal_usart_async.o
 *fill*         0x00401f45        0x3 
 .rodata.str1.4
                0x00401f48       0x1e hal/utils/src/utils_list.o
 *fill*         0x00401f66        0x2 
 .rodata.str1.4
                0x00401f68       0x24 hal/utils/src/utils_ringbuffer.o
 .rodata        0x00401f8c       0x14 hpl/spi/hpl_spi.o
 .rodata.str1.4
                0x00401fa0       0x15 hpl/spi/hpl_spi.o
 *fill*         0x00401fb5        0x3 
 .rodata.str1.4
                0x00401fb8       0x13 hpl/tc/hpl_tc.o
 *fill*         0x00401fcb        0x1 
 .rodata.str1.4
                0x00401fcc       0x17 hpl/trng/hpl_trng.o
 *fill*         0x00401fe3        0x1 
 .rodata        0x00401fe4        0xc hpl/usart/hpl_usart.o
 .rodata.str1.4
                0x00401ff0       0x1c hpl/usart/hpl_usart.o
                                 0x19 (size before relaxing)
 .rodata        0x0040200c        0x4 main.o
 *(.ARM.extab* .gnu.linkonce.armextab.*)
                0x00402010                . = ALIGN (0x4)
 *(.init)
 .init          0x00402010        0x4 c:/program files (x86)/atmel/studio/7.0/toolchain/arm/arm-gnu-toolchain/bin/../lib/gcc/arm-none-eabi/6.3.1/thumb/v7e-m/crti.o
                0x00402010                _init
 .init          0x00402014        0x8 c:/program files (x86)/atmel/studio/7.0/toolchain/arm/arm-gnu-toolchain/bin/../lib/gcc/arm-none-eabi/6.3.1/thumb/v7e-m/crtn.o
                0x0040201c                . = ALIGN (0x4)
                0x0040201c                __preinit_array_start = .
 *(.preinit_array)
                0x0040201c                __preinit_array_end = .
                0x0040201c                . = ALIGN (0x4)
                0x0040201c                __init_array_start = .
 *(SORT(.init_array.*))
 *(.init_array)
 .init_array    0x0040201c        0x4 c:/program files (x86)/atmel/studio/7.0/toolchain/arm/arm-gnu-toolchain/bin/../lib/gcc/arm-none-eabi/6.3.1/thumb/v7e-m/crtbegin.o
                0x00402020                __init_array_end = .
                0x00402020                . = ALIGN (0x4)
 *crtbegin.o(.ctors)
 *(EXCLUDE_FILE(*crtend.o) .ctors)
 *(SORT(.ctors.*))
 *crtend.o(.ctors)
                0x00402020                . = ALIGN (0x4)
 *(.fini)
 .fini          0x00402020        0x4 c:/program files (x86)/atmel/studio/7.0/toolchain/arm/arm-gnu-toolchain/bin/../lib/gcc/arm-none-eabi/6.3.1/thumb/v7e-m/crti.o
                0x00402020                _fini
 .fini          0x00402024        0x8 c:/program files (x86)/atmel/studio/7.0/toolchain/arm/arm-gnu-toolchain/bin/../lib/gcc/arm-none-eabi/6.3.1/thumb/v7e-m/crtn.o
                0x0040202c                . = ALIGN (0x4)
                0x0040202c                __fini_array_start = .
 *(.fini_array)
 .fini_array    0x0040202c        0x4 c:/program files (x86)/atmel/studio/7.0/toolchain/arm/arm-gnu-toolchain/bin/../lib/gcc/arm-none-eabi/6.3.1/thumb/v7e-m/crtbegin.o
 *(SORT(.fini_array.*))
                0x00402030                __fini_array_end = .
 *crtbegin.o(.dtors)
 *(EXCLUDE_FILE(*crtend.o) .dtors)
 *(SORT(.dtors.*))
 *crtend.o(.dtors)
                0x00402030                . = ALIGN (0x4)
                0x00402030                _efixed = .
                [!provide]                PROVIDE (__exidx_start, .)

.vfp11_veneer   0x00402030        0x0
 .vfp11_veneer  0x00402030        0x0 linker stubs

.v4_bx          0x00402030        0x0
 .v4_bx         0x00402030        0x0 linker stubs

.iplt           0x00402030        0x0
 .iplt          0x00402030        0x0 c:/program files (x86)/atmel/studio/7.0/toolchain/arm/arm-gnu-toolchain/bin/../lib/gcc/arm-none-eabi/6.3.1/thumb/v7e-m/crtbegin.o

.eh_frame       0x00402030        0x0
 .eh_frame      0x00402030        0x0 c:/program files (x86)/atmel/studio/7.0/toolchain/arm/arm-gnu-toolchain/bin/../lib/gcc/arm-none-eabi/6.3.1/thumb/v7e-m/crtbegin.o

.rel.dyn        0x00402030        0x0
 .rel.iplt      0x00402030        0x0 c:/program files (x86)/atmel/studio/7.0/toolchain/arm/arm-gnu-toolchain/bin/../lib/gcc/arm-none-eabi/6.3.1/thumb/v7e-m/crtbegin.o

.jcr            0x00402030        0x0
 .jcr           0x00402030        0x0 c:/program files (x86)/atmel/studio/7.0/toolchain/arm/arm-gnu-toolchain/bin/../lib/gcc/arm-none-eabi/6.3.1/thumb/v7e-m/crtbegin.o

.igot.plt       0x00402030        0x0
 .igot.plt      0x00402030        0x0 c:/program files (x86)/atmel/studio/7.0/toolchain/arm/arm-gnu-toolchain/bin/../lib/gcc/arm-none-eabi/6.3.1/thumb/v7e-m/crtbegin.o

.ARM.exidx
 *(.ARM.exidx* .gnu.linkonce.armexidx.*)
                [!provide]                PROVIDE (__exidx_end, .)
                0x00402030                . = ALIGN (0x4)
                0x00402030                _etext = .

.relocate       0x20400000       0x50 load address 0x00402030
                0x20400000                . = ALIGN (0x4)
                0x20400000                _srelocate = .
 *(.ramfunc .ramfunc.*)
 *(.data .data.*)
 .data          0x20400000       0x48 hpl/tc/hpl_tc.o
 .data          0x20400048        0x8 main.o
                0x20400048                message_interval_ms
                0x20400049                data_mode
                0x2040004a                previous_data_mode
                0x2040004c                rt
                0x20400050                . = ALIGN (0x4)
                0x20400050                _erelocate = .

.bss            0x20400050     0x15b4 load address 0x00402080
                0x20400050                . = ALIGN (0x4)
                0x20400050                _sbss = .
                0x20400050                _szero = .
 *(.bss .bss.*)
 .bss           0x20400050       0x1c c:/program files (x86)/atmel/studio/7.0/toolchain/arm/arm-gnu-toolchain/bin/../lib/gcc/arm-none-eabi/6.3.1/thumb/v7e-m/crtbegin.o
 .bss           0x2040006c      0x3a0 buffer_queue.o
                0x2040006c                bin_buffer_queue
                0x20400368                event_buffer_queue
 .bss           0x2040040c       0x10 driver_init.o
 .bss           0x2040041c        0x8 hpl/tc/hpl_tc.o
 .bss           0x20400424        0x4 hpl/usart/hpl_usart.o
 .bss           0x20400428       0x54 main.o
                0x20400428                milliCounter
                0x2040042c                messageCounter
                0x20400430                send_data_flag
                0x20400434                secondCounter
                0x20400438                read_bme280_flag
                0x2040043a                microCounter
                0x2040043d                startSend
                0x20400440                end_index
                0x20400444                start_index
                0x20400470                total_bytes
                0x20400471                serial_received_bytes_counter
                0x20400472                serial_complete
                0x20400473                serial_receiving
                0x20400474                time_datum
                0x20400478                calibrated_time_ms
 *(COMMON)
 COMMON         0x2040047c       0xa8 driver_init.o
                0x2040047c                MICRO_Timer
                0x20400498                RAND_0
                0x204004a0                SPI_0
                0x204004b8                USART_0
                0x20400508                TIMER_0
 COMMON         0x20400524     0x10e0 main.o
                0x20400524                energy_bins
                0x20400624                detector_data
                0x204015c4                bme280
                0x20401604                . = ALIGN (0x4)
                0x20401604                _ebss = .
                0x20401604                _ezero = .

.heap           0x20401604      0x204 load address 0x00403634
                0x20401608                . = ALIGN (0x8)
 *fill*         0x20401604        0x4 
                0x20401608                _sheap = .
                0x20401808                . = (. + HEAP_SIZE)
 *fill*         0x20401608      0x200 
                0x20401808                . = ALIGN (0x8)
                0x20401808                _eheap = .

.stack          0x20401808      0x400 load address 0x00403838
                0x20401808                . = ALIGN (0x8)
                0x20401808                _sstack = .
                0x20401c08                . = (. + STACK_SIZE)
 *fill*         0x20401808      0x400 
                0x20401c08                . = ALIGN (0x8)
                0x20401c08                _estack = .
                0x20401c08                . = ALIGN (0x4)
                0x20401c08                _end = .
                0x2045ffff                _ram_end_ = ((ORIGIN (ram) + LENGTH (ram)) - 0x1)
OUTPUT(ADCSPI.elf elf32-littlearm)

.ARM.attributes
                0x00000000       0x2e
 .ARM.attributes
                0x00000000       0x1e c:/program files (x86)/atmel/studio/7.0/toolchain/arm/arm-gnu-toolchain/bin/../lib/gcc/arm-none-eabi/6.3.1/thumb/v7e-m/crti.o
 .ARM.attributes
                0x0000001e       0x2e c:/program files (x86)/atmel/studio/7.0/toolchain/arm/arm-gnu-toolchain/bin/../lib/gcc/arm-none-eabi/6.3.1/thumb/v7e-m/crtbegin.o
 .ARM.attributes
                0x0000004c       0x37 atmel_start.o
 .ARM.attributes
                0x00000083       0x37 bme280.o
 .ARM.attributes
                0x000000ba       0x37 buffer_queue.o
 .ARM.attributes
                0x000000f1       0x37 Device_Startup/startup_samv71q21b.o
 .ARM.attributes
                0x00000128       0x37 driver_init.o
 .ARM.attributes
                0x0000015f       0x37 hal/src/hal_atomic.o
 .ARM.attributes
                0x00000196       0x37 hal/src/hal_io.o
 .ARM.attributes
                0x000001cd       0x37 hal/src/hal_rand_sync.o
 .ARM.attributes
                0x00000204       0x37 hal/src/hal_spi_m_sync.o
 .ARM.attributes
                0x0000023b       0x37 hal/src/hal_timer.o
 .ARM.attributes
                0x00000272       0x37 hal/src/hal_usart_async.o
 .ARM.attributes
                0x000002a9       0x37 hal/utils/src/utils_assert.o
 .ARM.attributes
                0x000002e0       0x37 hal/utils/src/utils_list.o
 .ARM.attributes
                0x00000317       0x37 hal/utils/src/utils_ringbuffer.o
 .ARM.attributes
                0x0000034e       0x37 hpl/core/hpl_core_m7_base.o
 .ARM.attributes
                0x00000385       0x37 hpl/core/hpl_init.o
 .ARM.attributes
                0x000003bc       0x37 hpl/pmc/hpl_pmc.o
 .ARM.attributes
                0x000003f3       0x37 hpl/spi/hpl_spi.o
 .ARM.attributes
                0x0000042a       0x37 hpl/tc/hpl_tc.o
 .ARM.attributes
                0x00000461       0x37 hpl/trng/hpl_trng.o
 .ARM.attributes
                0x00000498       0x37 hpl/usart/hpl_usart.o
 .ARM.attributes
                0x000004cf       0x37 main.o
 .ARM.attributes
                0x00000506       0x2e c:/program files (x86)/atmel/studio/7.0/toolchain/arm/arm-gnu-toolchain/bin/../lib/gcc/arm-none-eabi/6.3.1/../../../../arm-none-eabi/lib/thumb/v7e-m\libc_nano.a(lib_a-init.o)
 .ARM.attributes
                0x00000534       0x2e c:/program files (x86)/atmel/studio/7.0/toolchain/arm/arm-gnu-toolchain/bin/../lib/gcc/arm-none-eabi/6.3.1/../../../../arm-none-eabi/lib/thumb/v7e-m\libc_nano.a(lib_a-memcpy-stub.o)
 .ARM.attributes
                0x00000562       0x2e c:/program files (x86)/atmel/studio/7.0/toolchain/arm/arm-gnu-toolchain/bin/../lib/gcc/arm-none-eabi/6.3.1/../../../../arm-none-eabi/lib/thumb/v7e-m\libc_nano.a(lib_a-memset.o)
 .ARM.attributes
                0x00000590       0x1e c:/program files (x86)/atmel/studio/7.0/toolchain/arm/arm-gnu-toolchain/bin/../lib/gcc/arm-none-eabi/6.3.1/thumb/v7e-m/crtn.o

.comment        0x00000000       0x59
 .comment       0x00000000       0x59 atmel_start.o
                                 0x5a (size before relaxing)
 .comment       0x00000059       0x5a bme280.o
 .comment       0x00000059       0x5a buffer_queue.o
 .comment       0x00000059       0x5a Device_Startup/startup_samv71q21b.o
 .comment       0x00000059       0x5a driver_init.o
 .comment       0x00000059       0x5a hal/src/hal_atomic.o
 .comment       0x00000059       0x5a hal/src/hal_io.o
 .comment       0x00000059       0x5a hal/src/hal_rand_sync.o
 .comment       0x00000059       0x5a hal/src/hal_spi_m_sync.o
 .comment       0x00000059       0x5a hal/src/hal_timer.o
 .comment       0x00000059       0x5a hal/src/hal_usart_async.o
 .comment       0x00000059       0x5a hal/utils/src/utils_assert.o
 .comment       0x00000059       0x5a hal/utils/src/utils_list.o
 .comment       0x00000059       0x5a hal/utils/src/utils_ringbuffer.o
 .comment       0x00000059       0x5a hpl/core/hpl_core_m7_base.o
 .comment       0x00000059       0x5a hpl/core/hpl_init.o
 .comment       0x00000059       0x5a hpl/pmc/hpl_pmc.o
 .comment       0x00000059       0x5a hpl/spi/hpl_spi.o
 .comment       0x00000059       0x5a hpl/tc/hpl_tc.o
 .comment       0x00000059       0x5a hpl/trng/hpl_trng.o
 .comment       0x00000059       0x5a hpl/usart/hpl_usart.o
 .comment       0x00000059       0x5a main.o

.debug_info     0x00000000    0x152a5
 .debug_info    0x00000000      0x5db atmel_start.o
 .debug_info    0x000005db     0x1b4a bme280.o
 .debug_info    0x00002125      0x407 buffer_queue.o
 .debug_info    0x0000252c      0xb34 Device_Startup/startup_samv71q21b.o
 .debug_info    0x00003060     0x2315 driver_init.o
 .debug_info    0x00005375      0x1fa hal/src/hal_atomic.o
 .debug_info    0x0000556f      0x311 hal/src/hal_io.o
 .debug_info    0x00005880      0x691 hal/src/hal_rand_sync.o
 .debug_info    0x00005f11      0xa9e hal/src/hal_spi_m_sync.o
 .debug_info    0x000069af      0xc5c hal/src/hal_timer.o
 .debug_info    0x0000760b     0x1393 hal/src/hal_usart_async.o
 .debug_info    0x0000899e      0x130 hal/utils/src/utils_assert.o
 .debug_info    0x00008ace      0x33e hal/utils/src/utils_list.o
 .debug_info    0x00008e0c      0x342 hal/utils/src/utils_ringbuffer.o
 .debug_info    0x0000914e      0xd99 hpl/core/hpl_core_m7_base.o
 .debug_info    0x00009ee7      0x6be hpl/core/hpl_init.o
 .debug_info    0x0000a5a5      0x894 hpl/pmc/hpl_pmc.o
 .debug_info    0x0000ae39     0x2ec9 hpl/spi/hpl_spi.o
 .debug_info    0x0000dd02     0x13d3 hpl/tc/hpl_tc.o
 .debug_info    0x0000f0d5      0x546 hpl/trng/hpl_trng.o
 .debug_info    0x0000f61b     0x35cf hpl/usart/hpl_usart.o
 .debug_info    0x00012bea     0x26bb main.o

.debug_abbrev   0x00000000     0x2f83
 .debug_abbrev  0x00000000      0x104 atmel_start.o
 .debug_abbrev  0x00000104      0x218 bme280.o
 .debug_abbrev  0x0000031c      0x120 buffer_queue.o
 .debug_abbrev  0x0000043c      0x153 Device_Startup/startup_samv71q21b.o
 .debug_abbrev  0x0000058f      0x327 driver_init.o
 .debug_abbrev  0x000008b6      0x155 hal/src/hal_atomic.o
 .debug_abbrev  0x00000a0b      0x12d hal/src/hal_io.o
 .debug_abbrev  0x00000b38      0x190 hal/src/hal_rand_sync.o
 .debug_abbrev  0x00000cc8      0x1c9 hal/src/hal_spi_m_sync.o
 .debug_abbrev  0x00000e91      0x232 hal/src/hal_timer.o
 .debug_abbrev  0x000010c3      0x2a1 hal/src/hal_usart_async.o
 .debug_abbrev  0x00001364       0x9e hal/utils/src/utils_assert.o
 .debug_abbrev  0x00001402      0x186 hal/utils/src/utils_list.o
 .debug_abbrev  0x00001588      0x10c hal/utils/src/utils_ringbuffer.o
 .debug_abbrev  0x00001694      0x2b1 hpl/core/hpl_core_m7_base.o
 .debug_abbrev  0x00001945      0x1e7 hpl/core/hpl_init.o
 .debug_abbrev  0x00001b2c      0x1b7 hpl/pmc/hpl_pmc.o
 .debug_abbrev  0x00001ce3      0x458 hpl/spi/hpl_spi.o
 .debug_abbrev  0x0000213b      0x3a4 hpl/tc/hpl_tc.o
 .debug_abbrev  0x000024df      0x1bc hpl/trng/hpl_trng.o
 .debug_abbrev  0x0000269b      0x46c hpl/usart/hpl_usart.o
 .debug_abbrev  0x00002b07      0x47c main.o

.debug_loc      0x00000000     0x9d3e
 .debug_loc     0x00000000       0x20 atmel_start.o
 .debug_loc     0x00000020     0x19b9 bme280.o
 .debug_loc     0x000019d9      0x112 buffer_queue.o
 .debug_loc     0x00001aeb       0x78 Device_Startup/startup_samv71q21b.o
 .debug_loc     0x00001b63      0x48c driver_init.o
 .debug_loc     0x00001fef       0x13 hal/src/hal_atomic.o
 .debug_loc     0x00002002      0x132 hal/src/hal_io.o
 .debug_loc     0x00002134      0x561 hal/src/hal_rand_sync.o
 .debug_loc     0x00002695      0x6a5 hal/src/hal_spi_m_sync.o
 .debug_loc     0x00002d3a      0x5fb hal/src/hal_timer.o
 .debug_loc     0x00003335      0xd9a hal/src/hal_usart_async.o
 .debug_loc     0x000040cf      0x24b hal/utils/src/utils_list.o
 .debug_loc     0x0000431a      0x278 hal/utils/src/utils_ringbuffer.o
 .debug_loc     0x00004592      0x23a hpl/core/hpl_core_m7_base.o
 .debug_loc     0x000047cc       0x77 hpl/core/hpl_init.o
 .debug_loc     0x00004843      0x204 hpl/pmc/hpl_pmc.o
 .debug_loc     0x00004a47     0x227a hpl/spi/hpl_spi.o
 .debug_loc     0x00006cc1      0x686 hpl/tc/hpl_tc.o
 .debug_loc     0x00007347      0x239 hpl/trng/hpl_trng.o
 .debug_loc     0x00007580     0x211d hpl/usart/hpl_usart.o
 .debug_loc     0x0000969d      0x6a1 main.o

.debug_aranges  0x00000000      0xb98
 .debug_aranges
                0x00000000       0x20 atmel_start.o
 .debug_aranges
                0x00000020      0x120 bme280.o
 .debug_aranges
                0x00000140       0x38 buffer_queue.o
 .debug_aranges
                0x00000178       0x28 Device_Startup/startup_samv71q21b.o
 .debug_aranges
                0x000001a0       0x80 driver_init.o
 .debug_aranges
                0x00000220       0x30 hal/src/hal_atomic.o
 .debug_aranges
                0x00000250       0x30 hal/src/hal_io.o
 .debug_aranges
                0x00000280       0x70 hal/src/hal_rand_sync.o
 .debug_aranges
                0x000002f0       0x88 hal/src/hal_spi_m_sync.o
 .debug_aranges
                0x00000378       0x70 hal/src/hal_timer.o
 .debug_aranges
                0x000003e8       0xe0 hal/src/hal_usart_async.o
 .debug_aranges
                0x000004c8       0x20 hal/utils/src/utils_assert.o
 .debug_aranges
                0x000004e8       0x48 hal/utils/src/utils_list.o
 .debug_aranges
                0x00000530       0x40 hal/utils/src/utils_ringbuffer.o
 .debug_aranges
                0x00000570       0x80 hpl/core/hpl_core_m7_base.o
 .debug_aranges
                0x000005f0       0x20 hpl/core/hpl_init.o
 .debug_aranges
                0x00000610       0x30 hpl/pmc/hpl_pmc.o
 .debug_aranges
                0x00000640      0x230 hpl/spi/hpl_spi.o
 .debug_aranges
                0x00000870       0x90 hpl/tc/hpl_tc.o
 .debug_aranges
                0x00000900       0x48 hpl/trng/hpl_trng.o
 .debug_aranges
                0x00000948      0x1e0 hpl/usart/hpl_usart.o
 .debug_aranges
                0x00000b28       0x70 main.o

.debug_ranges   0x00000000      0xac8
 .debug_ranges  0x00000000       0x10 atmel_start.o
 .debug_ranges  0x00000010      0x110 bme280.o
 .debug_ranges  0x00000120       0x28 buffer_queue.o
 .debug_ranges  0x00000148       0x18 Device_Startup/startup_samv71q21b.o
 .debug_ranges  0x00000160       0x70 driver_init.o
 .debug_ranges  0x000001d0       0x20 hal/src/hal_atomic.o
 .debug_ranges  0x000001f0       0x20 hal/src/hal_io.o
 .debug_ranges  0x00000210       0x60 hal/src/hal_rand_sync.o
 .debug_ranges  0x00000270       0x78 hal/src/hal_spi_m_sync.o
 .debug_ranges  0x000002e8       0x90 hal/src/hal_timer.o
 .debug_ranges  0x00000378       0xd0 hal/src/hal_usart_async.o
 .debug_ranges  0x00000448       0x10 hal/utils/src/utils_assert.o
 .debug_ranges  0x00000458       0x38 hal/utils/src/utils_list.o
 .debug_ranges  0x00000490       0x30 hal/utils/src/utils_ringbuffer.o
 .debug_ranges  0x000004c0       0x70 hpl/core/hpl_core_m7_base.o
 .debug_ranges  0x00000530       0x10 hpl/core/hpl_init.o
 .debug_ranges  0x00000540       0x20 hpl/pmc/hpl_pmc.o
 .debug_ranges  0x00000560      0x280 hpl/spi/hpl_spi.o
 .debug_ranges  0x000007e0       0x80 hpl/tc/hpl_tc.o
 .debug_ranges  0x00000860       0x38 hpl/trng/hpl_trng.o
 .debug_ranges  0x00000898      0x1d0 hpl/usart/hpl_usart.o
 .debug_ranges  0x00000a68       0x60 main.o

.debug_macro    0x00000000    0x3e27d
 .debug_macro   0x00000000      0x7cc atmel_start.o
 .debug_macro   0x000007cc      0x8b0 atmel_start.o
 .debug_macro   0x0000107c      0x16d atmel_start.o
 .debug_macro   0x000011e9       0x22 atmel_start.o
 .debug_macro   0x0000120b       0x87 atmel_start.o
 .debug_macro   0x00001292       0x51 atmel_start.o
 .debug_macro   0x000012e3       0xef atmel_start.o
 .debug_macro   0x000013d2       0x6a atmel_start.o
 .debug_macro   0x0000143c      0x1df atmel_start.o
 .debug_macro   0x0000161b       0x22 atmel_start.o
 .debug_macro   0x0000163d       0xd7 atmel_start.o
 .debug_macro   0x00001714       0x1c atmel_start.o
 .debug_macro   0x00001730       0x22 atmel_start.o
 .debug_macro   0x00001752       0xdf atmel_start.o
 .debug_macro   0x00001831     0x12cd atmel_start.o
 .debug_macro   0x00002afe      0x11f atmel_start.o
 .debug_macro   0x00002c1d       0x19 atmel_start.o
 .debug_macro   0x00002c36      0x3e2 atmel_start.o
 .debug_macro   0x00003018      0x5a9 atmel_start.o
 .debug_macro   0x000035c1     0x1797 atmel_start.o
 .debug_macro   0x00004d58      0x3bb atmel_start.o
 .debug_macro   0x00005113      0x830 atmel_start.o
 .debug_macro   0x00005943      0x316 atmel_start.o
 .debug_macro   0x00005c59     0x269d atmel_start.o
 .debug_macro   0x000082f6       0x40 atmel_start.o
 .debug_macro   0x00008336     0x105e atmel_start.o
 .debug_macro   0x00009394      0x60b atmel_start.o
 .debug_macro   0x0000999f      0x555 atmel_start.o
 .debug_macro   0x00009ef4      0xb8f atmel_start.o
 .debug_macro   0x0000aa83      0x62e atmel_start.o
 .debug_macro   0x0000b0b1     0x3ac9 atmel_start.o
 .debug_macro   0x0000eb7a      0x6bf atmel_start.o
 .debug_macro   0x0000f239     0x83ff atmel_start.o
 .debug_macro   0x00017638     0x326e atmel_start.o
 .debug_macro   0x0001a8a6     0x24d0 atmel_start.o
 .debug_macro   0x0001cd76      0x87f atmel_start.o
 .debug_macro   0x0001d5f5      0x17d atmel_start.o
 .debug_macro   0x0001d772      0x118 atmel_start.o
 .debug_macro   0x0001d88a      0x909 atmel_start.o
 .debug_macro   0x0001e193      0x125 atmel_start.o
 .debug_macro   0x0001e2b8      0x503 atmel_start.o
 .debug_macro   0x0001e7bb      0x3e0 atmel_start.o
 .debug_macro   0x0001eb9b      0x709 atmel_start.o
 .debug_macro   0x0001f2a4      0xb64 atmel_start.o
 .debug_macro   0x0001fe08      0xf03 atmel_start.o
 .debug_macro   0x00020d0b      0xff2 atmel_start.o
 .debug_macro   0x00021cfd      0x1a8 atmel_start.o
 .debug_macro   0x00021ea5      0x124 atmel_start.o
 .debug_macro   0x00021fc9      0xbc2 atmel_start.o
 .debug_macro   0x00022b8b      0x5c5 atmel_start.o
 .debug_macro   0x00023150     0x1afb atmel_start.o
 .debug_macro   0x00024c4b      0x664 atmel_start.o
 .debug_macro   0x000252af     0x41a7 atmel_start.o
 .debug_macro   0x00029456      0x64f atmel_start.o
 .debug_macro   0x00029aa5       0xc4 atmel_start.o
 .debug_macro   0x00029b69      0x12d atmel_start.o
 .debug_macro   0x00029c96     0x2a5f atmel_start.o
 .debug_macro   0x0002c6f5       0x7c atmel_start.o
 .debug_macro   0x0002c771      0x14e atmel_start.o
 .debug_macro   0x0002c8bf       0xf4 atmel_start.o
 .debug_macro   0x0002c9b3       0xf4 atmel_start.o
 .debug_macro   0x0002caa7       0x16 atmel_start.o
 .debug_macro   0x0002cabd       0x7c atmel_start.o
 .debug_macro   0x0002cb39       0x40 atmel_start.o
 .debug_macro   0x0002cb79      0x623 atmel_start.o
 .debug_macro   0x0002d19c       0x40 atmel_start.o
 .debug_macro   0x0002d1dc      0x7ce atmel_start.o
 .debug_macro   0x0002d9aa       0x6a atmel_start.o
 .debug_macro   0x0002da14       0x6a atmel_start.o
 .debug_macro   0x0002da7e       0x88 atmel_start.o
 .debug_macro   0x0002db06       0xac atmel_start.o
 .debug_macro   0x0002dbb2      0x142 atmel_start.o
 .debug_macro   0x0002dcf4      0x138 atmel_start.o
 .debug_macro   0x0002de2c      0x138 atmel_start.o
 .debug_macro   0x0002df64       0xee atmel_start.o
 .debug_macro   0x0002e052      0x187 atmel_start.o
 .debug_macro   0x0002e1d9      0x180 atmel_start.o
 .debug_macro   0x0002e359      0x180 atmel_start.o
 .debug_macro   0x0002e4d9      0x180 atmel_start.o
 .debug_macro   0x0002e659      0x180 atmel_start.o
 .debug_macro   0x0002e7d9      0x121 atmel_start.o
 .debug_macro   0x0002e8fa      0x352 atmel_start.o
 .debug_macro   0x0002ec4c      0x352 atmel_start.o
 .debug_macro   0x0002ef9e       0x82 atmel_start.o
 .debug_macro   0x0002f020       0x22 atmel_start.o
 .debug_macro   0x0002f042       0x22 atmel_start.o
 .debug_macro   0x0002f064       0x58 atmel_start.o
 .debug_macro   0x0002f0bc       0x28 atmel_start.o
 .debug_macro   0x0002f0e4       0x64 atmel_start.o
 .debug_macro   0x0002f148       0x94 atmel_start.o
 .debug_macro   0x0002f1dc       0x7c atmel_start.o
 .debug_macro   0x0002f258       0x7c atmel_start.o
 .debug_macro   0x0002f2d4       0x8e atmel_start.o
 .debug_macro   0x0002f362       0x34 atmel_start.o
 .debug_macro   0x0002f396      0x1a8 atmel_start.o
 .debug_macro   0x0002f53e      0x1a8 atmel_start.o
 .debug_macro   0x0002f6e6      0x1a8 atmel_start.o
 .debug_macro   0x0002f88e      0x1a8 atmel_start.o
 .debug_macro   0x0002fa36       0x3a atmel_start.o
 .debug_macro   0x0002fa70       0x82 atmel_start.o
 .debug_macro   0x0002faf2       0x82 atmel_start.o
 .debug_macro   0x0002fb74       0x82 atmel_start.o
 .debug_macro   0x0002fbf6       0x70 atmel_start.o
 .debug_macro   0x0002fc66       0x70 atmel_start.o
 .debug_macro   0x0002fcd6       0x70 atmel_start.o
 .debug_macro   0x0002fd46       0x70 atmel_start.o
 .debug_macro   0x0002fdb6       0x70 atmel_start.o
 .debug_macro   0x0002fe26       0xf4 atmel_start.o
 .debug_macro   0x0002ff1a       0xf4 atmel_start.o
 .debug_macro   0x0003000e       0xf4 atmel_start.o
 .debug_macro   0x00030102      0x71f atmel_start.o
 .debug_macro   0x00030821       0x16 atmel_start.o
 .debug_macro   0x00030837       0x22 atmel_start.o
 .debug_macro   0x00030859      0x9bf atmel_start.o
 .debug_macro   0x00031218      0x59f atmel_start.o
 .debug_macro   0x000317b7     0x2879 atmel_start.o
 .debug_macro   0x00034030      0x169 atmel_start.o
 .debug_macro   0x00034199       0x10 atmel_start.o
 .debug_macro   0x000341a9       0x10 atmel_start.o
 .debug_macro   0x000341b9       0x16 atmel_start.o
 .debug_macro   0x000341cf       0x16 atmel_start.o
 .debug_macro   0x000341e5       0x16 atmel_start.o
 .debug_macro   0x000341fb       0x16 atmel_start.o
 .debug_macro   0x00034211       0x16 atmel_start.o
 .debug_macro   0x00034227       0x16 atmel_start.o
 .debug_macro   0x0003423d       0x16 atmel_start.o
 .debug_macro   0x00034253       0x16 atmel_start.o
 .debug_macro   0x00034269       0x16 atmel_start.o
 .debug_macro   0x0003427f       0x16 atmel_start.o
 .debug_macro   0x00034295       0x16 atmel_start.o
 .debug_macro   0x000342ab       0x16 atmel_start.o
 .debug_macro   0x000342c1       0x16 atmel_start.o
 .debug_macro   0x000342d7       0x16 atmel_start.o
 .debug_macro   0x000342ed       0x16 atmel_start.o
 .debug_macro   0x00034303       0x16 atmel_start.o
 .debug_macro   0x00034319       0x16 atmel_start.o
 .debug_macro   0x0003432f       0x16 atmel_start.o
 .debug_macro   0x00034345       0x16 atmel_start.o
 .debug_macro   0x0003435b       0x16 atmel_start.o
 .debug_macro   0x00034371       0x16 atmel_start.o
 .debug_macro   0x00034387       0x16 atmel_start.o
 .debug_macro   0x0003439d       0x16 atmel_start.o
 .debug_macro   0x000343b3       0x16 atmel_start.o
 .debug_macro   0x000343c9       0x16 atmel_start.o
 .debug_macro   0x000343df       0x16 atmel_start.o
 .debug_macro   0x000343f5       0x16 atmel_start.o
 .debug_macro   0x0003440b      0x27e atmel_start.o
 .debug_macro   0x00034689       0x16 atmel_start.o
 .debug_macro   0x0003469f       0x16 atmel_start.o
 .debug_macro   0x000346b5       0x16 atmel_start.o
 .debug_macro   0x000346cb      0x373 atmel_start.o
 .debug_macro   0x00034a3e       0xa9 atmel_start.o
 .debug_macro   0x00034ae7       0x16 atmel_start.o
 .debug_macro   0x00034afd       0x16 atmel_start.o
 .debug_macro   0x00034b13       0x16 atmel_start.o
 .debug_macro   0x00034b29       0xca atmel_start.o
 .debug_macro   0x00034bf3       0x1c atmel_start.o
 .debug_macro   0x00034c0f       0x16 atmel_start.o
 .debug_macro   0x00034c25       0x3a atmel_start.o
 .debug_macro   0x00034c5f       0xc9 atmel_start.o
 .debug_macro   0x00034d28       0x91 bme280.o
 .debug_macro   0x00034db9      0x278 bme280.o
 .debug_macro   0x00035031       0x72 buffer_queue.o
 .debug_macro   0x000350a3       0x28 buffer_queue.o
 .debug_macro   0x000350cb      0x49c Device_Startup/startup_samv71q21b.o
 .debug_macro   0x00035567       0xd1 Device_Startup/startup_samv71q21b.o
 .debug_macro   0x00035638      0x822 driver_init.o
 .debug_macro   0x00035e5a       0x10 driver_init.o
 .debug_macro   0x00035e6a       0x64 driver_init.o
 .debug_macro   0x00035ece      0x669 hal/src/hal_atomic.o
 .debug_macro   0x00036537      0x67e hal/src/hal_io.o
 .debug_macro   0x00036bb5      0x693 hal/src/hal_rand_sync.o
 .debug_macro   0x00037248      0x6c6 hal/src/hal_spi_m_sync.o
 .debug_macro   0x0003790e      0x6b5 hal/src/hal_timer.o
 .debug_macro   0x00037fc3      0x6cd hal/src/hal_usart_async.o
 .debug_macro   0x00038690      0x673 hal/utils/src/utils_assert.o
 .debug_macro   0x00038d03       0x10 hal/utils/src/utils_assert.o
 .debug_macro   0x00038d13      0x678 hal/utils/src/utils_list.o
 .debug_macro   0x0003938b      0x678 hal/utils/src/utils_ringbuffer.o
 .debug_macro   0x00039a03      0x6c9 hpl/core/hpl_core_m7_base.o
 .debug_macro   0x0003a0cc      0x6e1 hpl/core/hpl_init.o
 .debug_macro   0x0003a7ad      0x324 hpl/core/hpl_init.o
 .debug_macro   0x0003aad1      0x9df hpl/core/hpl_init.o
 .debug_macro   0x0003b4b0      0x692 hpl/pmc/hpl_pmc.o
 .debug_macro   0x0003bb42      0x739 hpl/spi/hpl_spi.o
 .debug_macro   0x0003c27b       0x64 hpl/spi/hpl_spi.o
 .debug_macro   0x0003c2df       0x1c hpl/spi/hpl_spi.o
 .debug_macro   0x0003c2fb       0x22 hpl/spi/hpl_spi.o
 .debug_macro   0x0003c31d       0x10 hpl/spi/hpl_spi.o
 .debug_macro   0x0003c32d      0x6e4 hpl/tc/hpl_tc.o
 .debug_macro   0x0003ca11       0x10 hpl/tc/hpl_tc.o
 .debug_macro   0x0003ca21      0x114 hpl/tc/hpl_tc.o
 .debug_macro   0x0003cb35      0x67d hpl/trng/hpl_trng.o
 .debug_macro   0x0003d1b2      0x6d9 hpl/usart/hpl_usart.o
 .debug_macro   0x0003d88b       0x9f hpl/usart/hpl_usart.o
 .debug_macro   0x0003d92a      0x909 main.o
 .debug_macro   0x0003e233       0x1c main.o
 .debug_macro   0x0003e24f       0x2e main.o

.debug_line     0x00000000    0x12706
 .debug_line    0x00000000      0xe1e atmel_start.o
 .debug_line    0x00000e1e      0x64e bme280.o
 .debug_line    0x0000146c      0x299 buffer_queue.o
 .debug_line    0x00001705      0x900 Device_Startup/startup_samv71q21b.o
 .debug_line    0x00002005     0x1052 driver_init.o
 .debug_line    0x00003057      0xc78 hal/src/hal_atomic.o
 .debug_line    0x00003ccf      0xc70 hal/src/hal_io.o
 .debug_line    0x0000493f      0xd8d hal/src/hal_rand_sync.o
 .debug_line    0x000056cc      0xda7 hal/src/hal_spi_m_sync.o
 .debug_line    0x00006473      0xdbd hal/src/hal_timer.o
 .debug_line    0x00007230      0xf14 hal/src/hal_usart_async.o
 .debug_line    0x00008144      0xc4d hal/utils/src/utils_assert.o
 .debug_line    0x00008d91      0xce5 hal/utils/src/utils_list.o
 .debug_line    0x00009a76      0xcd6 hal/utils/src/utils_ringbuffer.o
 .debug_line    0x0000a74c      0xdf5 hpl/core/hpl_core_m7_base.o
 .debug_line    0x0000b541      0xd33 hpl/core/hpl_init.o
 .debug_line    0x0000c274      0xd3e hpl/pmc/hpl_pmc.o
 .debug_line    0x0000cfb2     0x1767 hpl/spi/hpl_spi.o
 .debug_line    0x0000e719      0xe8d hpl/tc/hpl_tc.o
 .debug_line    0x0000f5a6      0xce3 hpl/trng/hpl_trng.o
 .debug_line    0x00010289     0x13f5 hpl/usart/hpl_usart.o
 .debug_line    0x0001167e     0x1088 main.o

.debug_str      0x00000000   0x147a74
 .debug_str     0x00000000   0x13a8e1 atmel_start.o
                             0x13b2f5 (size before relaxing)
 .debug_str     0x0013a8e1     0x1368 bme280.o
                               0x4b91 (size before relaxing)
 .debug_str     0x0013bc49      0x248 buffer_queue.o
                               0x36db (size before relaxing)
 .debug_str     0x0013be91      0x78d Device_Startup/startup_samv71q21b.o
                             0x1353c8 (size before relaxing)
 .debug_str     0x0013c61e      0xcea driver_init.o
                             0x13c01d (size before relaxing)
 .debug_str     0x0013d308       0x9c hal/src/hal_atomic.o
                             0x13a780 (size before relaxing)
 .debug_str     0x0013d3a4       0x76 hal/src/hal_io.o
                             0x13a81b (size before relaxing)
 .debug_str     0x0013d41a      0x127 hal/src/hal_rand_sync.o
                             0x13adea (size before relaxing)
 .debug_str     0x0013d541      0x2d7 hal/src/hal_spi_m_sync.o
                             0x13b108 (size before relaxing)
 .debug_str     0x0013d818      0x2cc hal/src/hal_timer.o
                             0x13b0ad (size before relaxing)
 .debug_str     0x0013dae4      0x694 hal/src/hal_usart_async.o
                             0x13b685 (size before relaxing)
 .debug_str     0x0013e178       0x2a hal/utils/src/utils_assert.o
                             0x13a790 (size before relaxing)
 .debug_str     0x0013e1a2       0x31 hal/utils/src/utils_list.o
                             0x13a83a (size before relaxing)
 .debug_str     0x0013e1d3       0x24 hal/utils/src/utils_ringbuffer.o
                             0x13a824 (size before relaxing)
 .debug_str     0x0013e1f7      0x620 hpl/core/hpl_core_m7_base.o
                             0x13b644 (size before relaxing)
 .debug_str     0x0013e817     0x306a hpl/core/hpl_init.o
                             0x13dc55 (size before relaxing)
 .debug_str     0x00141881      0x1d6 hpl/pmc/hpl_pmc.o
                             0x13b885 (size before relaxing)
 .debug_str     0x00141a57     0x101f hpl/spi/hpl_spi.o
                             0x13c697 (size before relaxing)
 .debug_str     0x00142a76      0xc59 hpl/tc/hpl_tc.o
                             0x13c11e (size before relaxing)
 .debug_str     0x001436cf       0x8d hpl/trng/hpl_trng.o
                             0x13a8fa (size before relaxing)
 .debug_str     0x0014375c     0x124a hpl/usart/hpl_usart.o
                             0x13cb3c (size before relaxing)
 .debug_str     0x001449a6     0x30ce main.o
                             0x13f9a2 (size before relaxing)

.debug_frame    0x00000000     0x1ffc
 .debug_frame   0x00000000       0x28 atmel_start.o
 .debug_frame   0x00000028      0x424 bme280.o
 .debug_frame   0x0000044c       0xb4 buffer_queue.o
 .debug_frame   0x00000500       0x38 Device_Startup/startup_samv71q21b.o
 .debug_frame   0x00000538      0x118 driver_init.o
 .debug_frame   0x00000650       0x40 hal/src/hal_atomic.o
 .debug_frame   0x00000690       0x58 hal/src/hal_io.o
 .debug_frame   0x000006e8      0x130 hal/src/hal_rand_sync.o
 .debug_frame   0x00000818      0x194 hal/src/hal_spi_m_sync.o
 .debug_frame   0x000009ac      0x144 hal/src/hal_timer.o
 .debug_frame   0x00000af0      0x2ac hal/src/hal_usart_async.o
 .debug_frame   0x00000d9c       0x20 hal/utils/src/utils_assert.o
 .debug_frame   0x00000dbc       0x98 hal/utils/src/utils_list.o
 .debug_frame   0x00000e54       0x94 hal/utils/src/utils_ringbuffer.o
 .debug_frame   0x00000ee8       0xec hpl/core/hpl_core_m7_base.o
 .debug_frame   0x00000fd4       0x2c hpl/core/hpl_init.o
 .debug_frame   0x00001000       0x48 hpl/pmc/hpl_pmc.o
 .debug_frame   0x00001048      0x668 hpl/spi/hpl_spi.o
 .debug_frame   0x000016b0      0x148 hpl/tc/hpl_tc.o
 .debug_frame   0x000017f8       0xa8 hpl/trng/hpl_trng.o
 .debug_frame   0x000018a0      0x5d4 hpl/usart/hpl_usart.o
 .debug_frame   0x00001e74      0x114 main.o
 .debug_frame   0x00001f88       0x2c c:/program files (x86)/atmel/studio/7.0/toolchain/arm/arm-gnu-toolchain/bin/../lib/gcc/arm-none-eabi/6.3.1/../../../../arm-none-eabi/lib/thumb/v7e-m\libc_nano.a(lib_a-init.o)
 .debug_frame   0x00001fb4       0x28 c:/program files (x86)/atmel/studio/7.0/toolchain/arm/arm-gnu-toolchain/bin/../lib/gcc/arm-none-eabi/6.3.1/../../../../arm-none-eabi/lib/thumb/v7e-m\libc_nano.a(lib_a-memcpy-stub.o)
 .debug_frame   0x00001fdc       0x20 c:/program files (x86)/atmel/studio/7.0/toolchain/arm/arm-gnu-toolchain/bin/../lib/gcc/arm-none-eabi/6.3.1/../../../../arm-none-eabi/lib/thumb/v7e-m\libc_nano.a(lib_a-memset.o)
