Archive member included to satisfy reference by file (symbol)

c:/program files (x86)/atmel/studio/7.0/toolchain/arm/arm-gnu-toolchain/bin/../lib/gcc/arm-none-eabi/6.3.1/../../../../arm-none-eabi/lib/thumb/v7e-m\libc_nano.a(lib_a-exit.o)
                              c:/program files (x86)/atmel/studio/7.0/toolchain/arm/arm-gnu-toolchain/bin/../lib/gcc/arm-none-eabi/6.3.1/../../../../arm-none-eabi/lib/thumb/v7e-m/crt0.o (exit)
c:/program files (x86)/atmel/studio/7.0/toolchain/arm/arm-gnu-toolchain/bin/../lib/gcc/arm-none-eabi/6.3.1/../../../../arm-none-eabi/lib/thumb/v7e-m\libc_nano.a(lib_a-impure.o)
                              c:/program files (x86)/atmel/studio/7.0/toolchain/arm/arm-gnu-toolchain/bin/../lib/gcc/arm-none-eabi/6.3.1/../../../../arm-none-eabi/lib/thumb/v7e-m\libc_nano.a(lib_a-exit.o) (_global_impure_ptr)
c:/program files (x86)/atmel/studio/7.0/toolchain/arm/arm-gnu-toolchain/bin/../lib/gcc/arm-none-eabi/6.3.1/../../../../arm-none-eabi/lib/thumb/v7e-m\libc_nano.a(lib_a-init.o)
                              c:/program files (x86)/atmel/studio/7.0/toolchain/arm/arm-gnu-toolchain/bin/../lib/gcc/arm-none-eabi/6.3.1/../../../../arm-none-eabi/lib/thumb/v7e-m/crt0.o (__libc_init_array)
c:/program files (x86)/atmel/studio/7.0/toolchain/arm/arm-gnu-toolchain/bin/../lib/gcc/arm-none-eabi/6.3.1/../../../../arm-none-eabi/lib/thumb/v7e-m\libc_nano.a(lib_a-memset.o)
                              c:/program files (x86)/atmel/studio/7.0/toolchain/arm/arm-gnu-toolchain/bin/../lib/gcc/arm-none-eabi/6.3.1/../../../../arm-none-eabi/lib/thumb/v7e-m/crt0.o (memset)
c:/program files (x86)/atmel/studio/7.0/toolchain/arm/arm-gnu-toolchain/bin/../lib/gcc/arm-none-eabi/6.3.1/../../../../arm-none-eabi/lib/thumb/v7e-m\libc_nano.a(lib_a-printf.o)
                              hal/utils/src/utils_syscalls.o (printf)
c:/program files (x86)/atmel/studio/7.0/toolchain/arm/arm-gnu-toolchain/bin/../lib/gcc/arm-none-eabi/6.3.1/../../../../arm-none-eabi/lib/thumb/v7e-m\libc_nano.a(lib_a-sprintf.o)
                              edbg_uart_example.o (sprintf)
c:/program files (x86)/atmel/studio/7.0/toolchain/arm/arm-gnu-toolchain/bin/../lib/gcc/arm-none-eabi/6.3.1/../../../../arm-none-eabi/lib/thumb/v7e-m\libc_nano.a(lib_a-sscanf.o)
                              edbg_uart_example.o (sscanf)
c:/program files (x86)/atmel/studio/7.0/toolchain/arm/arm-gnu-toolchain/bin/../lib/gcc/arm-none-eabi/6.3.1/../../../../arm-none-eabi/lib/thumb/v7e-m\libc_nano.a(lib_a-stdio.o)
                              c:/program files (x86)/atmel/studio/7.0/toolchain/arm/arm-gnu-toolchain/bin/../lib/gcc/arm-none-eabi/6.3.1/../../../../arm-none-eabi/lib/thumb/v7e-m\libc_nano.a(lib_a-sscanf.o) (__seofread)
c:/program files (x86)/atmel/studio/7.0/toolchain/arm/arm-gnu-toolchain/bin/../lib/gcc/arm-none-eabi/6.3.1/../../../../arm-none-eabi/lib/thumb/v7e-m\libc_nano.a(lib_a-strlen.o)
                              edbg_uart_example.o (strlen)
c:/program files (x86)/atmel/studio/7.0/toolchain/arm/arm-gnu-toolchain/bin/../lib/gcc/arm-none-eabi/6.3.1/../../../../arm-none-eabi/lib/thumb/v7e-m\libc_nano.a(lib_a-writer.o)
                              c:/program files (x86)/atmel/studio/7.0/toolchain/arm/arm-gnu-toolchain/bin/../lib/gcc/arm-none-eabi/6.3.1/../../../../arm-none-eabi/lib/thumb/v7e-m\libc_nano.a(lib_a-stdio.o) (_write_r)
c:/program files (x86)/atmel/studio/7.0/toolchain/arm/arm-gnu-toolchain/bin/../lib/gcc/arm-none-eabi/6.3.1/../../../../arm-none-eabi/lib/thumb/v7e-m\libc_nano.a(lib_a-closer.o)
                              c:/program files (x86)/atmel/studio/7.0/toolchain/arm/arm-gnu-toolchain/bin/../lib/gcc/arm-none-eabi/6.3.1/../../../../arm-none-eabi/lib/thumb/v7e-m\libc_nano.a(lib_a-stdio.o) (_close_r)
c:/program files (x86)/atmel/studio/7.0/toolchain/arm/arm-gnu-toolchain/bin/../lib/gcc/arm-none-eabi/6.3.1/../../../../arm-none-eabi/lib/thumb/v7e-m\libc_nano.a(lib_a-findfp.o)
                              c:/program files (x86)/atmel/studio/7.0/toolchain/arm/arm-gnu-toolchain/bin/../lib/gcc/arm-none-eabi/6.3.1/../../../../arm-none-eabi/lib/thumb/v7e-m\libc_nano.a(lib_a-printf.o) (__sinit)
c:/program files (x86)/atmel/studio/7.0/toolchain/arm/arm-gnu-toolchain/bin/../lib/gcc/arm-none-eabi/6.3.1/../../../../arm-none-eabi/lib/thumb/v7e-m\libc_nano.a(lib_a-fwalk.o)
                              c:/program files (x86)/atmel/studio/7.0/toolchain/arm/arm-gnu-toolchain/bin/../lib/gcc/arm-none-eabi/6.3.1/../../../../arm-none-eabi/lib/thumb/v7e-m\libc_nano.a(lib_a-findfp.o) (_fwalk)
c:/program files (x86)/atmel/studio/7.0/toolchain/arm/arm-gnu-toolchain/bin/../lib/gcc/arm-none-eabi/6.3.1/../../../../arm-none-eabi/lib/thumb/v7e-m\libc_nano.a(lib_a-lseekr.o)
                              c:/program files (x86)/atmel/studio/7.0/toolchain/arm/arm-gnu-toolchain/bin/../lib/gcc/arm-none-eabi/6.3.1/../../../../arm-none-eabi/lib/thumb/v7e-m\libc_nano.a(lib_a-stdio.o) (_lseek_r)
[...]
Memory Configuration

Name             Origin             Length             Attributes
rom              0x00400000         0x00200000         xr
ram              0x20400000         0x00060000         xrw
*default*        0x00000000         0xffffffff

Linker script and memory map

LOAD c:/program files (x86)/atmel/studio/7.0/toolchain/arm/arm-gnu-toolchain/bin/../lib/gcc/arm-none-eabi/6.3.1/thumb/v7e-m/crti.o
LOAD c:/program files (x86)/atmel/studio/7.0/toolchain/arm/arm-gnu-toolchain/bin/../lib/gcc/arm-none-eabi/6.3.1/thumb/v7e-m/crtbegin.o
LOAD c:/program files (x86)/atmel/studio/7.0/toolchain/arm/arm-gnu-toolchain/bin/../lib/gcc/arm-none-eabi/6.3.1/../../../../arm-none-eabi/lib/thumb/v7e-m/crt0.o
LOAD atmel_start.o
LOAD Device_Startup/startup_samv71q21b.o
LOAD Device_Startup/system_samv71q21b.o
LOAD driver_init.o
LOAD edbg_uart_example.o
LOAD examples/driver_examples.o
LOAD hal/src/hal_atomic.o
LOAD hal/src/hal_delay.o
LOAD hal/src/hal_ext_irq.o
LOAD hal/src/hal_gpio.o
LOAD hal/src/hal_init.o
LOAD hal/src/hal_io.o
LOAD hal/src/hal_sleep.o
LOAD hal/src/hal_spi_m_sync.o
LOAD hal/src/hal_usart_async.o
LOAD hal/utils/src/utils_assert.o
LOAD hal/utils/src/utils_event.o
LOAD hal/utils/src/utils_list.o
LOAD hal/utils/src/utils_ringbuffer.o
LOAD hal/utils/src/utils_syscalls.o
LOAD hpl/core/hpl_core_m7_base.o
LOAD hpl/core/hpl_init.o
LOAD hpl/pio/hpl_pio_ext.o
LOAD hpl/pmc/hpl_pmc.o
LOAD hpl/pmc/hpl_sleep.o
LOAD hpl/spi/hpl_spi.o
LOAD hpl/usart/hpl_usart.o
LOAD hpl/xdmac/hpl_xdmac.o
START GROUP
LOAD c:/program files (x86)/atmel/studio/7.0/toolchain/arm/arm-gnu-toolchain/bin/../lib/gcc/arm-none-eabi/6.3.1/../../../../arm-none-eabi/lib/thumb/v7e-m\libm.a
END GROUP
START GROUP
LOAD c:/program files (x86)/atmel/studio/7.0/toolchain/arm/arm-gnu-toolchain/bin/../lib/gcc/arm-none-eabi/6.3.1/thumb/v7e-m\libgcc.a
LOAD c:/program files (x86)/atmel/studio/7.0/toolchain/arm/arm-gnu-toolchain/bin/../lib/gcc/arm-none-eabi/6.3.1/../../../../arm-none-eabi/lib/thumb/v7e-m\libc_nano.a
END GROUP
START GROUP
LOAD c:/program files (x86)/atmel/studio/7.0/toolchain/arm/arm-gnu-toolchain/bin/../lib/gcc/arm-none-eabi/6.3.1/thumb/v7e-m\libgcc.a
LOAD c:/program files (x86)/atmel/studio/7.0/toolchain/arm/arm-gnu-toolchain/bin/../lib/gcc/arm-none-eabi/6.3.1/../../../../arm-none-eabi/lib/thumb/v7e-m\libc_nano.a
END GROUP
LOAD c:/program files (x86)/atmel/studio/7.0/toolchain/arm/arm-gnu-toolchain/bin/../lib/gcc/arm-none-eabi/6.3.1/thumb/v7e-m/crtend.o
LOAD c:/program files (x86)/atmel/studio/7.0/toolchain/arm/arm-gnu-toolchain/bin/../lib/gcc/arm-none-eabi/6.3.1/thumb/v7e-m/crtn.o
                0x00000400                STACK_SIZE = DEFINED (STACK_SIZE)?STACK_SIZE:DEFINED (__stack_size__)?__stack_size__:0x400
                0x00000200                HEAP_SIZE = DEFINED (HEAP_SIZE)?HEAP_SIZE:DEFINED (__heap_size__)?__heap_size__:0x200

.text           0x00400000     0x31d4
                0x00400000                . = ALIGN (0x4)
                0x00400000                _sfixed = .
 *(.vectors .vectors.*)
 .vectors       0x00400000      0x168 Device_Startup/startup_samv71q21b.o
                0x00400000                exception_table
 *(.text .text.* .gnu.linkonce.t.*)
 .text          0x00400168       0x6c c:/program files (x86)/atmel/studio/7.0/toolchain/arm/arm-gnu-toolchain/bin/../lib/gcc/arm-none-eabi/6.3.1/thumb/v7e-m/crtbegin.o
 .text.atmel_start_init
                0x004001d4        0xc atmel_start.o
                0x004001d4                atmel_start_init
 .text.Dummy_Handler
                0x004001e0        0x2 Device_Startup/startup_samv71q21b.o
                0x004001e0                DACC_Handler
                0x004001e0                SVCall_Handler
                0x004001e0                UART3_Handler
                0x004001e0                UART2_Handler
                0x004001e0                TRNG_Handler
                0x004001e0                HardFault_Handler
                0x004001e0                TC2_Handler
                0x004001e0                SysTick_Handler
                0x004001e0                AFEC1_Handler
                0x004001e0                PendSV_Handler
                0x004001e0                TC7_Handler
                0x004001e0                QSPI_Handler
                0x004001e0                NonMaskableInt_Handler
                0x004001e0                ISI_Handler
                0x004001e0                MCAN0_INT0_Handler
                0x004001e0                TC9_Handler
                0x004001e0                RSWDT_Handler
                0x004001e0                USART0_Handler
                0x004001e0                RTT_Handler
                0x004001e0                USBHS_Handler
                0x004001e0                IXC_Handler
                0x004001e0                CCF_Handler
                0x004001e0                RTC_Handler
                0x004001e0                UsageFault_Handler
                0x004001e0                TC6_Handler
                0x004001e0                WDT_Handler
                0x004001e0                MCAN1_INT1_Handler
                0x004001e0                TC4_Handler
                0x004001e0                TC1_Handler
                0x004001e0                HSMCI_Handler
                0x004001e0                UART1_Handler
                0x004001e0                TC3_Handler
                0x004001e0                Dummy_Handler
                0x004001e0                TWIHS1_Handler
                0x004001e0                XDMAC_Handler
                0x004001e0                UART4_Handler
                0x004001e0                PWM1_Handler
                0x004001e0                PWM0_Handler
                0x004001e0                PIOA_Handler
                0x004001e0                AFEC0_Handler
                0x004001e0                CCW_Handler
                0x004001e0                SSC_Handler
                0x004001e0                TC11_Handler
                0x004001e0                ACC_Handler
                0x004001e0                PMC_Handler
                0x004001e0                GMAC_Handler
                0x004001e0                MCAN0_INT1_Handler
                0x004001e0                GMAC_Q5_Handler
                0x004001e0                SUPC_Handler
                0x004001e0                TC8_Handler
                0x004001e0                MCAN1_INT0_Handler
                0x004001e0                EFC_Handler
                0x004001e0                GMAC_Q1_Handler
                0x004001e0                USART2_Handler
                0x004001e0                SDRAMC_Handler
                0x004001e0                GMAC_Q2_Handler
                0x004001e0                PIOE_Handler
                0x004001e0                SPI1_Handler
                0x004001e0                TC10_Handler
                0x004001e0                GMAC_Q3_Handler
                0x004001e0                PIOD_Handler
                0x004001e0                TWIHS2_Handler
                0x004001e0                MLB_Handler
                0x004001e0                I2SC0_Handler
                0x004001e0                UART0_Handler
                0x004001e0                I2SC1_Handler
                0x004001e0                PIOC_Handler
                0x004001e0                GMAC_Q4_Handler
                0x004001e0                FPU_Handler
                0x004001e0                BusFault_Handler
                0x004001e0                RSTC_Handler
                0x004001e0                TC0_Handler
                0x004001e0                MemoryManagement_Handler
                0x004001e0                DebugMonitor_Handler
                0x004001e0                TC5_Handler
                0x004001e0                ICM_Handler
                0x004001e0                AES_Handler
                0x004001e0                TWIHS0_Handler
                0x004001e0                SPI0_Handler
 *fill*         0x004001e2        0x2 
 .text.Reset_Handler
                0x004001e4       0x68 Device_Startup/startup_samv71q21b.o
                0x004001e4                Reset_Handler
 .text.convert_complete_intr
                0x0040024c        0xc driver_init.o
 .text.EXTERNAL_IRQ_0_init
                0x00400258       0x14 driver_init.o
                0x00400258                EXTERNAL_IRQ_0_init
 .text.SPI_0_PORT_init
                0x0040026c       0x4c driver_init.o
                0x0040026c                SPI_0_PORT_init
 .text.SPI_0_CLOCK_init
                0x004002b8       0x18 driver_init.o
                0x004002b8                SPI_0_CLOCK_init
 .text.SPI_0_init
                0x004002d0       0x40 driver_init.o
                0x004002d0                SPI_0_init
 .text.EDBG_COM_CLOCK_init
                0x00400310       0x18 driver_init.o
                0x00400310                EDBG_COM_CLOCK_init
 .text.EDBG_COM_PORT_init
                0x00400328       0x4c driver_init.o
                0x00400328                EDBG_COM_PORT_init
 .text.EDBG_COM_init
                0x00400374       0x40 driver_init.o
                0x00400374                EDBG_COM_init
 .text.system_init
                0x004003b4       0xc0 driver_init.o
                0x004003b4                system_init
 .text.tx_cb_EDBG_COM
                0x00400474       0x18 edbg_uart_example.o
 .text.rx_cb_EDBG_COM
                0x0040048c        0xc edbg_uart_example.o
 .text.err_cb_EDBG_COM
                0x00400498        0x2 edbg_uart_example.o
 *fill*         0x0040049a        0x2 
 .text.put_char
                0x0040049c       0x38 edbg_uart_example.o
                0x0040049c                put_char
 .text.print    0x004004d4       0x24 edbg_uart_example.o
                0x004004d4                print
 .text.get_ch   0x004004f8       0x38 edbg_uart_example.o
                0x004004f8                get_ch
 .text.get_char
                0x00400530       0x40 edbg_uart_example.o
                0x00400530                get_char
 .text.get_str  0x00400570       0x44 edbg_uart_example.o
                0x00400570                get_str
 .text.dump_data
                0x004005b4      0x138 edbg_uart_example.o
                0x004005b4                dump_data
 .text.dac_write
                0x004006ec       0x44 edbg_uart_example.o
                0x004006ec                dac_write
 .text.adc_read
                0x00400730       0x34 edbg_uart_example.o
                0x00400730                adc_read
 .text.main_proc_start
                0x00400764       0xe4 edbg_uart_example.o
                0x00400764                main_proc_start
 .text.main     0x00400848      0x17c edbg_uart_example.o
                0x00400848                main
 .text.atomic_enter_critical
                0x004009c4        0xe hal/src/hal_atomic.o
                0x004009c4                atomic_enter_critical
 .text.atomic_leave_critical
                0x004009d2        0xc hal/src/hal_atomic.o
                0x004009d2                atomic_leave_critical
 *fill*         0x004009de        0x2 
 .text.process_ext_irq
                0x004009e0       0x44 hal/src/hal_ext_irq.o
 .text.ext_irq_init
                0x00400a24       0x34 hal/src/hal_ext_irq.o
                0x00400a24                ext_irq_init
 .text.ext_irq_register
                0x00400a58       0xbc hal/src/hal_ext_irq.o
                0x00400a58                ext_irq_register
 .text.io_write
                0x00400b14       0x30 hal/src/hal_io.o
                0x00400b14                io_write
 .text.io_read  0x00400b44       0x30 hal/src/hal_io.o
                0x00400b44                io_read
 .text.spi_m_sync_set_func_ptr
                0x00400b74       0x20 hal/src/hal_spi_m_sync.o
                0x00400b74                spi_m_sync_set_func_ptr
 .text.spi_m_sync_init
                0x00400b94       0x50 hal/src/hal_spi_m_sync.o
                0x00400b94                spi_m_sync_init
 .text.spi_m_sync_enable
                0x00400be4       0x28 hal/src/hal_spi_m_sync.o
                0x00400be4                spi_m_sync_enable
 .text.spi_m_sync_transfer
                0x00400c0c       0x40 hal/src/hal_spi_m_sync.o
                0x00400c0c                spi_m_sync_transfer
 .text._spi_m_sync_io_write
                0x00400c4c       0x3c hal/src/hal_spi_m_sync.o
 .text._spi_m_sync_io_read
                0x00400c88       0x3c hal/src/hal_spi_m_sync.o
 .text.spi_m_sync_get_io_descriptor
                0x00400cc4       0x2c hal/src/hal_spi_m_sync.o
                0x00400cc4                spi_m_sync_get_io_descriptor
 .text.usart_transmission_complete
                0x00400cf0       0x14 hal/src/hal_usart_async.o
 .text.usart_error
                0x00400d04       0x14 hal/src/hal_usart_async.o
 .text.usart_fill_rx_buffer
                0x00400d18       0x1c hal/src/hal_usart_async.o
 .text.usart_async_write
                0x00400d34       0x60 hal/src/hal_usart_async.o
 .text.usart_process_byte_sent
                0x00400d94       0x34 hal/src/hal_usart_async.o
 .text.usart_async_read
                0x00400dc8       0x7c hal/src/hal_usart_async.o
 .text.usart_async_init
                0x00400e44       0x94 hal/src/hal_usart_async.o
                0x00400e44                usart_async_init
 .text.usart_async_enable
                0x00400ed8       0x2c hal/src/hal_usart_async.o
                0x00400ed8                usart_async_enable
 .text.usart_async_register_callback
                0x00400f04       0x74 hal/src/hal_usart_async.o
                0x00400f04                usart_async_register_callback
 .text.usart_async_get_status
                0x00400f78       0x4c hal/src/hal_usart_async.o
                0x00400f78                usart_async_get_status
 .text.assert   0x00400fc4        0x6 hal/utils/src/utils_assert.o
                0x00400fc4                assert
 *fill*         0x00400fca        0x2 
 .text.ringbuffer_init
                0x00400fcc       0x44 hal/utils/src/utils_ringbuffer.o
                0x00400fcc                ringbuffer_init
 .text.ringbuffer_get
                0x00401010       0x44 hal/utils/src/utils_ringbuffer.o
                0x00401010                ringbuffer_get
 .text.ringbuffer_put
                0x00401054       0x40 hal/utils/src/utils_ringbuffer.o
                0x00401054                ringbuffer_put
 .text.ringbuffer_num
                0x00401094       0x24 hal/utils/src/utils_ringbuffer.o
                0x00401094                ringbuffer_num
 .text._sbrk    0x004010b8       0x24 hal/utils/src/utils_syscalls.o
                0x004010b8                _sbrk
 .text._init_chip
                0x004010dc       0x54 hpl/core/hpl_init.o
                0x004010dc                _init_chip
 .text._ffs     0x00401130       0x30 hpl/pio/hpl_pio_ext.o
 .text._ext_irq_handler
                0x00401160       0x94 hpl/pio/hpl_pio_ext.o
 .text._pio_get_hardware_index
                0x004011f4       0x28 hpl/pio/hpl_pio_ext.o
 .text._pio_get_index
                0x0040121c       0x4c hpl/pio/hpl_pio_ext.o
 .text._pio_init
                0x00401268       0xc8 hpl/pio/hpl_pio_ext.o
 .text.PIOB_Handler
                0x00401330        0xc hpl/pio/hpl_pio_ext.o
                0x00401330                PIOB_Handler
 .text._ext_irq_init
                0x0040133c       0x20 hpl/pio/hpl_pio_ext.o
                0x0040133c                _ext_irq_init
 .text._ext_irq_enable
                0x0040135c       0x60 hpl/pio/hpl_pio_ext.o
                0x0040135c                _ext_irq_enable
 .text._pmc_init_sources
                0x004013bc       0x50 hpl/pmc/hpl_pmc.o
 .text._pmc_init_master_clock
                0x0040140c       0x4c hpl/pmc/hpl_pmc.o
 .text._pmc_init
                0x00401458       0x14 hpl/pmc/hpl_pmc.o
                0x00401458                _pmc_init
 .text._spi_sync_enable
                0x0040146c        0x8 hpl/spi/hpl_spi.o
 .text._spi_get_hardware_index
                0x00401474       0x18 hpl/spi/hpl_spi.o
 .text._spi_m_sync_init
                0x0040148c       0xa8 hpl/spi/hpl_spi.o
                0x0040148c                _spi_m_sync_init
 .text._spi_m_sync_enable
                0x00401534       0x34 hpl/spi/hpl_spi.o
                0x00401534                _spi_m_sync_enable
 .text._spi_m_sync_trans
                0x00401568      0x100 hpl/spi/hpl_spi.o
                0x00401568                _spi_m_sync_trans
 .text._spi_get_spi_m_sync
                0x00401668        0x4 hpl/spi/hpl_spi.o
                0x00401668                _spi_get_spi_m_sync
 .text._usart_init_irq_param
                0x0040166c       0x18 hpl/usart/hpl_usart.o
 .text._usart_get_hardware_index
                0x00401684       0x2c hpl/usart/hpl_usart.o
 .text._get_usart_index
                0x004016b0       0x54 hpl/usart/hpl_usart.o
 .text._usart_init
                0x00401704       0x68 hpl/usart/hpl_usart.o
 .text._usart_get_irq_num
                0x0040176c       0x2c hpl/usart/hpl_usart.o
 .text._usart_interrupt_handler
                0x00401798       0xa4 hpl/usart/hpl_usart.o
 .text._usart_async_init
                0x0040183c       0xac hpl/usart/hpl_usart.o
                0x0040183c                _usart_async_init
 .text._usart_async_enable
                0x004018e8       0x34 hpl/usart/hpl_usart.o
                0x004018e8                _usart_async_enable
 .text._usart_async_write_byte
                0x0040191c       0x24 hpl/usart/hpl_usart.o
                0x0040191c                _usart_async_write_byte
 .text._usart_async_enable_byte_sent_irq
                0x00401940       0x24 hpl/usart/hpl_usart.o
                0x00401940                _usart_async_enable_byte_sent_irq
 .text._usart_async_enable_tx_done_irq
                0x00401964       0x28 hpl/usart/hpl_usart.o
                0x00401964                _usart_async_enable_tx_done_irq
 .text._usart_async_set_irq_state
                0x0040198c       0x88 hpl/usart/hpl_usart.o
                0x0040198c                _usart_async_set_irq_state
 .text._usart_get_usart_async
                0x00401a14        0x4 hpl/usart/hpl_usart.o
                0x00401a14                _usart_get_usart_async
 .text.USART1_Handler
                0x00401a18       0x14 hpl/usart/hpl_usart.o
                0x00401a18                USART1_Handler
 .text.__libc_init_array
                0x00401a2c       0x48 c:/program files (x86)/atmel/studio/7.0/toolchain/arm/arm-gnu-toolchain/bin/../lib/gcc/arm-none-eabi/6.3.1/../../../../arm-none-eabi/lib/thumb/v7e-m\libc_nano.a(lib_a-init.o)
                0x00401a2c                __libc_init_array
 .text.memset   0x00401a74       0x10 c:/program files (x86)/atmel/studio/7.0/toolchain/arm/arm-gnu-toolchain/bin/../lib/gcc/arm-none-eabi/6.3.1/../../../../arm-none-eabi/lib/thumb/v7e-m\libc_nano.a(lib_a-memset.o)
                0x00401a74                memset
 .text.sprintf  0x00401a84       0x48 c:/program files (x86)/atmel/studio/7.0/toolchain/arm/arm-gnu-toolchain/bin/../lib/gcc/arm-none-eabi/6.3.1/../../../../arm-none-eabi/lib/thumb/v7e-m\libc_nano.a(lib_a-sprintf.o)
                0x00401a84                siprintf
                0x00401a84                sprintf
 .text.sscanf   0x00401acc       0x54 c:/program files (x86)/atmel/studio/7.0/toolchain/arm/arm-gnu-toolchain/bin/../lib/gcc/arm-none-eabi/6.3.1/../../../../arm-none-eabi/lib/thumb/v7e-m\libc_nano.a(lib_a-sscanf.o)
                0x00401acc                siscanf
                0x00401acc                sscanf
 .text.__seofread
                0x00401b20        0x4 c:/program files (x86)/atmel/studio/7.0/toolchain/arm/arm-gnu-toolchain/bin/../lib/gcc/arm-none-eabi/6.3.1/../../../../arm-none-eabi/lib/thumb/v7e-m\libc_nano.a(lib_a-stdio.o)
                0x00401b20                __seofread
 .text          0x00401b24       0x10 c:/program files (x86)/atmel/studio/7.0/toolchain/arm/arm-gnu-toolchain/bin/../lib/gcc/arm-none-eabi/6.3.1/../../../../arm-none-eabi/lib/thumb/v7e-m\libc_nano.a(lib_a-strlen.o)
                0x00401b24                strlen
 .text._malloc_r
                0x00401b34       0xbc c:/program files (x86)/atmel/studio/7.0/toolchain/arm/arm-gnu-toolchain/bin/../lib/gcc/arm-none-eabi/6.3.1/../../../../arm-none-eabi/lib/thumb/v7e-m\libc_nano.a(lib_a-nano-mallocr.o)
                0x00401b34                _malloc_r
 .text.__ssputs_r
                0x00401bf0       0xb6 c:/program files (x86)/atmel/studio/7.0/toolchain/arm/arm-gnu-toolchain/bin/../lib/gcc/arm-none-eabi/6.3.1/../../../../arm-none-eabi/lib/thumb/v7e-m\libc_nano.a(lib_a-nano-svfprintf.o)
                0x00401bf0                __ssputs_r
 *fill*         0x00401ca6        0x2 
 .text._svfprintf_r
                0x00401ca8      0x1e8 c:/program files (x86)/atmel/studio/7.0/toolchain/arm/arm-gnu-toolchain/bin/../lib/gcc/arm-none-eabi/6.3.1/../../../../arm-none-eabi/lib/thumb/v7e-m\libc_nano.a(lib_a-nano-svfprintf.o)
                0x00401ca8                _svfiprintf_r
                0x00401ca8                _svfprintf_r
 .text._sungetc_r
                0x00401e90       0x7a c:/program files (x86)/atmel/studio/7.0/toolchain/arm/arm-gnu-toolchain/bin/../lib/gcc/arm-none-eabi/6.3.1/../../../../arm-none-eabi/lib/thumb/v7e-m\libc_nano.a(lib_a-nano-svfscanf.o)
                0x00401e90                _sungetc_r
 .text.__ssrefill_r
                0x00401f0a       0x3a c:/program files (x86)/atmel/studio/7.0/toolchain/arm/arm-gnu-toolchain/bin/../lib/gcc/arm-none-eabi/6.3.1/../../../../arm-none-eabi/lib/thumb/v7e-m\libc_nano.a(lib_a-nano-svfscanf.o)
                0x00401f0a                __ssrefill_r
 .text.__ssvfscanf_r
                0x00401f44      0x2a8 c:/program files (x86)/atmel/studio/7.0/toolchain/arm/arm-gnu-toolchain/bin/../lib/gcc/arm-none-eabi/6.3.1/../../../../arm-none-eabi/lib/thumb/v7e-m\libc_nano.a(lib_a-nano-svfscanf.o)
                0x00401f44                __ssvfiscanf_r
                0x00401f44                __ssvfscanf_r
 .text._printf_common
                0x004021ec       0xec c:/program files (x86)/atmel/studio/7.0/toolchain/arm/arm-gnu-toolchain/bin/../lib/gcc/arm-none-eabi/6.3.1/../../../../arm-none-eabi/lib/thumb/v7e-m\libc_nano.a(lib_a-nano-vfprintf_i.o)
                0x004021ec                _printf_common
 .text._printf_i
                0x004022d8      0x240 c:/program files (x86)/atmel/studio/7.0/toolchain/arm/arm-gnu-toolchain/bin/../lib/gcc/arm-none-eabi/6.3.1/../../../../arm-none-eabi/lib/thumb/v7e-m\libc_nano.a(lib_a-nano-vfprintf_i.o)
                0x004022d8                _printf_i
 .text._scanf_chars
                0x00402518       0xc8 c:/program files (x86)/atmel/studio/7.0/toolchain/arm/arm-gnu-toolchain/bin/../lib/gcc/arm-none-eabi/6.3.1/../../../../arm-none-eabi/lib/thumb/v7e-m\libc_nano.a(lib_a-nano-vfscanf_i.o)
                0x00402518                _scanf_chars
 .text._scanf_i
                0x004025e0      0x1e8 c:/program files (x86)/atmel/studio/7.0/toolchain/arm/arm-gnu-toolchain/bin/../lib/gcc/arm-none-eabi/6.3.1/../../../../arm-none-eabi/lib/thumb/v7e-m\libc_nano.a(lib_a-nano-vfscanf_i.o)
                0x004025e0                _scanf_i
 .text._sbrk_r  0x004027c8       0x20 c:/program files (x86)/atmel/studio/7.0/toolchain/arm/arm-gnu-toolchain/bin/../lib/gcc/arm-none-eabi/6.3.1/../../../../arm-none-eabi/lib/thumb/v7e-m\libc_nano.a(lib_a-sbrkr.o)
                0x004027c8                _sbrk_r
 .text.__sccl   0x004027e8       0x60 c:/program files (x86)/atmel/studio/7.0/toolchain/arm/arm-gnu-toolchain/bin/../lib/gcc/arm-none-eabi/6.3.1/../../../../arm-none-eabi/lib/thumb/v7e-m\libc_nano.a(lib_a-sccl.o)
                0x004027e8                __sccl
 .text._strtol_l.isra.0
                0x00402848      0x100 c:/program files (x86)/atmel/studio/7.0/toolchain/arm/arm-gnu-toolchain/bin/../lib/gcc/arm-none-eabi/6.3.1/../../../../arm-none-eabi/lib/thumb/v7e-m\libc_nano.a(lib_a-strtol.o)
 .text._strtol_r
                0x00402948       0x24 c:/program files (x86)/atmel/studio/7.0/toolchain/arm/arm-gnu-toolchain/bin/../lib/gcc/arm-none-eabi/6.3.1/../../../../arm-none-eabi/lib/thumb/v7e-m\libc_nano.a(lib_a-strtol.o)
                0x00402948                _strtol_r
 .text._strtoul_l.isra.0
                0x0040296c       0xfa c:/program files (x86)/atmel/studio/7.0/toolchain/arm/arm-gnu-toolchain/bin/../lib/gcc/arm-none-eabi/6.3.1/../../../../arm-none-eabi/lib/thumb/v7e-m\libc_nano.a(lib_a-strtoul.o)
 *fill*         0x00402a66        0x2 
 .text._strtoul_r
                0x00402a68       0x24 c:/program files (x86)/atmel/studio/7.0/toolchain/arm/arm-gnu-toolchain/bin/../lib/gcc/arm-none-eabi/6.3.1/../../../../arm-none-eabi/lib/thumb/v7e-m\libc_nano.a(lib_a-strtoul.o)
                0x00402a68                _strtoul_r
 .text.__submore
                0x00402a8c       0x76 c:/program files (x86)/atmel/studio/7.0/toolchain/arm/arm-gnu-toolchain/bin/../lib/gcc/arm-none-eabi/6.3.1/../../../../arm-none-eabi/lib/thumb/v7e-m\libc_nano.a(lib_a-ungetc.o)
                0x00402a8c                __submore
 .text.__locale_ctype_ptr_l
                0x00402b02        0x6 c:/program files (x86)/atmel/studio/7.0/toolchain/arm/arm-gnu-toolchain/bin/../lib/gcc/arm-none-eabi/6.3.1/../../../../arm-none-eabi/lib/thumb/v7e-m\libc_nano.a(lib_a-locale.o)
                0x00402b02                __locale_ctype_ptr_l
 .text.__locale_ctype_ptr
                0x00402b08       0x1c c:/program files (x86)/atmel/studio/7.0/toolchain/arm/arm-gnu-toolchain/bin/../lib/gcc/arm-none-eabi/6.3.1/../../../../arm-none-eabi/lib/thumb/v7e-m\libc_nano.a(lib_a-locale.o)
                0x00402b08                __locale_ctype_ptr
 .text.__ascii_mbtowc
                0x00402b24       0x24 c:/program files (x86)/atmel/studio/7.0/toolchain/arm/arm-gnu-toolchain/bin/../lib/gcc/arm-none-eabi/6.3.1/../../../../arm-none-eabi/lib/thumb/v7e-m\libc_nano.a(lib_a-mbtowc_r.o)
                0x00402b24                __ascii_mbtowc
 *fill*         0x00402b48        0x8 
 .text          0x00402b50       0xa0 c:/program files (x86)/atmel/studio/7.0/toolchain/arm/arm-gnu-toolchain/bin/../lib/gcc/arm-none-eabi/6.3.1/../../../../arm-none-eabi/lib/thumb/v7e-m\libc_nano.a(lib_a-memchr.o)
                0x00402b50                memchr
 .text.memcpy   0x00402bf0       0x16 c:/program files (x86)/atmel/studio/7.0/toolchain/arm/arm-gnu-toolchain/bin/../lib/gcc/arm-none-eabi/6.3.1/../../../../arm-none-eabi/lib/thumb/v7e-m\libc_nano.a(lib_a-memcpy-stub.o)
                0x00402bf0                memcpy
 .text.memmove  0x00402c06       0x34 c:/program files (x86)/atmel/studio/7.0/toolchain/arm/arm-gnu-toolchain/bin/../lib/gcc/arm-none-eabi/6.3.1/../../../../arm-none-eabi/lib/thumb/v7e-m\libc_nano.a(lib_a-memmove.o)
                0x00402c06                memmove
 .text.__malloc_lock
                0x00402c3a        0x2 c:/program files (x86)/atmel/studio/7.0/toolchain/arm/arm-gnu-toolchain/bin/../lib/gcc/arm-none-eabi/6.3.1/../../../../arm-none-eabi/lib/thumb/v7e-m\libc_nano.a(lib_a-mlock.o)
                0x00402c3a                __malloc_lock
 .text.__malloc_unlock
                0x00402c3c        0x2 c:/program files (x86)/atmel/studio/7.0/toolchain/arm/arm-gnu-toolchain/bin/../lib/gcc/arm-none-eabi/6.3.1/../../../../arm-none-eabi/lib/thumb/v7e-m\libc_nano.a(lib_a-mlock.o)
                0x00402c3c                __malloc_unlock
 *fill*         0x00402c3e        0x2 
 .text._free_r  0x00402c40       0x9c c:/program files (x86)/atmel/studio/7.0/toolchain/arm/arm-gnu-toolchain/bin/../lib/gcc/arm-none-eabi/6.3.1/../../../../arm-none-eabi/lib/thumb/v7e-m\libc_nano.a(lib_a-nano-freer.o)
                0x00402c40                _free_r
 .text._realloc_r
                0x00402cdc       0x4c c:/program files (x86)/atmel/studio/7.0/toolchain/arm/arm-gnu-toolchain/bin/../lib/gcc/arm-none-eabi/6.3.1/../../../../arm-none-eabi/lib/thumb/v7e-m\libc_nano.a(lib_a-nano-reallocr.o)
                0x00402cdc                _realloc_r
 .text.__ascii_wctomb
                0x00402d28       0x1a c:/program files (x86)/atmel/studio/7.0/toolchain/arm/arm-gnu-toolchain/bin/../lib/gcc/arm-none-eabi/6.3.1/../../../../arm-none-eabi/lib/thumb/v7e-m\libc_nano.a(lib_a-wctomb_r.o)
                0x00402d28                __ascii_wctomb
 .text._malloc_usable_size_r
                0x00402d42       0x12 c:/program files (x86)/atmel/studio/7.0/toolchain/arm/arm-gnu-toolchain/bin/../lib/gcc/arm-none-eabi/6.3.1/../../../../arm-none-eabi/lib/thumb/v7e-m\libc_nano.a(lib_a-nano-msizer.o)
                0x00402d42                _malloc_usable_size_r
 *(.glue_7t)
 .glue_7t       0x00402d54        0x0 linker stubs
 *(.glue_7)
 .glue_7        0x00402d54        0x0 linker stubs
 *(.rodata .rodata* .gnu.linkonce.r.*)
 .rodata.str1.4
                0x00402d54      0x18e edbg_uart_example.o
                                0x196 (size before relaxing)
 *fill*         0x00402ee2        0x2 
 .rodata.str1.4
                0x00402ee4       0x14 hal/src/hal_io.o
 .rodata.str1.4
                0x00402ef8       0x1c hal/src/hal_spi_m_sync.o
 .rodata.str1.4
                0x00402f14       0x1d hal/src/hal_usart_async.o
 *fill*         0x00402f31        0x3 
 .rodata.str1.4
                0x00402f34       0x24 hal/utils/src/utils_ringbuffer.o
 .rodata        0x00402f58       0x21 hpl/pio/hpl_pio_ext.o
 *fill*         0x00402f79        0x3 
 .rodata.str1.4
                0x00402f7c       0x19 hpl/pio/hpl_pio_ext.o
 *fill*         0x00402f95        0x3 
 .rodata        0x00402f98       0x14 hpl/spi/hpl_spi.o
 .rodata.str1.4
                0x00402fac       0x15 hpl/spi/hpl_spi.o
 *fill*         0x00402fc1        0x3 
 .rodata        0x00402fc4        0xc hpl/usart/hpl_usart.o
 .rodata.str1.4
                0x00402fd0       0x1c hpl/usart/hpl_usart.o
                                 0x19 (size before relaxing)
 .rodata.__sf_fake_stderr
                0x00402fec       0x20 c:/program files (x86)/atmel/studio/7.0/toolchain/arm/arm-gnu-toolchain/bin/../lib/gcc/arm-none-eabi/6.3.1/../../../../arm-none-eabi/lib/thumb/v7e-m\libc_nano.a(lib_a-findfp.o)
                0x00402fec                __sf_fake_stderr
 .rodata.__sf_fake_stdin
                0x0040300c       0x20 c:/program files (x86)/atmel/studio/7.0/toolchain/arm/arm-gnu-toolchain/bin/../lib/gcc/arm-none-eabi/6.3.1/../../../../arm-none-eabi/lib/thumb/v7e-m\libc_nano.a(lib_a-findfp.o)
                0x0040300c                __sf_fake_stdin
 .rodata.__sf_fake_stdout
                0x0040302c       0x20 c:/program files (x86)/atmel/studio/7.0/toolchain/arm/arm-gnu-toolchain/bin/../lib/gcc/arm-none-eabi/6.3.1/../../../../arm-none-eabi/lib/thumb/v7e-m\libc_nano.a(lib_a-findfp.o)
                0x0040302c                __sf_fake_stdout
 .rodata._svfprintf_r.str1.1
                0x0040304c       0x11 c:/program files (x86)/atmel/studio/7.0/toolchain/arm/arm-gnu-toolchain/bin/../lib/gcc/arm-none-eabi/6.3.1/../../../../arm-none-eabi/lib/thumb/v7e-m\libc_nano.a(lib_a-nano-svfprintf.o)
 .rodata.__ssvfscanf_r.str1.1
                0x0040305d        0x4 c:/program files (x86)/atmel/studio/7.0/toolchain/arm/arm-gnu-toolchain/bin/../lib/gcc/arm-none-eabi/6.3.1/../../../../arm-none-eabi/lib/thumb/v7e-m\libc_nano.a(lib_a-nano-svfscanf.o)
 .rodata._printf_i.str1.1
                0x0040305d       0x22 c:/program files (x86)/atmel/studio/7.0/toolchain/arm/arm-gnu-toolchain/bin/../lib/gcc/arm-none-eabi/6.3.1/../../../../arm-none-eabi/lib/thumb/v7e-m\libc_nano.a(lib_a-nano-vfprintf_i.o)
 *fill*         0x0040307f        0x1 
 .rodata        0x00403080        0xc c:/program files (x86)/atmel/studio/7.0/toolchain/arm/arm-gnu-toolchain/bin/../lib/gcc/arm-none-eabi/6.3.1/../../../../arm-none-eabi/lib/thumb/v7e-m\libc_nano.a(lib_a-nano-vfscanf_i.o)
 .rodata._scanf_i.str1.1
                0x0040308c       0x12 c:/program files (x86)/atmel/studio/7.0/toolchain/arm/arm-gnu-toolchain/bin/../lib/gcc/arm-none-eabi/6.3.1/../../../../arm-none-eabi/lib/thumb/v7e-m\libc_nano.a(lib_a-nano-vfscanf_i.o)
 .rodata.str1.1
                0x0040309e        0x9 c:/program files (x86)/atmel/studio/7.0/toolchain/arm/arm-gnu-toolchain/bin/../lib/gcc/arm-none-eabi/6.3.1/../../../../arm-none-eabi/lib/thumb/v7e-m\libc_nano.a(lib_a-nano-vfscanf_i.o)
 .rodata._setlocale_r.str1.1
                0x004030a7        0x8 c:/program files (x86)/atmel/studio/7.0/toolchain/arm/arm-gnu-toolchain/bin/../lib/gcc/arm-none-eabi/6.3.1/../../../../arm-none-eabi/lib/thumb/v7e-m\libc_nano.a(lib_a-locale.o)
                                  0x9 (size before relaxing)
 .rodata.str1.1
                0x004030af        0x2 c:/program files (x86)/atmel/studio/7.0/toolchain/arm/arm-gnu-toolchain/bin/../lib/gcc/arm-none-eabi/6.3.1/../../../../arm-none-eabi/lib/thumb/v7e-m\libc_nano.a(lib_a-locale.o)
 .rodata._ctype_
                0x004030b1      0x101 c:/program files (x86)/atmel/studio/7.0/toolchain/arm/arm-gnu-toolchain/bin/../lib/gcc/arm-none-eabi/6.3.1/../../../../arm-none-eabi/lib/thumb/v7e-m\libc_nano.a(lib_a-ctype_.o)
                0x004030b1                _ctype_
 *(.ARM.extab* .gnu.linkonce.armextab.*)
                0x004031b4                . = ALIGN (0x4)
 *fill*         0x004031b2        0x2 
 *(.init)
 .init          0x004031b4        0x4 c:/program files (x86)/atmel/studio/7.0/toolchain/arm/arm-gnu-toolchain/bin/../lib/gcc/arm-none-eabi/6.3.1/thumb/v7e-m/crti.o
                0x004031b4                _init
 .init          0x004031b8        0x8 c:/program files (x86)/atmel/studio/7.0/toolchain/arm/arm-gnu-toolchain/bin/../lib/gcc/arm-none-eabi/6.3.1/thumb/v7e-m/crtn.o
                0x004031c0                . = ALIGN (0x4)
                0x004031c0                __preinit_array_start = .
 *(.preinit_array)
                0x004031c0                __preinit_array_end = .
                0x004031c0                . = ALIGN (0x4)
                0x004031c0                __init_array_start = .
 *(SORT(.init_array.*))
 *(.init_array)
 .init_array    0x004031c0        0x4 c:/program files (x86)/atmel/studio/7.0/toolchain/arm/arm-gnu-toolchain/bin/../lib/gcc/arm-none-eabi/6.3.1/thumb/v7e-m/crtbegin.o
                0x004031c4                __init_array_end = .
                0x004031c4                . = ALIGN (0x4)
 *crtbegin.o(.ctors)
 *(EXCLUDE_FILE(*crtend.o) .ctors)
 *(SORT(.ctors.*))
 *crtend.o(.ctors)
                0x004031c4                . = ALIGN (0x4)
 *(.fini)
 .fini          0x004031c4        0x4 c:/program files (x86)/atmel/studio/7.0/toolchain/arm/arm-gnu-toolchain/bin/../lib/gcc/arm-none-eabi/6.3.1/thumb/v7e-m/crti.o
                0x004031c4                _fini
 .fini          0x004031c8        0x8 c:/program files (x86)/atmel/studio/7.0/toolchain/arm/arm-gnu-toolchain/bin/../lib/gcc/arm-none-eabi/6.3.1/thumb/v7e-m/crtn.o
                0x004031d0                . = ALIGN (0x4)
                0x004031d0                __fini_array_start = .
 *(.fini_array)
 .fini_array    0x004031d0        0x4 c:/program files (x86)/atmel/studio/7.0/toolchain/arm/arm-gnu-toolchain/bin/../lib/gcc/arm-none-eabi/6.3.1/thumb/v7e-m/crtbegin.o
 *(SORT(.fini_array.*))
                0x004031d4                __fini_array_end = .
 *crtbegin.o(.dtors)
 *(EXCLUDE_FILE(*crtend.o) .dtors)
 *(SORT(.dtors.*))
 *crtend.o(.dtors)
                0x004031d4                . = ALIGN (0x4)
                0x004031d4                _efixed = .
                [!provide]                PROVIDE (__exidx_start, .)

.vfp11_veneer   0x004031d4        0x0
 .vfp11_veneer  0x004031d4        0x0 linker stubs

.v4_bx          0x004031d4        0x0
 .v4_bx         0x004031d4        0x0 linker stubs

.iplt           0x004031d4        0x0
 .iplt          0x004031d4        0x0 c:/program files (x86)/atmel/studio/7.0/toolchain/arm/arm-gnu-toolchain/bin/../lib/gcc/arm-none-eabi/6.3.1/thumb/v7e-m/crtbegin.o

.eh_frame       0x004031d4        0x0
 .eh_frame      0x004031d4        0x0 c:/program files (x86)/atmel/studio/7.0/toolchain/arm/arm-gnu-toolchain/bin/../lib/gcc/arm-none-eabi/6.3.1/thumb/v7e-m/crtbegin.o

.rel.dyn        0x004031d4        0x0
 .rel.iplt      0x004031d4        0x0 c:/program files (x86)/atmel/studio/7.0/toolchain/arm/arm-gnu-toolchain/bin/../lib/gcc/arm-none-eabi/6.3.1/thumb/v7e-m/crtbegin.o

.jcr            0x004031d4        0x0
 .jcr           0x004031d4        0x0 c:/program files (x86)/atmel/studio/7.0/toolchain/arm/arm-gnu-toolchain/bin/../lib/gcc/arm-none-eabi/6.3.1/thumb/v7e-m/crtbegin.o

.igot.plt       0x004031d4        0x0
 .igot.plt      0x004031d4        0x0 c:/program files (x86)/atmel/studio/7.0/toolchain/arm/arm-gnu-toolchain/bin/../lib/gcc/arm-none-eabi/6.3.1/thumb/v7e-m/crtbegin.o

.ARM.exidx
 *(.ARM.exidx* .gnu.linkonce.armexidx.*)
                [!provide]                PROVIDE (__exidx_end, .)
                0x004031d4                . = ALIGN (0x4)
                0x004031d4                _etext = .

.relocate       0x20400000      0x1dc load address 0x004031d4
                0x20400000                . = ALIGN (0x4)
                0x20400000                _srelocate = .
 *(.ramfunc .ramfunc.*)
 *(.data .data.*)
 .data          0x20400000        0xc edbg_uart_example.o
                0x20400000                dac_out0
                0x20400004                dac_out1
                0x20400008                dac_out2
 .data._impure_ptr
                0x2040000c        0x4 c:/program files (x86)/atmel/studio/7.0/toolchain/arm/arm-gnu-toolchain/bin/../lib/gcc/arm-none-eabi/6.3.1/../../../../arm-none-eabi/lib/thumb/v7e-m\libc_nano.a(lib_a-impure.o)
                0x2040000c                _impure_ptr
 .data.impure_data
                0x20400010       0x60 c:/program files (x86)/atmel/studio/7.0/toolchain/arm/arm-gnu-toolchain/bin/../lib/gcc/arm-none-eabi/6.3.1/../../../../arm-none-eabi/lib/thumb/v7e-m\libc_nano.a(lib_a-impure.o)
 .data.__global_locale
                0x20400070      0x16c c:/program files (x86)/atmel/studio/7.0/toolchain/arm/arm-gnu-toolchain/bin/../lib/gcc/arm-none-eabi/6.3.1/../../../../arm-none-eabi/lib/thumb/v7e-m\libc_nano.a(lib_a-locale.o)
                0x20400070                __global_locale
                0x204001dc                . = ALIGN (0x4)
                0x204001dc                _erelocate = .

.bss            0x204001dc     0x20cc load address 0x004033b0
                0x204001dc                . = ALIGN (0x4)
                0x204001dc                _sbss = .
                0x204001dc                _szero = .
 *(.bss .bss.*)
 .bss           0x204001dc       0x1c c:/program files (x86)/atmel/studio/7.0/toolchain/arm/arm-gnu-toolchain/bin/../lib/gcc/arm-none-eabi/6.3.1/thumb/v7e-m/crtbegin.o
 .bss           0x204001f8       0x14 driver_init.o
                0x204001f8                convert_complete_flag
 .bss           0x2040020c     0x2014 edbg_uart_example.o
                0x20400210                adc_count
                0x20400214                adc_data
                0x20401214                lower_discri_count
                0x20401218                zero_cross_count
                0x2040121c                upper_discri_count
                0x20401220                upper_discri_time
 .bss           0x20402220        0x8 hal/src/hal_ext_irq.o
 .bss           0x20402228        0x4 hal/utils/src/utils_syscalls.o
 .bss           0x2040222c        0x4 hpl/pio/hpl_pio_ext.o
 .bss           0x20402230        0x4 hpl/usart/hpl_usart.o
 .bss.__malloc_free_list
                0x20402234        0x4 c:/program files (x86)/atmel/studio/7.0/toolchain/arm/arm-gnu-toolchain/bin/../lib/gcc/arm-none-eabi/6.3.1/../../../../arm-none-eabi/lib/thumb/v7e-m\libc_nano.a(lib_a-nano-mallocr.o)
                0x20402234                __malloc_free_list
 .bss.__malloc_sbrk_start
                0x20402238        0x4 c:/program files (x86)/atmel/studio/7.0/toolchain/arm/arm-gnu-toolchain/bin/../lib/gcc/arm-none-eabi/6.3.1/../../../../arm-none-eabi/lib/thumb/v7e-m\libc_nano.a(lib_a-nano-mallocr.o)
                0x20402238                __malloc_sbrk_start
 *(COMMON)
 COMMON         0x2040223c       0x68 driver_init.o
                0x2040223c                EDBG_COM
                0x2040228c                SPI_0
 COMMON         0x204022a4        0x4 c:/program files (x86)/atmel/studio/7.0/toolchain/arm/arm-gnu-toolchain/bin/../lib/gcc/arm-none-eabi/6.3.1/../../../../arm-none-eabi/lib/thumb/v7e-m\libc_nano.a(lib_a-reent.o)
                0x204022a4                errno
                0x204022a8                . = ALIGN (0x4)
                0x204022a8                _ebss = .
                0x204022a8                _ezero = .

.heap           0x204022a8      0x200 load address 0x0040547c
                0x204022a8                . = ALIGN (0x8)
                0x204022a8                _sheap = .
                0x204024a8                . = (. + HEAP_SIZE)
 *fill*         0x204022a8      0x200 
                0x204024a8                . = ALIGN (0x8)
                0x204024a8                _eheap = .

.stack          0x204024a8      0x400 load address 0x0040567c
                0x204024a8                . = ALIGN (0x8)
                0x204024a8                _sstack = .
                0x204028a8                . = (. + STACK_SIZE)
 *fill*         0x204024a8      0x400 
                0x204028a8                . = ALIGN (0x8)
                0x204028a8                _estack = .
                0x204028a8                . = ALIGN (0x4)
                0x204028a8                _end = .
                0x2045ffff                _ram_end_ = ((ORIGIN (ram) + LENGTH (ram)) - 0x1)
OUTPUT(adc_control1.elf elf32-littlearm)

.ARM.attributes
                0x00000000       0x2e
 .ARM.attributes
                0x00000000       0x1e c:/program files (x86)/atmel/studio/7.0/toolchain/arm/arm-gnu-toolchain/bin/../lib/gcc/arm-none-eabi/6.3.1/thumb/v7e-m/crti.o
 .ARM.attributes
                0x0000001e       0x2e c:/program files (x86)/atmel/studio/7.0/toolchain/arm/arm-gnu-toolchain/bin/../lib/gcc/arm-none-eabi/6.3.1/thumb/v7e-m/crtbegin.o
 .ARM.attributes
                0x0000004c       0x37 atmel_start.o
 .ARM.attributes
                0x00000083       0x37 Device_Startup/startup_samv71q21b.o
 .ARM.attributes
                0x000000ba       0x37 driver_init.o
 .ARM.attributes
                0x000000f1       0x37 edbg_uart_example.o
 .ARM.attributes
                0x00000128       0x37 hal/src/hal_atomic.o
 .ARM.attributes
                0x0000015f       0x37 hal/src/hal_ext_irq.o
 .ARM.attributes
                0x00000196       0x37 hal/src/hal_io.o
 .ARM.attributes
                0x000001cd       0x37 hal/src/hal_spi_m_sync.o
 .ARM.attributes
                0x00000204       0x37 hal/src/hal_usart_async.o
 .ARM.attributes
                0x0000023b       0x37 hal/utils/src/utils_assert.o
 .ARM.attributes
                0x00000272       0x37 hal/utils/src/utils_ringbuffer.o
 .ARM.attributes
                0x000002a9       0x37 hal/utils/src/utils_syscalls.o
 .ARM.attributes
                0x000002e0       0x37 hpl/core/hpl_init.o
 .ARM.attributes
                0x00000317       0x37 hpl/pio/hpl_pio_ext.o
 .ARM.attributes
                0x0000034e       0x37 hpl/pmc/hpl_pmc.o
 .ARM.attributes
                0x00000385       0x37 hpl/spi/hpl_spi.o
 .ARM.attributes
                0x000003bc       0x37 hpl/usart/hpl_usart.o
 .ARM.attributes
                0x000003f3       0x2e c:/program files (x86)/atmel/studio/7.0/toolchain/arm/arm-gnu-toolchain/bin/../lib/gcc/arm-none-eabi/6.3.1/../../../../arm-none-eabi/lib/thumb/v7e-m\libc_nano.a(lib_a-impure.o)
 .ARM.attributes
                0x00000421       0x2e c:/program files (x86)/atmel/studio/7.0/toolchain/arm/arm-gnu-toolchain/bin/../lib/gcc/arm-none-eabi/6.3.1/../../../../arm-none-eabi/lib/thumb/v7e-m\libc_nano.a(lib_a-init.o)
 .ARM.attributes
                0x0000044f       0x2e c:/program files (x86)/atmel/studio/7.0/toolchain/arm/arm-gnu-toolchain/bin/../lib/gcc/arm-none-eabi/6.3.1/../../../../arm-none-eabi/lib/thumb/v7e-m\libc_nano.a(lib_a-memset.o)
 .ARM.attributes
                0x0000047d       0x2e c:/program files (x86)/atmel/studio/7.0/toolchain/arm/arm-gnu-toolchain/bin/../lib/gcc/arm-none-eabi/6.3.1/../../../../arm-none-eabi/lib/thumb/v7e-m\libc_nano.a(lib_a-sprintf.o)
 .ARM.attributes
                0x000004ab       0x2e c:/program files (x86)/atmel/studio/7.0/toolchain/arm/arm-gnu-toolchain/bin/../lib/gcc/arm-none-eabi/6.3.1/../../../../arm-none-eabi/lib/thumb/v7e-m\libc_nano.a(lib_a-sscanf.o)
 .ARM.attributes
                0x000004d9       0x2e c:/program files (x86)/atmel/studio/7.0/toolchain/arm/arm-gnu-toolchain/bin/../lib/gcc/arm-none-eabi/6.3.1/../../../../arm-none-eabi/lib/thumb/v7e-m\libc_nano.a(lib_a-stdio.o)
 .ARM.attributes
                0x00000507       0x17 c:/program files (x86)/atmel/studio/7.0/toolchain/arm/arm-gnu-toolchain/bin/../lib/gcc/arm-none-eabi/6.3.1/../../../../arm-none-eabi/lib/thumb/v7e-m\libc_nano.a(lib_a-strlen.o)
 .ARM.attributes
                0x0000051e       0x2e c:/program files (x86)/atmel/studio/7.0/toolchain/arm/arm-gnu-toolchain/bin/../lib/gcc/arm-none-eabi/6.3.1/../../../../arm-none-eabi/lib/thumb/v7e-m\libc_nano.a(lib_a-findfp.o)
 .ARM.attributes
                0x0000054c       0x2e c:/program files (x86)/atmel/studio/7.0/toolchain/arm/arm-gnu-toolchain/bin/../lib/gcc/arm-none-eabi/6.3.1/../../../../arm-none-eabi/lib/thumb/v7e-m\libc_nano.a(lib_a-nano-mallocr.o)
 .ARM.attributes
                0x0000057a       0x2e c:/program files (x86)/atmel/studio/7.0/toolchain/arm/arm-gnu-toolchain/bin/../lib/gcc/arm-none-eabi/6.3.1/../../../../arm-none-eabi/lib/thumb/v7e-m\libc_nano.a(lib_a-nano-svfprintf.o)
 .ARM.attributes
                0x000005a8       0x2e c:/program files (x86)/atmel/studio/7.0/toolchain/arm/arm-gnu-toolchain/bin/../lib/gcc/arm-none-eabi/6.3.1/../../../../arm-none-eabi/lib/thumb/v7e-m\libc_nano.a(lib_a-nano-svfscanf.o)
 .ARM.attributes
                0x000005d6       0x2e c:/program files (x86)/atmel/studio/7.0/toolchain/arm/arm-gnu-toolchain/bin/../lib/gcc/arm-none-eabi/6.3.1/../../../../arm-none-eabi/lib/thumb/v7e-m\libc_nano.a(lib_a-nano-vfprintf_i.o)
 .ARM.attributes
                0x00000604       0x2e c:/program files (x86)/atmel/studio/7.0/toolchain/arm/arm-gnu-toolchain/bin/../lib/gcc/arm-none-eabi/6.3.1/../../../../arm-none-eabi/lib/thumb/v7e-m\libc_nano.a(lib_a-nano-vfscanf_i.o)
 .ARM.attributes
                0x00000632       0x2e c:/program files (x86)/atmel/studio/7.0/toolchain/arm/arm-gnu-toolchain/bin/../lib/gcc/arm-none-eabi/6.3.1/../../../../arm-none-eabi/lib/thumb/v7e-m\libc_nano.a(lib_a-reent.o)
 .ARM.attributes
                0x00000660       0x2e c:/program files (x86)/atmel/studio/7.0/toolchain/arm/arm-gnu-toolchain/bin/../lib/gcc/arm-none-eabi/6.3.1/../../../../arm-none-eabi/lib/thumb/v7e-m\libc_nano.a(lib_a-sbrkr.o)
 .ARM.attributes
                0x0000068e       0x2e c:/program files (x86)/atmel/studio/7.0/toolchain/arm/arm-gnu-toolchain/bin/../lib/gcc/arm-none-eabi/6.3.1/../../../../arm-none-eabi/lib/thumb/v7e-m\libc_nano.a(lib_a-sccl.o)
 .ARM.attributes
                0x000006bc       0x2e c:/program files (x86)/atmel/studio/7.0/toolchain/arm/arm-gnu-toolchain/bin/../lib/gcc/arm-none-eabi/6.3.1/../../../../arm-none-eabi/lib/thumb/v7e-m\libc_nano.a(lib_a-strtol.o)
 .ARM.attributes
                0x000006ea       0x2e c:/program files (x86)/atmel/studio/7.0/toolchain/arm/arm-gnu-toolchain/bin/../lib/gcc/arm-none-eabi/6.3.1/../../../../arm-none-eabi/lib/thumb/v7e-m\libc_nano.a(lib_a-strtoul.o)
 .ARM.attributes
                0x00000718       0x2e c:/program files (x86)/atmel/studio/7.0/toolchain/arm/arm-gnu-toolchain/bin/../lib/gcc/arm-none-eabi/6.3.1/../../../../arm-none-eabi/lib/thumb/v7e-m\libc_nano.a(lib_a-ungetc.o)
 .ARM.attributes
                0x00000746       0x2e c:/program files (x86)/atmel/studio/7.0/toolchain/arm/arm-gnu-toolchain/bin/../lib/gcc/arm-none-eabi/6.3.1/../../../../arm-none-eabi/lib/thumb/v7e-m\libc_nano.a(lib_a-locale.o)
 .ARM.attributes
                0x00000774       0x2e c:/program files (x86)/atmel/studio/7.0/toolchain/arm/arm-gnu-toolchain/bin/../lib/gcc/arm-none-eabi/6.3.1/../../../../arm-none-eabi/lib/thumb/v7e-m\libc_nano.a(lib_a-mbtowc_r.o)
 .ARM.attributes
                0x000007a2       0x1c c:/program files (x86)/atmel/studio/7.0/toolchain/arm/arm-gnu-toolchain/bin/../lib/gcc/arm-none-eabi/6.3.1/../../../../arm-none-eabi/lib/thumb/v7e-m\libc_nano.a(lib_a-memchr.o)
 .ARM.attributes
                0x000007be       0x2e c:/program files (x86)/atmel/studio/7.0/toolchain/arm/arm-gnu-toolchain/bin/../lib/gcc/arm-none-eabi/6.3.1/../../../../arm-none-eabi/lib/thumb/v7e-m\libc_nano.a(lib_a-memcpy-stub.o)
 .ARM.attributes
                0x000007ec       0x2e c:/program files (x86)/atmel/studio/7.0/toolchain/arm/arm-gnu-toolchain/bin/../lib/gcc/arm-none-eabi/6.3.1/../../../../arm-none-eabi/lib/thumb/v7e-m\libc_nano.a(lib_a-memmove.o)
 .ARM.attributes
                0x0000081a       0x2e c:/program files (x86)/atmel/studio/7.0/toolchain/arm/arm-gnu-toolchain/bin/../lib/gcc/arm-none-eabi/6.3.1/../../../../arm-none-eabi/lib/thumb/v7e-m\libc_nano.a(lib_a-mlock.o)
 .ARM.attributes
                0x00000848       0x2e c:/program files (x86)/atmel/studio/7.0/toolchain/arm/arm-gnu-toolchain/bin/../lib/gcc/arm-none-eabi/6.3.1/../../../../arm-none-eabi/lib/thumb/v7e-m\libc_nano.a(lib_a-nano-freer.o)
 .ARM.attributes
                0x00000876       0x2e c:/program files (x86)/atmel/studio/7.0/toolchain/arm/arm-gnu-toolchain/bin/../lib/gcc/arm-none-eabi/6.3.1/../../../../arm-none-eabi/lib/thumb/v7e-m\libc_nano.a(lib_a-nano-reallocr.o)
 .ARM.attributes
                0x000008a4       0x2e c:/program files (x86)/atmel/studio/7.0/toolchain/arm/arm-gnu-toolchain/bin/../lib/gcc/arm-none-eabi/6.3.1/../../../../arm-none-eabi/lib/thumb/v7e-m\libc_nano.a(lib_a-wctomb_r.o)
 .ARM.attributes
                0x000008d2       0x2e c:/program files (x86)/atmel/studio/7.0/toolchain/arm/arm-gnu-toolchain/bin/../lib/gcc/arm-none-eabi/6.3.1/../../../../arm-none-eabi/lib/thumb/v7e-m\libc_nano.a(lib_a-ctype_.o)
 .ARM.attributes
                0x00000900       0x2e c:/program files (x86)/atmel/studio/7.0/toolchain/arm/arm-gnu-toolchain/bin/../lib/gcc/arm-none-eabi/6.3.1/../../../../arm-none-eabi/lib/thumb/v7e-m\libc_nano.a(lib_a-nano-msizer.o)
 .ARM.attributes
                0x0000092e       0x1e c:/program files (x86)/atmel/studio/7.0/toolchain/arm/arm-gnu-toolchain/bin/../lib/gcc/arm-none-eabi/6.3.1/thumb/v7e-m/crtn.o

.comment        0x00000000       0x59
 .comment       0x00000000       0x59 atmel_start.o
                                 0x5a (size before relaxing)
 .comment       0x00000059       0x5a Device_Startup/startup_samv71q21b.o
 .comment       0x00000059       0x5a driver_init.o
 .comment       0x00000059       0x5a edbg_uart_example.o
 .comment       0x00000059       0x5a hal/src/hal_atomic.o
 .comment       0x00000059       0x5a hal/src/hal_ext_irq.o
 .comment       0x00000059       0x5a hal/src/hal_io.o
 .comment       0x00000059       0x5a hal/src/hal_spi_m_sync.o
 .comment       0x00000059       0x5a hal/src/hal_usart_async.o
 .comment       0x00000059       0x5a hal/utils/src/utils_assert.o
 .comment       0x00000059       0x5a hal/utils/src/utils_ringbuffer.o
 .comment       0x00000059       0x5a hal/utils/src/utils_syscalls.o
 .comment       0x00000059       0x5a hpl/core/hpl_init.o
 .comment       0x00000059       0x5a hpl/pio/hpl_pio_ext.o
 .comment       0x00000059       0x5a hpl/pmc/hpl_pmc.o
 .comment       0x00000059       0x5a hpl/spi/hpl_spi.o
 .comment       0x00000059       0x5a hpl/usart/hpl_usart.o

.debug_info     0x00000000    0x11f9b
 .debug_info    0x00000000      0x48c atmel_start.o
 .debug_info    0x0000048c      0xb34 Device_Startup/startup_samv71q21b.o
 .debug_info    0x00000fc0     0x2bee driver_init.o
 .debug_info    0x00003bae     0x249d edbg_uart_example.o
 .debug_info    0x0000604b      0x1fa hal/src/hal_atomic.o
 .debug_info    0x00006245      0x38a hal/src/hal_ext_irq.o
 .debug_info    0x000065cf      0x311 hal/src/hal_io.o
 .debug_info    0x000068e0      0xa9e hal/src/hal_spi_m_sync.o
 .debug_info    0x0000737e     0x1393 hal/src/hal_usart_async.o
 .debug_info    0x00008711      0x130 hal/utils/src/utils_assert.o
 .debug_info    0x00008841      0x342 hal/utils/src/utils_ringbuffer.o
 .debug_info    0x00008b83      0xdca hal/utils/src/utils_syscalls.o
 .debug_info    0x0000994d      0x6be hpl/core/hpl_init.o
 .debug_info    0x0000a00b     0x1264 hpl/pio/hpl_pio_ext.o
 .debug_info    0x0000b26f      0x894 hpl/pmc/hpl_pmc.o
 .debug_info    0x0000bb03     0x2ec9 hpl/spi/hpl_spi.o
 .debug_info    0x0000e9cc     0x35cf hpl/usart/hpl_usart.o

.debug_abbrev   0x00000000     0x25af
 .debug_abbrev  0x00000000      0x104 atmel_start.o
 .debug_abbrev  0x00000104      0x153 Device_Startup/startup_samv71q21b.o
 .debug_abbrev  0x00000257      0x30d driver_init.o
 .debug_abbrev  0x00000564      0x3f9 edbg_uart_example.o
 .debug_abbrev  0x0000095d      0x155 hal/src/hal_atomic.o
 .debug_abbrev  0x00000ab2      0x191 hal/src/hal_ext_irq.o
 .debug_abbrev  0x00000c43      0x12d hal/src/hal_io.o
 .debug_abbrev  0x00000d70      0x1c9 hal/src/hal_spi_m_sync.o
 .debug_abbrev  0x00000f39      0x2a1 hal/src/hal_usart_async.o
 .debug_abbrev  0x000011da       0x9e hal/utils/src/utils_assert.o
 .debug_abbrev  0x00001278      0x10c hal/utils/src/utils_ringbuffer.o
 .debug_abbrev  0x00001384      0x269 hal/utils/src/utils_syscalls.o
 .debug_abbrev  0x000015ed      0x1e7 hpl/core/hpl_init.o
 .debug_abbrev  0x000017d4      0x360 hpl/pio/hpl_pio_ext.o
 .debug_abbrev  0x00001b34      0x1b7 hpl/pmc/hpl_pmc.o
 .debug_abbrev  0x00001ceb      0x458 hpl/spi/hpl_spi.o
 .debug_abbrev  0x00002143      0x46c hpl/usart/hpl_usart.o

.debug_loc      0x00000000     0x7a26
 .debug_loc     0x00000000       0x20 atmel_start.o
 .debug_loc     0x00000020       0x78 Device_Startup/startup_samv71q21b.o
 .debug_loc     0x00000098      0x9fe driver_init.o
 .debug_loc     0x00000a96      0x71f edbg_uart_example.o
 .debug_loc     0x000011b5       0x13 hal/src/hal_atomic.o
 .debug_loc     0x000011c8      0x34b hal/src/hal_ext_irq.o
 .debug_loc     0x00001513      0x132 hal/src/hal_io.o
 .debug_loc     0x00001645      0x6a5 hal/src/hal_spi_m_sync.o
 .debug_loc     0x00001cea      0xd9a hal/src/hal_usart_async.o
 .debug_loc     0x00002a84      0x278 hal/utils/src/utils_ringbuffer.o
 .debug_loc     0x00002cfc      0x13b hal/utils/src/utils_syscalls.o
 .debug_loc     0x00002e37       0x77 hpl/core/hpl_init.o
 .debug_loc     0x00002eae      0x5dd hpl/pio/hpl_pio_ext.o
 .debug_loc     0x0000348b      0x204 hpl/pmc/hpl_pmc.o
 .debug_loc     0x0000368f     0x227a hpl/spi/hpl_spi.o
 .debug_loc     0x00005909     0x211d hpl/usart/hpl_usart.o

.debug_aranges  0x00000000      0x8c0
 .debug_aranges
                0x00000000       0x20 atmel_start.o
 .debug_aranges
                0x00000020       0x28 Device_Startup/startup_samv71q21b.o
 .debug_aranges
                0x00000048       0x60 driver_init.o
 .debug_aranges
                0x000000a8       0x80 edbg_uart_example.o
 .debug_aranges
                0x00000128       0x30 hal/src/hal_atomic.o
 .debug_aranges
                0x00000158       0x50 hal/src/hal_ext_irq.o
 .debug_aranges
                0x000001a8       0x30 hal/src/hal_io.o
 .debug_aranges
                0x000001d8       0x88 hal/src/hal_spi_m_sync.o
 .debug_aranges
                0x00000260       0xe0 hal/src/hal_usart_async.o
 .debug_aranges
                0x00000340       0x20 hal/utils/src/utils_assert.o
 .debug_aranges
                0x00000360       0x40 hal/utils/src/utils_ringbuffer.o
 .debug_aranges
                0x000003a0       0x60 hal/utils/src/utils_syscalls.o
 .debug_aranges
                0x00000400       0x20 hpl/core/hpl_init.o
 .debug_aranges
                0x00000420       0x60 hpl/pio/hpl_pio_ext.o
 .debug_aranges
                0x00000480       0x30 hpl/pmc/hpl_pmc.o
 .debug_aranges
                0x000004b0      0x230 hpl/spi/hpl_spi.o
 .debug_aranges
                0x000006e0      0x1e0 hpl/usart/hpl_usart.o

.debug_ranges   0x00000000      0x810
 .debug_ranges  0x00000000       0x10 atmel_start.o
 .debug_ranges  0x00000010       0x18 Device_Startup/startup_samv71q21b.o
 .debug_ranges  0x00000028       0x50 driver_init.o
 .debug_ranges  0x00000078       0x70 edbg_uart_example.o
 .debug_ranges  0x000000e8       0x20 hal/src/hal_atomic.o
 .debug_ranges  0x00000108       0x40 hal/src/hal_ext_irq.o
 .debug_ranges  0x00000148       0x20 hal/src/hal_io.o
 .debug_ranges  0x00000168       0x78 hal/src/hal_spi_m_sync.o
 .debug_ranges  0x000001e0       0xd0 hal/src/hal_usart_async.o
 .debug_ranges  0x000002b0       0x10 hal/utils/src/utils_assert.o
 .debug_ranges  0x000002c0       0x30 hal/utils/src/utils_ringbuffer.o
 .debug_ranges  0x000002f0       0x50 hal/utils/src/utils_syscalls.o
 .debug_ranges  0x00000340       0x10 hpl/core/hpl_init.o
 .debug_ranges  0x00000350       0x50 hpl/pio/hpl_pio_ext.o
 .debug_ranges  0x000003a0       0x20 hpl/pmc/hpl_pmc.o
 .debug_ranges  0x000003c0      0x280 hpl/spi/hpl_spi.o
 .debug_ranges  0x00000640      0x1d0 hpl/usart/hpl_usart.o

.debug_macro    0x00000000    0x3d9db
 .debug_macro   0x00000000      0x7ab atmel_start.o
 .debug_macro   0x000007ab      0x8b0 atmel_start.o
 .debug_macro   0x0000105b      0x16d atmel_start.o
 .debug_macro   0x000011c8       0x22 atmel_start.o
 .debug_macro   0x000011ea       0x87 atmel_start.o
 .debug_macro   0x00001271       0x51 atmel_start.o
 .debug_macro   0x000012c2       0xef atmel_start.o
 .debug_macro   0x000013b1       0x6a atmel_start.o
 .debug_macro   0x0000141b      0x1df atmel_start.o
 .debug_macro   0x000015fa       0x22 atmel_start.o
 .debug_macro   0x0000161c       0xd7 atmel_start.o
 .debug_macro   0x000016f3       0x1c atmel_start.o
 .debug_macro   0x0000170f       0x22 atmel_start.o
 .debug_macro   0x00001731       0xdf atmel_start.o
 .debug_macro   0x00001810     0x12cd atmel_start.o
 .debug_macro   0x00002add      0x11f atmel_start.o
 .debug_macro   0x00002bfc       0x19 atmel_start.o
 .debug_macro   0x00002c15      0x3e2 atmel_start.o
 .debug_macro   0x00002ff7      0x5a9 atmel_start.o
 .debug_macro   0x000035a0     0x1797 atmel_start.o
 .debug_macro   0x00004d37      0x3bb atmel_start.o
 .debug_macro   0x000050f2      0x830 atmel_start.o
 .debug_macro   0x00005922      0x316 atmel_start.o
 .debug_macro   0x00005c38     0x269d atmel_start.o
 .debug_macro   0x000082d5       0x40 atmel_start.o
 .debug_macro   0x00008315     0x105e atmel_start.o
 .debug_macro   0x00009373      0x60b atmel_start.o
 .debug_macro   0x0000997e      0x555 atmel_start.o
 .debug_macro   0x00009ed3      0xb8f atmel_start.o
 .debug_macro   0x0000aa62      0x62e atmel_start.o
 .debug_macro   0x0000b090     0x3ac9 atmel_start.o
 .debug_macro   0x0000eb59      0x6bf atmel_start.o
 .debug_macro   0x0000f218     0x83ff atmel_start.o
 .debug_macro   0x00017617     0x326e atmel_start.o
 .debug_macro   0x0001a885     0x24d0 atmel_start.o
 .debug_macro   0x0001cd55      0x87f atmel_start.o
 .debug_macro   0x0001d5d4      0x17d atmel_start.o
 .debug_macro   0x0001d751      0x118 atmel_start.o
 .debug_macro   0x0001d869      0x909 atmel_start.o
 .debug_macro   0x0001e172      0x125 atmel_start.o
 .debug_macro   0x0001e297      0x503 atmel_start.o
 .debug_macro   0x0001e79a      0x3e0 atmel_start.o
 .debug_macro   0x0001eb7a      0x709 atmel_start.o
 .debug_macro   0x0001f283      0xb64 atmel_start.o
 .debug_macro   0x0001fde7      0xf03 atmel_start.o
 .debug_macro   0x00020cea      0xff2 atmel_start.o
 .debug_macro   0x00021cdc      0x1a8 atmel_start.o
 .debug_macro   0x00021e84      0x124 atmel_start.o
 .debug_macro   0x00021fa8      0xbc2 atmel_start.o
 .debug_macro   0x00022b6a      0x5c5 atmel_start.o
 .debug_macro   0x0002312f     0x1afb atmel_start.o
 .debug_macro   0x00024c2a      0x664 atmel_start.o
 .debug_macro   0x0002528e     0x41a7 atmel_start.o
 .debug_macro   0x00029435      0x64f atmel_start.o
 .debug_macro   0x00029a84       0xc4 atmel_start.o
 .debug_macro   0x00029b48      0x12d atmel_start.o
 .debug_macro   0x00029c75     0x2a5f atmel_start.o
 .debug_macro   0x0002c6d4       0x7c atmel_start.o
 .debug_macro   0x0002c750      0x14e atmel_start.o
 .debug_macro   0x0002c89e       0xf4 atmel_start.o
 .debug_macro   0x0002c992       0xf4 atmel_start.o
 .debug_macro   0x0002ca86       0x16 atmel_start.o
 .debug_macro   0x0002ca9c       0x7c atmel_start.o
 .debug_macro   0x0002cb18       0x40 atmel_start.o
 .debug_macro   0x0002cb58      0x623 atmel_start.o
 .debug_macro   0x0002d17b       0x40 atmel_start.o
 .debug_macro   0x0002d1bb      0x7ce atmel_start.o
 .debug_macro   0x0002d989       0x6a atmel_start.o
 .debug_macro   0x0002d9f3       0x6a atmel_start.o
 .debug_macro   0x0002da5d       0x88 atmel_start.o
 .debug_macro   0x0002dae5       0xac atmel_start.o
 .debug_macro   0x0002db91      0x142 atmel_start.o
 .debug_macro   0x0002dcd3      0x138 atmel_start.o
 .debug_macro   0x0002de0b      0x138 atmel_start.o
 .debug_macro   0x0002df43       0xee atmel_start.o
 .debug_macro   0x0002e031      0x187 atmel_start.o
 .debug_macro   0x0002e1b8      0x180 atmel_start.o
 .debug_macro   0x0002e338      0x180 atmel_start.o
 .debug_macro   0x0002e4b8      0x180 atmel_start.o
 .debug_macro   0x0002e638      0x180 atmel_start.o
 .debug_macro   0x0002e7b8      0x121 atmel_start.o
 .debug_macro   0x0002e8d9      0x352 atmel_start.o
 .debug_macro   0x0002ec2b      0x352 atmel_start.o
 .debug_macro   0x0002ef7d       0x82 atmel_start.o
 .debug_macro   0x0002efff       0x22 atmel_start.o
 .debug_macro   0x0002f021       0x22 atmel_start.o
 .debug_macro   0x0002f043       0x58 atmel_start.o
 .debug_macro   0x0002f09b       0x28 atmel_start.o
 .debug_macro   0x0002f0c3       0x64 atmel_start.o
 .debug_macro   0x0002f127       0x94 atmel_start.o
 .debug_macro   0x0002f1bb       0x7c atmel_start.o
 .debug_macro   0x0002f237       0x7c atmel_start.o
 .debug_macro   0x0002f2b3       0x8e atmel_start.o
 .debug_macro   0x0002f341       0x34 atmel_start.o
 .debug_macro   0x0002f375      0x1a8 atmel_start.o
 .debug_macro   0x0002f51d      0x1a8 atmel_start.o
 .debug_macro   0x0002f6c5      0x1a8 atmel_start.o
 .debug_macro   0x0002f86d      0x1a8 atmel_start.o
 .debug_macro   0x0002fa15       0x3a atmel_start.o
 .debug_macro   0x0002fa4f       0x82 atmel_start.o
 .debug_macro   0x0002fad1       0x82 atmel_start.o
 .debug_macro   0x0002fb53       0x82 atmel_start.o
 .debug_macro   0x0002fbd5       0x70 atmel_start.o
 .debug_macro   0x0002fc45       0x70 atmel_start.o
 .debug_macro   0x0002fcb5       0x70 atmel_start.o
 .debug_macro   0x0002fd25       0x70 atmel_start.o
 .debug_macro   0x0002fd95       0x70 atmel_start.o
 .debug_macro   0x0002fe05       0xf4 atmel_start.o
 .debug_macro   0x0002fef9       0xf4 atmel_start.o
 .debug_macro   0x0002ffed       0xf4 atmel_start.o
 .debug_macro   0x000300e1      0x71f atmel_start.o
 .debug_macro   0x00030800       0x16 atmel_start.o
 .debug_macro   0x00030816       0x22 atmel_start.o
 .debug_macro   0x00030838      0x9bf atmel_start.o
 .debug_macro   0x000311f7      0x59f atmel_start.o
 .debug_macro   0x00031796     0x2879 atmel_start.o
 .debug_macro   0x0003400f      0x169 atmel_start.o
 .debug_macro   0x00034178       0x10 atmel_start.o
 .debug_macro   0x00034188       0x10 atmel_start.o
 .debug_macro   0x00034198       0x16 atmel_start.o
 .debug_macro   0x000341ae       0x16 atmel_start.o
 .debug_macro   0x000341c4       0x16 atmel_start.o
 .debug_macro   0x000341da       0x16 atmel_start.o
 .debug_macro   0x000341f0       0x16 atmel_start.o
 .debug_macro   0x00034206       0x16 atmel_start.o
 .debug_macro   0x0003421c       0x16 atmel_start.o
 .debug_macro   0x00034232       0x16 atmel_start.o
 .debug_macro   0x00034248       0x16 atmel_start.o
 .debug_macro   0x0003425e       0x16 atmel_start.o
 .debug_macro   0x00034274       0x16 atmel_start.o
 .debug_macro   0x0003428a       0x16 atmel_start.o
 .debug_macro   0x000342a0       0x16 atmel_start.o
 .debug_macro   0x000342b6       0x16 atmel_start.o
 .debug_macro   0x000342cc       0x16 atmel_start.o
 .debug_macro   0x000342e2       0x16 atmel_start.o
 .debug_macro   0x000342f8       0x16 atmel_start.o
 .debug_macro   0x0003430e       0x16 atmel_start.o
 .debug_macro   0x00034324       0x16 atmel_start.o
 .debug_macro   0x0003433a       0x16 atmel_start.o
 .debug_macro   0x00034350       0x16 atmel_start.o
 .debug_macro   0x00034366       0x16 atmel_start.o
 .debug_macro   0x0003437c       0x16 atmel_start.o
 .debug_macro   0x00034392       0x16 atmel_start.o
 .debug_macro   0x000343a8       0x16 atmel_start.o
 .debug_macro   0x000343be       0x16 atmel_start.o
 .debug_macro   0x000343d4       0x16 atmel_start.o
 .debug_macro   0x000343ea      0x27e atmel_start.o
 .debug_macro   0x00034668       0x16 atmel_start.o
 .debug_macro   0x0003467e       0x16 atmel_start.o
 .debug_macro   0x00034694       0x16 atmel_start.o
 .debug_macro   0x000346aa      0x373 atmel_start.o
 .debug_macro   0x00034a1d       0xa9 atmel_start.o
 .debug_macro   0x00034ac6       0x16 atmel_start.o
 .debug_macro   0x00034adc       0x16 atmel_start.o
 .debug_macro   0x00034af2       0x16 atmel_start.o
 .debug_macro   0x00034b08       0xca atmel_start.o
 .debug_macro   0x00034bd2       0x1c atmel_start.o
 .debug_macro   0x00034bee       0x16 atmel_start.o
 .debug_macro   0x00034c04       0x64 atmel_start.o
 .debug_macro   0x00034c68       0xc9 atmel_start.o
 .debug_macro   0x00034d31      0x49c Device_Startup/startup_samv71q21b.o
 .debug_macro   0x000351cd       0xd1 Device_Startup/startup_samv71q21b.o
 .debug_macro   0x0003529e      0x7eb driver_init.o
 .debug_macro   0x00035a89       0x10 driver_init.o
 .debug_macro   0x00035a99       0x4c driver_init.o
 .debug_macro   0x00035ae5      0x96e edbg_uart_example.o
 .debug_macro   0x00036453       0x58 edbg_uart_example.o
 .debug_macro   0x000364ab       0x35 edbg_uart_example.o
 .debug_macro   0x000364e0       0x9c edbg_uart_example.o
 .debug_macro   0x0003657c       0x58 edbg_uart_example.o
 .debug_macro   0x000365d4       0x1f edbg_uart_example.o
 .debug_macro   0x000365f3       0x43 edbg_uart_example.o
 .debug_macro   0x00036636       0x20 edbg_uart_example.o
 .debug_macro   0x00036656      0x187 edbg_uart_example.o
 .debug_macro   0x000367dd      0x34d edbg_uart_example.o
 .debug_macro   0x00036b2a       0x10 edbg_uart_example.o
 .debug_macro   0x00036b3a       0x35 edbg_uart_example.o
 .debug_macro   0x00036b6f       0x16 edbg_uart_example.o
 .debug_macro   0x00036b85       0x16 edbg_uart_example.o
 .debug_macro   0x00036b9b       0x29 edbg_uart_example.o
 .debug_macro   0x00036bc4       0x1c edbg_uart_example.o
 .debug_macro   0x00036be0       0x10 edbg_uart_example.o
 .debug_macro   0x00036bf0       0x10 edbg_uart_example.o
 .debug_macro   0x00036c00       0x1c edbg_uart_example.o
 .debug_macro   0x00036c1c       0x52 edbg_uart_example.o
 .debug_macro   0x00036c6e       0x40 edbg_uart_example.o
 .debug_macro   0x00036cae       0x10 edbg_uart_example.o
 .debug_macro   0x00036cbe       0x40 edbg_uart_example.o
 .debug_macro   0x00036cfe       0xd7 edbg_uart_example.o
 .debug_macro   0x00036dd5       0x16 edbg_uart_example.o
 .debug_macro   0x00036deb      0x18b edbg_uart_example.o
 .debug_macro   0x00036f76      0x669 hal/src/hal_atomic.o
 .debug_macro   0x000375df      0x685 hal/src/hal_ext_irq.o
 .debug_macro   0x00037c64      0x67e hal/src/hal_io.o
 .debug_macro   0x000382e2      0x6c6 hal/src/hal_spi_m_sync.o
 .debug_macro   0x000389a8      0x6cd hal/src/hal_usart_async.o
 .debug_macro   0x00039075      0x673 hal/utils/src/utils_assert.o
 .debug_macro   0x000396e8       0x10 hal/utils/src/utils_assert.o
 .debug_macro   0x000396f8      0x678 hal/utils/src/utils_ringbuffer.o
 .debug_macro   0x00039d70      0x1d6 hal/utils/src/utils_syscalls.o
 .debug_macro   0x00039f46       0x52 hal/utils/src/utils_syscalls.o
 .debug_macro   0x00039f98       0x8d hal/utils/src/utils_syscalls.o
 .debug_macro   0x0003a025       0x16 hal/utils/src/utils_syscalls.o
 .debug_macro   0x0003a03b       0x57 hal/utils/src/utils_syscalls.o
 .debug_macro   0x0003a092       0x97 hal/utils/src/utils_syscalls.o
 .debug_macro   0x0003a129      0x353 hal/utils/src/utils_syscalls.o
 .debug_macro   0x0003a47c       0xf6 hal/utils/src/utils_syscalls.o
 .debug_macro   0x0003a572       0x4c hal/utils/src/utils_syscalls.o
 .debug_macro   0x0003a5be       0x16 hal/utils/src/utils_syscalls.o
 .debug_macro   0x0003a5d4       0x10 hal/utils/src/utils_syscalls.o
 .debug_macro   0x0003a5e4       0x10 hal/utils/src/utils_syscalls.o
 .debug_macro   0x0003a5f4       0x35 hal/utils/src/utils_syscalls.o
 .debug_macro   0x0003a629      0x122 hal/utils/src/utils_syscalls.o
 .debug_macro   0x0003a74b      0x6e1 hpl/core/hpl_init.o
 .debug_macro   0x0003ae2c      0x324 hpl/core/hpl_init.o
 .debug_macro   0x0003b150      0x9df hpl/core/hpl_init.o
 .debug_macro   0x0003bb2f      0x6c9 hpl/pio/hpl_pio_ext.o
 .debug_macro   0x0003c1f8      0x1ee hpl/pio/hpl_pio_ext.o
 .debug_macro   0x0003c3e6      0x692 hpl/pmc/hpl_pmc.o
 .debug_macro   0x0003ca78      0x739 hpl/spi/hpl_spi.o
 .debug_macro   0x0003d1b1       0x64 hpl/spi/hpl_spi.o
 .debug_macro   0x0003d215       0x1c hpl/spi/hpl_spi.o
 .debug_macro   0x0003d231       0x22 hpl/spi/hpl_spi.o
 .debug_macro   0x0003d253       0x10 hpl/spi/hpl_spi.o
 .debug_macro   0x0003d263      0x6d9 hpl/usart/hpl_usart.o
 .debug_macro   0x0003d93c       0x9f hpl/usart/hpl_usart.o

.debug_line     0x00000000     0xebe7
 .debug_line    0x00000000      0xdec atmel_start.o
 .debug_line    0x00000dec      0x900 Device_Startup/startup_samv71q21b.o
 .debug_line    0x000016ec      0xff9 driver_init.o
 .debug_line    0x000026e5     0x1126 edbg_uart_example.o
 .debug_line    0x0000380b      0xc78 hal/src/hal_atomic.o
 .debug_line    0x00004483      0xd1f hal/src/hal_ext_irq.o
 .debug_line    0x000051a2      0xc70 hal/src/hal_io.o
 .debug_line    0x00005e12      0xda7 hal/src/hal_spi_m_sync.o
 .debug_line    0x00006bb9      0xf14 hal/src/hal_usart_async.o
 .debug_line    0x00007acd      0xc4d hal/utils/src/utils_assert.o
 .debug_line    0x0000871a      0xcd6 hal/utils/src/utils_ringbuffer.o
 .debug_line    0x000093f0      0x40a hal/utils/src/utils_syscalls.o
 .debug_line    0x000097fa      0xd33 hpl/core/hpl_init.o
 .debug_line    0x0000a52d      0xe20 hpl/pio/hpl_pio_ext.o
 .debug_line    0x0000b34d      0xd3e hpl/pmc/hpl_pmc.o
 .debug_line    0x0000c08b     0x1767 hpl/spi/hpl_spi.o
 .debug_line    0x0000d7f2     0x13f5 hpl/usart/hpl_usart.o

.debug_str      0x00000000   0x149812
 .debug_str     0x00000000   0x13a90a atmel_start.o
                             0x13b2fc (size before relaxing)
 .debug_str     0x0013a90a      0x7d1 Device_Startup/startup_samv71q21b.o
                             0x1353c9 (size before relaxing)
 .debug_str     0x0013b0db      0xd25 driver_init.o
                             0x13c083 (size before relaxing)
 .debug_str     0x0013be00     0x40d6 edbg_uart_example.o
                             0x13f814 (size before relaxing)
 .debug_str     0x0013fed6       0x9c hal/src/hal_atomic.o
                             0x13a799 (size before relaxing)
 .debug_str     0x0013ff72       0xc1 hal/src/hal_ext_irq.o
                             0x13a852 (size before relaxing)
 .debug_str     0x00140033       0x2a hal/src/hal_io.o
                             0x13a834 (size before relaxing)
 .debug_str     0x0014005d      0x2ba hal/src/hal_spi_m_sync.o
                             0x13b121 (size before relaxing)
 .debug_str     0x00140317      0x644 hal/src/hal_usart_async.o
                             0x13b69e (size before relaxing)
 .debug_str     0x0014095b       0x2a hal/utils/src/utils_assert.o
                             0x13a7a9 (size before relaxing)
 .debug_str     0x00140985       0x24 hal/utils/src/utils_ringbuffer.o
                             0x13a83d (size before relaxing)
 .debug_str     0x001409a9      0x773 hal/utils/src/utils_syscalls.o
                               0x73c8 (size before relaxing)
 .debug_str     0x0014111c     0x3091 hpl/core/hpl_init.o
                             0x13dbfb (size before relaxing)
 .debug_str     0x001441ad     0x3232 hpl/pio/hpl_pio_ext.o
                             0x13e22a (size before relaxing)
 .debug_str     0x001473df      0x1d6 hpl/pmc/hpl_pmc.o
                             0x13b82b (size before relaxing)
 .debug_str     0x001475b5     0x1013 hpl/spi/hpl_spi.o
                             0x13c63d (size before relaxing)
 .debug_str     0x001485c8     0x124a hpl/usart/hpl_usart.o
                             0x13cae2 (size before relaxing)

.debug_frame    0x00000000     0x2028
 .debug_frame   0x00000000       0x28 atmel_start.o
 .debug_frame   0x00000028       0x38 Device_Startup/startup_samv71q21b.o
 .debug_frame   0x00000060       0xc0 driver_init.o
 .debug_frame   0x00000120      0x174 edbg_uart_example.o
 .debug_frame   0x00000294       0x40 hal/src/hal_atomic.o
 .debug_frame   0x000002d4       0xc4 hal/src/hal_ext_irq.o
 .debug_frame   0x00000398       0x58 hal/src/hal_io.o
 .debug_frame   0x000003f0      0x194 hal/src/hal_spi_m_sync.o
 .debug_frame   0x00000584      0x2ac hal/src/hal_usart_async.o
 .debug_frame   0x00000830       0x20 hal/utils/src/utils_assert.o
 .debug_frame   0x00000850       0x94 hal/utils/src/utils_ringbuffer.o
 .debug_frame   0x000008e4       0xa8 hal/utils/src/utils_syscalls.o
 .debug_frame   0x0000098c       0x2c hpl/core/hpl_init.o
 .debug_frame   0x000009b8       0xfc hpl/pio/hpl_pio_ext.o
 .debug_frame   0x00000ab4       0x48 hpl/pmc/hpl_pmc.o
 .debug_frame   0x00000afc      0x668 hpl/spi/hpl_spi.o
 .debug_frame   0x00001164      0x5d4 hpl/usart/hpl_usart.o
 .debug_frame   0x00001738       0x2c c:/program files (x86)/atmel/studio/7.0/toolchain/arm/arm-gnu-toolchain/bin/../lib/gcc/arm-none-eabi/6.3.1/../../../../arm-none-eabi/lib/thumb/v7e-m\libc_nano.a(lib_a-init.o)
 .debug_frame   0x00001764       0x20 c:/program files (x86)/atmel/studio/7.0/toolchain/arm/arm-gnu-toolchain/bin/../lib/gcc/arm-none-eabi/6.3.1/../../../../arm-none-eabi/lib/thumb/v7e-m\libc_nano.a(lib_a-memset.o)
 .debug_frame   0x00001784       0x70 c:/program files (x86)/atmel/studio/7.0/toolchain/arm/arm-gnu-toolchain/bin/../lib/gcc/arm-none-eabi/6.3.1/../../../../arm-none-eabi/lib/thumb/v7e-m\libc_nano.a(lib_a-sprintf.o)
 .debug_frame   0x000017f4       0x80 c:/program files (x86)/atmel/studio/7.0/toolchain/arm/arm-gnu-toolchain/bin/../lib/gcc/arm-none-eabi/6.3.1/../../../../arm-none-eabi/lib/thumb/v7e-m\libc_nano.a(lib_a-sscanf.o)
 .debug_frame   0x00001874       0x88 c:/program files (x86)/atmel/studio/7.0/toolchain/arm/arm-gnu-toolchain/bin/../lib/gcc/arm-none-eabi/6.3.1/../../../../arm-none-eabi/lib/thumb/v7e-m\libc_nano.a(lib_a-stdio.o)
 .debug_frame   0x000018fc      0x11c c:/program files (x86)/atmel/studio/7.0/toolchain/arm/arm-gnu-toolchain/bin/../lib/gcc/arm-none-eabi/6.3.1/../../../../arm-none-eabi/lib/thumb/v7e-m\libc_nano.a(lib_a-findfp.o)
 .debug_frame   0x00001a18       0x2c c:/program files (x86)/atmel/studio/7.0/toolchain/arm/arm-gnu-toolchain/bin/../lib/gcc/arm-none-eabi/6.3.1/../../../../arm-none-eabi/lib/thumb/v7e-m\libc_nano.a(lib_a-nano-mallocr.o)
 .debug_frame   0x00001a44       0x90 c:/program files (x86)/atmel/studio/7.0/toolchain/arm/arm-gnu-toolchain/bin/../lib/gcc/arm-none-eabi/6.3.1/../../../../arm-none-eabi/lib/thumb/v7e-m\libc_nano.a(lib_a-nano-svfprintf.o)
 .debug_frame   0x00001ad4       0x78 c:/program files (x86)/atmel/studio/7.0/toolchain/arm/arm-gnu-toolchain/bin/../lib/gcc/arm-none-eabi/6.3.1/../../../../arm-none-eabi/lib/thumb/v7e-m\libc_nano.a(lib_a-nano-svfscanf.o)
 .debug_frame   0x00001b4c       0x60 c:/program files (x86)/atmel/studio/7.0/toolchain/arm/arm-gnu-toolchain/bin/../lib/gcc/arm-none-eabi/6.3.1/../../../../arm-none-eabi/lib/thumb/v7e-m\libc_nano.a(lib_a-nano-vfprintf_i.o)
 .debug_frame   0x00001bac       0x60 c:/program files (x86)/atmel/studio/7.0/toolchain/arm/arm-gnu-toolchain/bin/../lib/gcc/arm-none-eabi/6.3.1/../../../../arm-none-eabi/lib/thumb/v7e-m\libc_nano.a(lib_a-nano-vfscanf_i.o)
 .debug_frame   0x00001c0c       0x5c c:/program files (x86)/atmel/studio/7.0/toolchain/arm/arm-gnu-toolchain/bin/../lib/gcc/arm-none-eabi/6.3.1/../../../../arm-none-eabi/lib/thumb/v7e-m\libc_nano.a(lib_a-reent.o)
 .debug_frame   0x00001c68       0x2c c:/program files (x86)/atmel/studio/7.0/toolchain/arm/arm-gnu-toolchain/bin/../lib/gcc/arm-none-eabi/6.3.1/../../../../arm-none-eabi/lib/thumb/v7e-m\libc_nano.a(lib_a-sbrkr.o)
 .debug_frame   0x00001c94       0x2c c:/program files (x86)/atmel/studio/7.0/toolchain/arm/arm-gnu-toolchain/bin/../lib/gcc/arm-none-eabi/6.3.1/../../../../arm-none-eabi/lib/thumb/v7e-m\libc_nano.a(lib_a-sccl.o)
 .debug_frame   0x00001cc0       0x88 c:/program files (x86)/atmel/studio/7.0/toolchain/arm/arm-gnu-toolchain/bin/../lib/gcc/arm-none-eabi/6.3.1/../../../../arm-none-eabi/lib/thumb/v7e-m\libc_nano.a(lib_a-strtol.o)
 .debug_frame   0x00001d48       0x84 c:/program files (x86)/atmel/studio/7.0/toolchain/arm/arm-gnu-toolchain/bin/../lib/gcc/arm-none-eabi/6.3.1/../../../../arm-none-eabi/lib/thumb/v7e-m\libc_nano.a(lib_a-strtoul.o)
 .debug_frame   0x00001dcc       0x5c c:/program files (x86)/atmel/studio/7.0/toolchain/arm/arm-gnu-toolchain/bin/../lib/gcc/arm-none-eabi/6.3.1/../../../../arm-none-eabi/lib/thumb/v7e-m\libc_nano.a(lib_a-ungetc.o)
 .debug_frame   0x00001e28       0x68 c:/program files (x86)/atmel/studio/7.0/toolchain/arm/arm-gnu-toolchain/bin/../lib/gcc/arm-none-eabi/6.3.1/../../../../arm-none-eabi/lib/thumb/v7e-m\libc_nano.a(lib_a-locale.o)
 .debug_frame   0x00001e90       0x48 c:/program files (x86)/atmel/studio/7.0/toolchain/arm/arm-gnu-toolchain/bin/../lib/gcc/arm-none-eabi/6.3.1/../../../../arm-none-eabi/lib/thumb/v7e-m\libc_nano.a(lib_a-mbtowc_r.o)
 .debug_frame   0x00001ed8       0x28 c:/program files (x86)/atmel/studio/7.0/toolchain/arm/arm-gnu-toolchain/bin/../lib/gcc/arm-none-eabi/6.3.1/../../../../arm-none-eabi/lib/thumb/v7e-m\libc_nano.a(lib_a-memcpy-stub.o)
 .debug_frame   0x00001f00       0x28 c:/program files (x86)/atmel/studio/7.0/toolchain/arm/arm-gnu-toolchain/bin/../lib/gcc/arm-none-eabi/6.3.1/../../../../arm-none-eabi/lib/thumb/v7e-m\libc_nano.a(lib_a-memmove.o)
 .debug_frame   0x00001f28       0x30 c:/program files (x86)/atmel/studio/7.0/toolchain/arm/arm-gnu-toolchain/bin/../lib/gcc/arm-none-eabi/6.3.1/../../../../arm-none-eabi/lib/thumb/v7e-m\libc_nano.a(lib_a-mlock.o)
 .debug_frame   0x00001f58       0x38 c:/program files (x86)/atmel/studio/7.0/toolchain/arm/arm-gnu-toolchain/bin/../lib/gcc/arm-none-eabi/6.3.1/../../../../arm-none-eabi/lib/thumb/v7e-m\libc_nano.a(lib_a-nano-freer.o)
 .debug_frame   0x00001f90       0x3c c:/program files (x86)/atmel/studio/7.0/toolchain/arm/arm-gnu-toolchain/bin/../lib/gcc/arm-none-eabi/6.3.1/../../../../arm-none-eabi/lib/thumb/v7e-m\libc_nano.a(lib_a-nano-reallocr.o)
 .debug_frame   0x00001fcc       0x3c c:/program files (x86)/atmel/studio/7.0/toolchain/arm/arm-gnu-toolchain/bin/../lib/gcc/arm-none-eabi/6.3.1/../../../../arm-none-eabi/lib/thumb/v7e-m\libc_nano.a(lib_a-wctomb_r.o)
 .debug_frame   0x00002008       0x20 c:/program files (x86)/atmel/studio/7.0/toolchain/arm/arm-gnu-toolchain/bin/../lib/gcc/arm-none-eabi/6.3.1/../../../../arm-none-eabi/lib/thumb/v7e-m\libc_nano.a(lib_a-nano-msizer.o)
